/nxp/00-imx/imx8ulp/sdk/2.14.0/middleware/multicore/rpmsg_lite/lib/include/rpmsg_default_config.h:175:20:RL_HANG	4	static
/nxp/00-imx/imx8ulp/sdk/2.14.0/CMSIS/Core/Include/./core_cm33.h:2378:22:__NVIC_EnableIRQ	16	static
/nxp/00-imx/imx8ulp/sdk/2.14.0/CMSIS/Core/Include/./core_cm33.h:2416:22:__NVIC_DisableIRQ	16	static
/nxp/00-imx/imx8ulp/sdk/2.14.0/CMSIS/Core/Include/./core_cm33.h:2575:22:__NVIC_SetPriority	16	static
/nxp/00-imx/imx8ulp/sdk/2.14.0/devices/MIMX8UD7/drivers/./fsl_mu.h:278:24:MU_ReceiveMsgNonBlocking	16	static
/nxp/00-imx/imx8ulp/sdk/2.14.0/devices/MIMX8UD7/drivers/./fsl_mu.h:470:20:MU_EnableInterrupts	24	static
/nxp/00-imx/imx8ulp/sdk/2.14.0/devices/MIMX8UD7/drivers/./fsl_mu.h:522:20:MU_DisableInterrupts	24	static
/nxp/00-imx/imx8ulp/sdk/2.14.0/middleware/multicore/rpmsg_lite/lib/rpmsg_lite/porting/platform/imx8ulp_m33/rpmsg_platform.c:45:13:platform_global_isr_disable	4	static
/nxp/00-imx/imx8ulp/sdk/2.14.0/middleware/multicore/rpmsg_lite/lib/rpmsg_lite/porting/platform/imx8ulp_m33/rpmsg_platform.c:50:13:platform_global_isr_enable	4	static
/nxp/00-imx/imx8ulp/sdk/2.14.0/middleware/multicore/rpmsg_lite/lib/rpmsg_lite/porting/platform/imx8ulp_m33/rpmsg_platform.c:55:9:platform_init_interrupt	16	static
/nxp/00-imx/imx8ulp/sdk/2.14.0/middleware/multicore/rpmsg_lite/lib/rpmsg_lite/porting/platform/imx8ulp_m33/rpmsg_platform.c:99:9:platform_deinit_interrupt	16	static
/nxp/00-imx/imx8ulp/sdk/2.14.0/middleware/multicore/rpmsg_lite/lib/rpmsg_lite/porting/platform/imx8ulp_m33/rpmsg_platform.c:143:6:platform_notify	24	static
/nxp/00-imx/imx8ulp/sdk/2.14.0/middleware/multicore/rpmsg_lite/lib/rpmsg_lite/porting/platform/imx8ulp_m33/rpmsg_platform.c:171:9:RPMsg_MU0_A_IRQHandler	16	static
/nxp/00-imx/imx8ulp/sdk/2.14.0/middleware/multicore/rpmsg_lite/lib/rpmsg_lite/porting/platform/imx8ulp_m33/rpmsg_platform.c:184:9:MU1_A_IRQHandler	16	static
/nxp/00-imx/imx8ulp/sdk/2.14.0/middleware/multicore/rpmsg_lite/lib/rpmsg_lite/porting/platform/imx8ulp_m33/rpmsg_platform.c:197:9:MU2_A_IRQHandler	16	static
/nxp/00-imx/imx8ulp/sdk/2.14.0/middleware/multicore/rpmsg_lite/lib/rpmsg_lite/porting/platform/imx8ulp_m33/rpmsg_platform.c:217:6:platform_time_delay	24	static
/nxp/00-imx/imx8ulp/sdk/2.14.0/middleware/multicore/rpmsg_lite/lib/rpmsg_lite/porting/platform/imx8ulp_m33/rpmsg_platform.c:243:9:platform_in_isr	4	static
/nxp/00-imx/imx8ulp/sdk/2.14.0/middleware/multicore/rpmsg_lite/lib/rpmsg_lite/porting/platform/imx8ulp_m33/rpmsg_platform.c:258:9:platform_interrupt_enable	16	static
/nxp/00-imx/imx8ulp/sdk/2.14.0/middleware/multicore/rpmsg_lite/lib/rpmsg_lite/porting/platform/imx8ulp_m33/rpmsg_platform.c:305:9:platform_interrupt_disable	16	static
/nxp/00-imx/imx8ulp/sdk/2.14.0/middleware/multicore/rpmsg_lite/lib/rpmsg_lite/porting/platform/imx8ulp_m33/rpmsg_platform.c:350:6:platform_map_mem_region	24	static
/nxp/00-imx/imx8ulp/sdk/2.14.0/middleware/multicore/rpmsg_lite/lib/rpmsg_lite/porting/platform/imx8ulp_m33/rpmsg_platform.c:360:6:platform_cache_all_flush_invalidate	4	static
/nxp/00-imx/imx8ulp/sdk/2.14.0/middleware/multicore/rpmsg_lite/lib/rpmsg_lite/porting/platform/imx8ulp_m33/rpmsg_platform.c:370:6:platform_cache_disable	4	static
/nxp/00-imx/imx8ulp/sdk/2.14.0/middleware/multicore/rpmsg_lite/lib/rpmsg_lite/porting/platform/imx8ulp_m33/rpmsg_platform.c:380:11:platform_vatopa	16	static
/nxp/00-imx/imx8ulp/sdk/2.14.0/middleware/multicore/rpmsg_lite/lib/rpmsg_lite/porting/platform/imx8ulp_m33/rpmsg_platform.c:391:7:platform_patova	16	static
/nxp/00-imx/imx8ulp/sdk/2.14.0/middleware/multicore/rpmsg_lite/lib/rpmsg_lite/porting/platform/imx8ulp_m33/rpmsg_platform.c:409:9:platform_get_custom_shmem_config	16	static
/nxp/00-imx/imx8ulp/sdk/2.14.0/middleware/multicore/rpmsg_lite/lib/rpmsg_lite/porting/platform/imx8ulp_m33/rpmsg_platform.c:445:9:platform_init	8	static
/nxp/00-imx/imx8ulp/sdk/2.14.0/middleware/multicore/rpmsg_lite/lib/rpmsg_lite/porting/platform/imx8ulp_m33/rpmsg_platform.c:481:9:platform_deinit	8	static
