/nxp/00-imx/imx8ulp/sdk/2.14.0/CMSIS/Core/Include/./core_cm33.h:2378:22:__NVIC_EnableIRQ	16	static
/nxp/00-imx/imx8ulp/sdk/2.14.0/CMSIS/Core/Include/./core_cm33.h:2416:22:__NVIC_DisableIRQ	16	static
/nxp/00-imx/imx8ulp/sdk/2.14.0/CMSIS/Core/Include/./core_cm33.h:2469:22:__NVIC_ClearPendingIRQ	16	static
/nxp/00-imx/imx8ulp/sdk/2.14.0/CMSIS/Core/Include/./core_cm33.h:2575:22:__NVIC_SetPriority	16	static
/nxp/00-imx/imx8ulp/sdk/2.14.0/devices/MIMX8UD7/drivers/./fsl_common_arm.h:514:24:EnableIRQ	24	static
/nxp/00-imx/imx8ulp/sdk/2.14.0/devices/MIMX8UD7/drivers/./fsl_common_arm.h:558:24:DisableIRQ	24	static
/nxp/00-imx/imx8ulp/sdk/2.14.0/devices/MIMX8UD7/drivers/./fsl_edma.h:568:20:EDMA_SetChannelMux	24	static
/nxp/00-imx/imx8ulp/sdk/2.14.0/devices/MIMX8UD7/drivers/./fsl_rgpio.h:172:20:RGPIO_PinWrite	24	static
/nxp/00-imx/imx8ulp/sdk/2.14.0/devices/MIMX8UD7/drivers/./fsl_rgpio.h:269:24:RGPIO_PinRead	16	static
/nxp/00-imx/imx8ulp/sdk/2.14.0/devices/MIMX8UD7/drivers/./fsl_rgpio.h:372:20:RGPIO_SetPinInterruptConfig	24	static
/nxp/00-imx/imx8ulp/sdk/2.14.0/devices/MIMX8UD7/drivers/./fsl_rgpio.h:421:24:RGPIO_GetPinsInterruptFlags	16	static
/nxp/00-imx/imx8ulp/sdk/2.14.0/devices/MIMX8UD7/drivers/./fsl_rgpio.h:433:20:RGPIO_ClearPinsInterruptFlags	24	static
/nxp/00-imx/imx8ulp/sdk/2.14.0/devices/MIMX8UD7/drivers/./fsl_mu.h:371:24:MU_GetCoreStatusFlags	16	static
/nxp/00-imx/imx8ulp/sdk/2.14.0/devices/MIMX8UD7/drivers/./fsl_mu.h:429:20:MU_ClearStatusFlags	24	static
/nxp/00-imx/imx8ulp/sdk/2.14.0/devices/MIMX8UD7/drivers/./fsl_mu.h:470:20:MU_EnableInterrupts	24	static
/nxp/00-imx/imx8ulp/sdk/2.14.0/devices/MIMX8UD7/drivers/./fsl_mu.h:522:20:MU_DisableInterrupts	24	static
/nxp/00-imx/imx8ulp/sdk/2.14.0/devices/MIMX8UD7/drivers/./fsl_iomuxc.h:1694:20:IOMUXC_SetPinConfig	24	static
/nxp/00-imx/imx8ulp/sdk/2.14.0/devices/MIMX8UD7/drivers/./fsl_bbnsm.h:235:20:BBNSM_ClearStatusFlags	16	static
/nxp/00-imx/imx8ulp/sdk/vs/evkmimx8ulp_power_mode_switch/app_srtm.c:310:6:MU0_MUA_Save	8	static
/nxp/00-imx/imx8ulp/sdk/vs/evkmimx8ulp_power_mode_switch/app_srtm.c:318:6:MU0_MUA_Restore	8	static
/nxp/00-imx/imx8ulp/sdk/vs/evkmimx8ulp_power_mode_switch/app_srtm.c:333:6:rtdCtxSave	8	static
/nxp/00-imx/imx8ulp/sdk/vs/evkmimx8ulp_power_mode_switch/app_srtm.c:339:6:rtdCtxRestore	8	static
/nxp/00-imx/imx8ulp/sdk/vs/evkmimx8ulp_power_mode_switch/app_srtm.c:344:16:APP_IO_GetWUUPin	24	static
/nxp/00-imx/imx8ulp/sdk/vs/evkmimx8ulp_power_mode_switch/app_srtm.c:359:16:APP_IO_GetIoIndex	24	static
/nxp/00-imx/imx8ulp/sdk/vs/evkmimx8ulp_power_mode_switch/app_srtm.c:374:16:APP_Keypad_GetInputIndex	24	static
/nxp/00-imx/imx8ulp/sdk/vs/evkmimx8ulp_power_mode_switch/app_srtm.c:389:24:APP_Keypad_GetIoEvent	16	static
/nxp/00-imx/imx8ulp/sdk/vs/evkmimx8ulp_power_mode_switch/app_srtm.c:405:6:APP_WakeupACore	8	static
/nxp/00-imx/imx8ulp/sdk/vs/evkmimx8ulp_power_mode_switch/app_srtm.c:464:13:APP_ResetSRTM	16	static
/nxp/00-imx/imx8ulp/sdk/vs/evkmimx8ulp_power_mode_switch/app_srtm.c:471:13:APP_SRTM_ControlCA35	32	static
/nxp/00-imx/imx8ulp/sdk/vs/evkmimx8ulp_power_mode_switch/app_srtm.c:513:13:APP_SRTM_SetLPAV	32	static
/nxp/00-imx/imx8ulp/sdk/vs/evkmimx8ulp_power_mode_switch/app_srtm.c:595:6:APP_RebootCA35	16	static
/nxp/00-imx/imx8ulp/sdk/vs/evkmimx8ulp_power_mode_switch/app_srtm.c:603:6:APP_SRTM_ShutdownCA35	16	static
/nxp/00-imx/imx8ulp/sdk/vs/evkmimx8ulp_power_mode_switch/app_srtm.c:612:6:WUU0_IRQHandler	8	static
/nxp/00-imx/imx8ulp/sdk/vs/evkmimx8ulp_power_mode_switch/app_srtm.c:621:13:sensorTiltWakeupEventTimer_Callback	24	static
/nxp/00-imx/imx8ulp/sdk/vs/evkmimx8ulp_power_mode_switch/app_srtm.c:630:13:APP_CheckSensorInterrupt	56	static
/nxp/00-imx/imx8ulp/sdk/vs/evkmimx8ulp_power_mode_switch/app_srtm.c:684:13:APP_CheckSensorInterruptCallback	8	static
/nxp/00-imx/imx8ulp/sdk/vs/evkmimx8ulp_power_mode_switch/app_srtm.c:694:13:APP_HandleGPIOHander	40	static
/nxp/00-imx/imx8ulp/sdk/vs/evkmimx8ulp_power_mode_switch/app_srtm.c:773:6:GPIOA_INT0_IRQHandler	8	static
/nxp/00-imx/imx8ulp/sdk/vs/evkmimx8ulp_power_mode_switch/app_srtm.c:783:6:GPIOA_INT1_IRQHandler	8	static
/nxp/00-imx/imx8ulp/sdk/vs/evkmimx8ulp_power_mode_switch/app_srtm.c:793:6:GPIOB_INT0_IRQHandler	8	static
/nxp/00-imx/imx8ulp/sdk/vs/evkmimx8ulp_power_mode_switch/app_srtm.c:803:6:GPIOB_INT1_IRQHandler	8	static
/nxp/00-imx/imx8ulp/sdk/vs/evkmimx8ulp_power_mode_switch/app_srtm.c:813:13:rtcAlarmEventTimer_Callback	40	static
/nxp/00-imx/imx8ulp/sdk/vs/evkmimx8ulp_power_mode_switch/app_srtm.c:831:6:BBNSM_IRQHandler	32	static
/nxp/00-imx/imx8ulp/sdk/vs/evkmimx8ulp_power_mode_switch/app_srtm.c:926:12:getPinFuncIdIndex	24	static
/nxp/00-imx/imx8ulp/sdk/vs/evkmimx8ulp_power_mode_switch/app_srtm.c:944:13:APP_IO_SetPinConfig	48	static
/nxp/00-imx/imx8ulp/sdk/vs/evkmimx8ulp_power_mode_switch/app_srtm.c:953:22:APP_IO_ConfOutput	24	static
/nxp/00-imx/imx8ulp/sdk/vs/evkmimx8ulp_power_mode_switch/app_srtm.c:967:22:APP_IO_SetOutput	32	static
/nxp/00-imx/imx8ulp/sdk/vs/evkmimx8ulp_power_mode_switch/app_srtm.c:981:22:APP_IO_GetInput	32	static
/nxp/00-imx/imx8ulp/sdk/vs/evkmimx8ulp_power_mode_switch/app_srtm.c:998:22:APP_IO_ConfInput	24	static
/nxp/00-imx/imx8ulp/sdk/vs/evkmimx8ulp_power_mode_switch/app_srtm.c:1066:22:APP_IO_ConfIEvent	32	static
/nxp/00-imx/imx8ulp/sdk/vs/evkmimx8ulp_power_mode_switch/app_srtm.c:1079:22:APP_IO_ConfKEvent	40	static
/nxp/00-imx/imx8ulp/sdk/vs/evkmimx8ulp_power_mode_switch/app_srtm.c:1092:13:APP_SRTM_DoWakeup	16	static
/nxp/00-imx/imx8ulp/sdk/vs/evkmimx8ulp_power_mode_switch/app_srtm.c:1097:13:APP_SRTM_DoWakeupCA35	24	static
/nxp/00-imx/imx8ulp/sdk/vs/evkmimx8ulp_power_mode_switch/app_srtm.c:1106:13:APP_SRTM_PollLinkup	40	static
/nxp/00-imx/imx8ulp/sdk/vs/evkmimx8ulp_power_mode_switch/app_srtm.c:1123:13:APP_RefreshS400WdgTimerCallback	32	static
/nxp/00-imx/imx8ulp/sdk/vs/evkmimx8ulp_power_mode_switch/app_srtm.c:1130:13:APP_RestoreRegValOfMuTimerCallback	32	static
/nxp/00-imx/imx8ulp/sdk/vs/evkmimx8ulp_power_mode_switch/app_srtm.c:1136:13:APP_LinkupTimerCallback	24	static
/nxp/00-imx/imx8ulp/sdk/vs/evkmimx8ulp_power_mode_switch/app_srtm.c:1146:13:APP_VolPlusTimerCallback	24	static
/nxp/00-imx/imx8ulp/sdk/vs/evkmimx8ulp_power_mode_switch/app_srtm.c:1167:13:APP_VolMinusTimerCallback	24	static
/nxp/00-imx/imx8ulp/sdk/vs/evkmimx8ulp_power_mode_switch/app_srtm.c:1188:13:APP_It6161IntPinTimerCallback	16	static
/nxp/00-imx/imx8ulp/sdk/vs/evkmimx8ulp_power_mode_switch/app_srtm.c:1197:13:APP_TouchIntPinTimerCallback	16	static
/nxp/00-imx/imx8ulp/sdk/vs/evkmimx8ulp_power_mode_switch/app_srtm.c:1206:13:APP_SRTM_NotifyPeerCoreReady	16	static
/nxp/00-imx/imx8ulp/sdk/vs/evkmimx8ulp_power_mode_switch/app_srtm.c:1215:13:APP_SRTM_Linkup	32	static
/nxp/00-imx/imx8ulp/sdk/vs/evkmimx8ulp_power_mode_switch/app_srtm.c:1281:13:APP_SRTM_InitPeerCore	24	static
/nxp/00-imx/imx8ulp/sdk/vs/evkmimx8ulp_power_mode_switch/app_srtm.c:1304:22:APP_SRTM_Sensor_Init	16	static
/nxp/00-imx/imx8ulp/sdk/vs/evkmimx8ulp_power_mode_switch/app_srtm.c:1321:22:APP_SRTM_Sensor_Deinit	4	static
/nxp/00-imx/imx8ulp/sdk/vs/evkmimx8ulp_power_mode_switch/app_srtm.c:1326:22:APP_SRTM_Sensor_EnableStateDetector	24	static
/nxp/00-imx/imx8ulp/sdk/vs/evkmimx8ulp_power_mode_switch/app_srtm.c:1362:22:APP_SRTM_Sensor_EnableDataReport	24	static
/nxp/00-imx/imx8ulp/sdk/vs/evkmimx8ulp_power_mode_switch/app_srtm.c:1403:22:APP_SRTM_Sensor_SetPollDelay	24	static
/nxp/00-imx/imx8ulp/sdk/vs/evkmimx8ulp_power_mode_switch/app_srtm.c:1424:13:APP_SRTM_GpioReset	24	static
/nxp/00-imx/imx8ulp/sdk/vs/evkmimx8ulp_power_mode_switch/app_srtm.c:1454:13:APP_SRTM_ResetServices	8	static
/nxp/00-imx/imx8ulp/sdk/vs/evkmimx8ulp_power_mode_switch/app_srtm.c:1466:13:APP_SRTM_DeinitPeerCore	16	static
/nxp/00-imx/imx8ulp/sdk/vs/evkmimx8ulp_power_mode_switch/app_srtm.c:1494:13:APP_SRTM_InitAudioDevice	16	static
/nxp/00-imx/imx8ulp/sdk/vs/evkmimx8ulp_power_mode_switch/app_srtm.c:1513:6:APP_SRTM_EnableLPAV	8	static
/nxp/00-imx/imx8ulp/sdk/vs/evkmimx8ulp_power_mode_switch/app_srtm.c:1586:6:APP_SRTM_DisableLPAV	8	static
/nxp/00-imx/imx8ulp/sdk/vs/evkmimx8ulp_power_mode_switch/app_srtm.c:1725:13:APP_SRTM_InitAudioService	112	static
/nxp/00-imx/imx8ulp/sdk/vs/evkmimx8ulp_power_mode_switch/app_srtm.c:1781:13:APP_SRTM_InitPwmDevice	16	static
/nxp/00-imx/imx8ulp/sdk/vs/evkmimx8ulp_power_mode_switch/app_srtm.c:1786:13:APP_SRTM_InitPwmService	16	static
/nxp/00-imx/imx8ulp/sdk/vs/evkmimx8ulp_power_mode_switch/app_srtm.c:1799:13:APP_SRTM_InitI2CDevice	40	static
/nxp/00-imx/imx8ulp/sdk/vs/evkmimx8ulp_power_mode_switch/app_srtm.c:1810:13:APP_SRTM_InitI2CService	8	static
/nxp/00-imx/imx8ulp/sdk/vs/evkmimx8ulp_power_mode_switch/app_srtm.c:1817:13:APP_CheckSensorInterrupt_RecycleMessage	16	static
/nxp/00-imx/imx8ulp/sdk/vs/evkmimx8ulp_power_mode_switch/app_srtm.c:1824:17:APP_SRTM_InitSensorDevice	32	static
/nxp/00-imx/imx8ulp/sdk/vs/evkmimx8ulp_power_mode_switch/app_srtm.c:1863:13:APP_SRTM_InitSensorService	8	static
/nxp/00-imx/imx8ulp/sdk/vs/evkmimx8ulp_power_mode_switch/app_srtm.c:1872:13:APP_SRTM_InitIoKeyDevice	16	static
/nxp/00-imx/imx8ulp/sdk/vs/evkmimx8ulp_power_mode_switch/app_srtm.c:1893:13:APP_SRTM_InitIoKeyService	16	static
/nxp/00-imx/imx8ulp/sdk/vs/evkmimx8ulp_power_mode_switch/app_srtm.c:1932:13:APP_SRTM_A35ResetHandler	16	static
/nxp/00-imx/imx8ulp/sdk/vs/evkmimx8ulp_power_mode_switch/app_srtm.c:1950:13:CMC_ADClrAD_PSDORF	16	static
/nxp/00-imx/imx8ulp/sdk/vs/evkmimx8ulp_power_mode_switch/app_srtm.c:1962:9:MU0_A_IRQHandler	24	static
/nxp/00-imx/imx8ulp/sdk/vs/evkmimx8ulp_power_mode_switch/app_srtm.c:2038:6:CMC1_IRQHandler	8	static
/nxp/00-imx/imx8ulp/sdk/vs/evkmimx8ulp_power_mode_switch/app_srtm.c:2065:13:APP_SRTM_InitRtcDevice	8	static
/nxp/00-imx/imx8ulp/sdk/vs/evkmimx8ulp_power_mode_switch/app_srtm.c:2073:13:APP_SRTM_InitRtcService	8	static
/nxp/00-imx/imx8ulp/sdk/vs/evkmimx8ulp_power_mode_switch/app_srtm.c:2083:22:APP_SRTM_LfclEventHandler	24	static
/nxp/00-imx/imx8ulp/sdk/vs/evkmimx8ulp_power_mode_switch/app_srtm.c:2127:13:APP_SRTM_InitLfclService	16	static
/nxp/00-imx/imx8ulp/sdk/vs/evkmimx8ulp_power_mode_switch/app_srtm.c:2137:13:APP_SRTM_InitServices	8	static
/nxp/00-imx/imx8ulp/sdk/vs/evkmimx8ulp_power_mode_switch/app_srtm.c:2148:6:APP_PowerOffCA35	8	static
/nxp/00-imx/imx8ulp/sdk/vs/evkmimx8ulp_power_mode_switch/app_srtm.c:2156:13:APP_PowerOnCA35	8	static
/nxp/00-imx/imx8ulp/sdk/vs/evkmimx8ulp_power_mode_switch/app_srtm.c:2164:13:SRTM_MonitorTask	24	static
/nxp/00-imx/imx8ulp/sdk/vs/evkmimx8ulp_power_mode_switch/app_srtm.c:2326:6:APP_ShutdownCA35	16	static
/nxp/00-imx/imx8ulp/sdk/vs/evkmimx8ulp_power_mode_switch/app_srtm.c:2334:6:APP_BootCA35	16	static
/nxp/00-imx/imx8ulp/sdk/vs/evkmimx8ulp_power_mode_switch/app_srtm.c:2343:13:SRTM_DispatcherTask	16	static
/nxp/00-imx/imx8ulp/sdk/vs/evkmimx8ulp_power_mode_switch/app_srtm.c:2348:13:APP_SRTM_InitPeriph	16	static
/nxp/00-imx/imx8ulp/sdk/vs/evkmimx8ulp_power_mode_switch/app_srtm.c:2352:6:APP_SRTM_Init	24	static
/nxp/00-imx/imx8ulp/sdk/vs/evkmimx8ulp_power_mode_switch/app_srtm.c:2414:6:APP_SRTM_StartCommunication	8	static
/nxp/00-imx/imx8ulp/sdk/vs/evkmimx8ulp_power_mode_switch/app_srtm.c:2420:6:APP_SRTM_Suspend	4	static
/nxp/00-imx/imx8ulp/sdk/vs/evkmimx8ulp_power_mode_switch/app_srtm.c:2424:6:APP_SRTM_Resume	16	static
/nxp/00-imx/imx8ulp/sdk/vs/evkmimx8ulp_power_mode_switch/app_srtm.c:2442:6:APP_SRTM_SetRpmsgMonitor	16	static
/nxp/00-imx/imx8ulp/sdk/vs/evkmimx8ulp_power_mode_switch/app_srtm.c:2448:22:APP_SRTM_I2C_SwitchChannel	56	static
/nxp/00-imx/imx8ulp/sdk/vs/evkmimx8ulp_power_mode_switch/app_srtm.c:2461:22:APP_SRTM_I2C_Write	48	static
/nxp/00-imx/imx8ulp/sdk/vs/evkmimx8ulp_power_mode_switch/app_srtm.c:2483:22:APP_SRTM_I2C_Read	48	static
/nxp/00-imx/imx8ulp/sdk/vs/evkmimx8ulp_power_mode_switch/app_srtm.c:2505:9:APP_Read_I2C_Register	40	static
/nxp/00-imx/imx8ulp/sdk/vs/evkmimx8ulp_power_mode_switch/app_srtm.c:2513:9:APP_Write_I2C_Register	40	static
/nxp/00-imx/imx8ulp/sdk/vs/evkmimx8ulp_power_mode_switch/app_srtm.c:2522:6:APP_SRTM_HandlePeerReboot	8	static
/nxp/00-imx/imx8ulp/sdk/vs/evkmimx8ulp_power_mode_switch/app_srtm.c:2531:6:APP_SRTM_SetIRQHandler	16	static
/nxp/00-imx/imx8ulp/sdk/vs/evkmimx8ulp_power_mode_switch/app_srtm.c:2537:6:APP_SRTM_WakeupCA35	16	static
/nxp/00-imx/imx8ulp/sdk/vs/evkmimx8ulp_power_mode_switch/app_srtm.c:2545:13:APP_SRTM_DoSetWakeupModule	32	static
/nxp/00-imx/imx8ulp/sdk/vs/evkmimx8ulp_power_mode_switch/app_srtm.c:2553:6:APP_SRTM_SetWakeupModule	24	static
/nxp/00-imx/imx8ulp/sdk/vs/evkmimx8ulp_power_mode_switch/app_srtm.c:2564:13:APP_SRTM_DoClrWakeupModule	32	static
/nxp/00-imx/imx8ulp/sdk/vs/evkmimx8ulp_power_mode_switch/app_srtm.c:2572:6:APP_SRTM_ClrWakeupModule	24	static
/nxp/00-imx/imx8ulp/sdk/vs/evkmimx8ulp_power_mode_switch/app_srtm.c:2585:13:APP_SRTM_DoSetWakeupPin	32	static
/nxp/00-imx/imx8ulp/sdk/vs/evkmimx8ulp_power_mode_switch/app_srtm.c:2608:6:APP_SRTM_SetWakeupPin	24	static
