/nxp/00-imx/imx8ulp/sdk/2.14.0/CMSIS/Core/Include/./mpu_armv8.h:130:22:ARM_MPU_Enable	16	static
/nxp/00-imx/imx8ulp/sdk/2.14.0/CMSIS/Core/Include/./mpu_armv8.h:143:22:ARM_MPU_Disable	4	static
/nxp/00-imx/imx8ulp/sdk/2.14.0/CMSIS/Core/Include/./mpu_armv8.h:188:22:ARM_MPU_SetMemAttrEx	32	static
/nxp/00-imx/imx8ulp/sdk/2.14.0/CMSIS/Core/Include/./mpu_armv8.h:205:22:ARM_MPU_SetMemAttr	16	static
/nxp/00-imx/imx8ulp/sdk/2.14.0/CMSIS/Core/Include/./mpu_armv8.h:255:22:ARM_MPU_SetRegionEx	24	static
/nxp/00-imx/imx8ulp/sdk/2.14.0/CMSIS/Core/Include/./mpu_armv8.h:267:22:ARM_MPU_SetRegion	24	static
/nxp/00-imx/imx8ulp/sdk/vs/evkmimx8ulp_power_mode_switch/board.c:1423:6:BOARD_SetFlexspiClock	32	static
/nxp/00-imx/imx8ulp/sdk/vs/evkmimx8ulp_power_mode_switch/board.c:1363:6:BOARD_DeinitXip	16	static
/nxp/00-imx/imx8ulp/sdk/vs/evkmimx8ulp_power_mode_switch/board.c:1373:6:BOARD_InitXip	32	static
/nxp/00-imx/imx8ulp/sdk/2.14.0/devices/MIMX8UD7/drivers/./fsl_flexspi.h:431:20:FLEXSPI_SoftwareReset	16	static
/nxp/00-imx/imx8ulp/sdk/2.14.0/devices/MIMX8UD7/drivers/./fsl_tpm.h:859:20:TPM_StartTimer	24	static
/nxp/00-imx/imx8ulp/sdk/2.14.0/devices/MIMX8UD7/drivers/./fsl_trdc.h:521:20:TRDC_SetDacGlobalValid	16	static
/nxp/00-imx/imx8ulp/sdk/2.14.0/devices/MIMX8UD7/drivers/./fsl_trdc.h:1024:20:TRDC_SetMrcGlobalValid	16	static
/nxp/00-imx/imx8ulp/sdk/2.14.0/devices/MIMX8UD7/drivers/./fsl_trdc.h:1035:23:TRDC_GetMrcRegionNumber	16	static
/nxp/00-imx/imx8ulp/sdk/2.14.0/devices/MIMX8UD7/drivers/./fsl_trdc.h:1133:20:TRDC_SetMbcGlobalValid	16	static
/nxp/00-imx/imx8ulp/sdk/2.14.0/devices/MIMX8UD7/drivers/./fsl_mu.h:352:24:MU_GetFlags	16	static
/nxp/00-imx/imx8ulp/sdk/vs/evkmimx8ulp_power_mode_switch/board.c:119:6:BOARD_InitDebugConsole	16	static
/nxp/00-imx/imx8ulp/sdk/vs/evkmimx8ulp_power_mode_switch/board.c:136:6:BOARD_IsFusionAvailable	4	static
/nxp/00-imx/imx8ulp/sdk/vs/evkmimx8ulp_power_mode_switch/board.c:141:6:BOARD_DumpRegs	16	static
/nxp/00-imx/imx8ulp/sdk/vs/evkmimx8ulp_power_mode_switch/board.c:153:6:BOARD_DumpRTDRegs	8	static
/nxp/00-imx/imx8ulp/sdk/vs/evkmimx8ulp_power_mode_switch/board.c:233:6:BOARD_GetReleaseFlagOfTrdc	4	static
/nxp/00-imx/imx8ulp/sdk/vs/evkmimx8ulp_power_mode_switch/board.c:238:6:BOARD_SetReleaseFlagOfTrdc	16	static
/nxp/00-imx/imx8ulp/sdk/vs/evkmimx8ulp_power_mode_switch/board.c:244:17:BOARD_MapFsbFuseIndex	40	static
/nxp/00-imx/imx8ulp/sdk/vs/evkmimx8ulp_power_mode_switch/board.c:279:9:BOARD_FuseRead	40	static
/nxp/00-imx/imx8ulp/sdk/vs/evkmimx8ulp_power_mode_switch/board.c:309:6:BOARD_IsRdcEnabled	16	static
/nxp/00-imx/imx8ulp/sdk/vs/evkmimx8ulp_power_mode_switch/board.c:329:6:BOARD_ReleaseTRDC	16	static
/nxp/00-imx/imx8ulp/sdk/vs/evkmimx8ulp_power_mode_switch/board.c:343:6:BOARD_SetTrdcGlobalConfig	72	static
/nxp/00-imx/imx8ulp/sdk/vs/evkmimx8ulp_power_mode_switch/board.c:900:6:BOARD_SetTrdcAfterApdReset	16	static
/nxp/00-imx/imx8ulp/sdk/vs/evkmimx8ulp_power_mode_switch/board.c:943:6:BOARD_IsLowPowerBootType	4	static
/nxp/00-imx/imx8ulp/sdk/vs/evkmimx8ulp_power_mode_switch/board.c:955:6:BOARD_IsLPAVOwnedByRTD	4	static
/nxp/00-imx/imx8ulp/sdk/vs/evkmimx8ulp_power_mode_switch/board.c:961:6:BOARD_IsSingleBootType	4	static
/nxp/00-imx/imx8ulp/sdk/vs/evkmimx8ulp_power_mode_switch/board.c:972:13:BOARD_GetBootTypeName	16	static
/nxp/00-imx/imx8ulp/sdk/vs/evkmimx8ulp_power_mode_switch/board.c:995:6:BOARD_HandshakeWithUboot	32	static
/nxp/00-imx/imx8ulp/sdk/vs/evkmimx8ulp_power_mode_switch/board.c:1082:6:BOARD_ConfigMPU	16	static
/nxp/00-imx/imx8ulp/sdk/vs/evkmimx8ulp_power_mode_switch/board.c:1148:17:flexspi_hyper_ram_write_mcr	48	static
/nxp/00-imx/imx8ulp/sdk/vs/evkmimx8ulp_power_mode_switch/board.c:1167:17:flexspi_hyper_ram_get_mcr	48	static
/nxp/00-imx/imx8ulp/sdk/vs/evkmimx8ulp_power_mode_switch/board.c:1186:17:flexspi_hyper_ram_reset	40	static
/nxp/00-imx/imx8ulp/sdk/vs/evkmimx8ulp_power_mode_switch/board.c:1212:10:BOARD_InitPsRam	408	static
/nxp/00-imx/imx8ulp/sdk/vs/evkmimx8ulp_power_mode_switch/board.c:1474:6:BOARD_FlexspiClockSafeConfig	16	static
/nxp/00-imx/imx8ulp/sdk/vs/evkmimx8ulp_power_mode_switch/board.c:1488:6:BOARD_LPI2C_Init	48	static
/nxp/00-imx/imx8ulp/sdk/vs/evkmimx8ulp_power_mode_switch/board.c:1506:10:BOARD_LPI2C_Send	48	static
/nxp/00-imx/imx8ulp/sdk/vs/evkmimx8ulp_power_mode_switch/board.c:1527:10:BOARD_LPI2C_Receive	48	static
/nxp/00-imx/imx8ulp/sdk/vs/evkmimx8ulp_power_mode_switch/board.c:1548:6:BOARD_Accel_I2C_Init	8	static
/nxp/00-imx/imx8ulp/sdk/vs/evkmimx8ulp_power_mode_switch/board.c:1553:10:BOARD_Accel_I2C_Send	48	static
/nxp/00-imx/imx8ulp/sdk/vs/evkmimx8ulp_power_mode_switch/board.c:1561:10:BOARD_Accel_I2C_Receive	40	static
/nxp/00-imx/imx8ulp/sdk/vs/evkmimx8ulp_power_mode_switch/board.c:1572:6:BOARD_Codec_I2C_Init	8	static
/nxp/00-imx/imx8ulp/sdk/vs/evkmimx8ulp_power_mode_switch/board.c:1577:10:BOARD_Codec_I2C_Send	40	static
/nxp/00-imx/imx8ulp/sdk/vs/evkmimx8ulp_power_mode_switch/board.c:1588:10:BOARD_Codec_I2C_Receive	40	static
/nxp/00-imx/imx8ulp/sdk/vs/evkmimx8ulp_power_mode_switch/board.c:1599:6:BOARD_Display_I2C_Init	8	static
/nxp/00-imx/imx8ulp/sdk/vs/evkmimx8ulp_power_mode_switch/board.c:1604:10:BOARD_Display_I2C_Send	40	static
/nxp/00-imx/imx8ulp/sdk/vs/evkmimx8ulp_power_mode_switch/board.c:1611:10:BOARD_Display_I2C_Receive	40	static
/nxp/00-imx/imx8ulp/sdk/vs/evkmimx8ulp_power_mode_switch/board.c:1621:6:BOARD_PCA6416A_I2C_Init	8	static
/nxp/00-imx/imx8ulp/sdk/vs/evkmimx8ulp_power_mode_switch/board.c:1626:10:BOARD_PCA6416A_I2C_Send	40	static
/nxp/00-imx/imx8ulp/sdk/vs/evkmimx8ulp_power_mode_switch/board.c:1637:10:BOARD_PCA6416A_I2C_Receive	40	static
/nxp/00-imx/imx8ulp/sdk/vs/evkmimx8ulp_power_mode_switch/board.c:1648:6:BOARD_InitPCA6416A	16	static
/nxp/00-imx/imx8ulp/sdk/vs/evkmimx8ulp_power_mode_switch/board.c:1662:6:BOARD_InitMipiDsiPins	8	static
/nxp/00-imx/imx8ulp/sdk/vs/evkmimx8ulp_power_mode_switch/board.c:1672:6:BOARD_EnableMipiDsiBacklight	48	static
/nxp/00-imx/imx8ulp/sdk/vs/evkmimx8ulp_power_mode_switch/board.c:1693:6:BOARD_LpavInit	16	static
/nxp/00-imx/imx8ulp/sdk/vs/evkmimx8ulp_power_mode_switch/board.c:1748:13:ddrInit	24	static
/nxp/00-imx/imx8ulp/sdk/vs/evkmimx8ulp_power_mode_switch/board.c:1797:6:BOARD_DdrSave	16	static
/nxp/00-imx/imx8ulp/sdk/vs/evkmimx8ulp_power_mode_switch/board.c:1862:6:BOARD_LpavSave	16	static
/nxp/00-imx/imx8ulp/sdk/vs/evkmimx8ulp_power_mode_switch/board.c:1886:6:BOARD_DramEnterRetention	16	static
/nxp/00-imx/imx8ulp/sdk/vs/evkmimx8ulp_power_mode_switch/board.c:1924:6:BOARD_DramExitRetention	24	static
/nxp/00-imx/imx8ulp/sdk/vs/evkmimx8ulp_power_mode_switch/board.c:2060:6:BOARD_DDREnterSelfRefresh	16	static
/nxp/00-imx/imx8ulp/sdk/vs/evkmimx8ulp_power_mode_switch/board.c:2077:6:BOARD_DDRExitSelfRefresh	16	static
