/nxp/00-imx/imx8ulp/sdk/2.14.0/devices/MIMX8UD7/drivers/./fsl_clock.h:1734:20:CLOCK_SetCm33SysClkConfig	16	static
/nxp/00-imx/imx8ulp/sdk/2.14.0/devices/MIMX8UD7/drivers/./fsl_clock.h:2096:20:CLOCK_IsSysOscValid	4	static
/nxp/00-imx/imx8ulp/sdk/2.14.0/devices/MIMX8UD7/drivers/./fsl_clock.h:2331:20:CLOCK_IsRtcOscValid	4	static
/nxp/00-imx/imx8ulp/sdk/2.14.0/devices/MIMX8UD7/drivers/./fsl_clock.h:2871:20:CLOCK_SetXtal0Freq	16	static
/nxp/00-imx/imx8ulp/sdk/2.14.0/devices/MIMX8UD7/drivers/./fsl_clock.h:2881:20:CLOCK_SetXtal32Freq	16	static
/nxp/00-imx/imx8ulp/sdk/vs/evkmimx8ulp_power_mode_switch/clock_config.c:162:6:BOARD_InitClock	8	static
/nxp/00-imx/imx8ulp/sdk/vs/evkmimx8ulp_power_mode_switch/clock_config.c:189:6:BOARD_CalculateDivider	32	static
/nxp/00-imx/imx8ulp/sdk/vs/evkmimx8ulp_power_mode_switch/clock_config.c:204:6:BOARD_InitPlls	8	static
/nxp/00-imx/imx8ulp/sdk/vs/evkmimx8ulp_power_mode_switch/clock_config.c:238:6:BOARD_BootClockRUN	16	static
/nxp/00-imx/imx8ulp/sdk/vs/evkmimx8ulp_power_mode_switch/clock_config.c:271:6:BOARD_ResumeClockInit	24	static
/nxp/00-imx/imx8ulp/sdk/vs/evkmimx8ulp_power_mode_switch/clock_config.c:306:14:BOARD_CalculateCoreClkDivider	112	static
/nxp/00-imx/imx8ulp/sdk/vs/evkmimx8ulp_power_mode_switch/clock_config.c:374:14:BOARD_SwitchToFROClk	56	static
/nxp/00-imx/imx8ulp/sdk/vs/evkmimx8ulp_power_mode_switch/clock_config.c:416:6:BOARD_DisablePlls	4	static
/nxp/00-imx/imx8ulp/sdk/vs/evkmimx8ulp_power_mode_switch/clock_config.c:423:14:BOARD_GetRtdDriveMode	24	static
/nxp/00-imx/imx8ulp/sdk/vs/evkmimx8ulp_power_mode_switch/clock_config.c:457:14:BOARD_GetDriveModeByCoreFreq	24	static
/nxp/00-imx/imx8ulp/sdk/vs/evkmimx8ulp_power_mode_switch/clock_config.c:481:9:BOARD_UpdateM33CoreFreq	40	static
/nxp/00-imx/imx8ulp/sdk/vs/evkmimx8ulp_power_mode_switch/clock_config.c:768:6:BOARD_SwitchDriveMode	72	static
