/nxp/00-imx/imx8ulp/sdk/2.14.0/CMSIS/Core/Include/./core_cm33.h:2347:22:__NVIC_SetPriorityGrouping	24	static
/nxp/00-imx/imx8ulp/sdk/2.14.0/CMSIS/Core/Include/./core_cm33.h:2366:26:__NVIC_GetPriorityGrouping	4	static
/nxp/00-imx/imx8ulp/sdk/2.14.0/CMSIS/Core/Include/./core_cm33.h:2378:22:__NVIC_EnableIRQ	16	static
/nxp/00-imx/imx8ulp/sdk/2.14.0/CMSIS/Core/Include/./core_cm33.h:2416:22:__NVIC_DisableIRQ	16	static
/nxp/00-imx/imx8ulp/sdk/2.14.0/CMSIS/Core/Include/./core_cm33.h:2575:22:__NVIC_SetPriority	16	static
/nxp/00-imx/imx8ulp/sdk/2.14.0/devices/MIMX8UD7/drivers/./fsl_common_arm.h:558:24:DisableIRQ	24	static
/nxp/00-imx/imx8ulp/sdk/2.14.0/devices/MIMX8UD7/drivers/./fsl_common_arm.h:732:24:DisableGlobalIRQ	16	static
/nxp/00-imx/imx8ulp/sdk/2.14.0/devices/MIMX8UD7/drivers/./fsl_common_arm.h:758:20:EnableGlobalIRQ	24	static
/nxp/00-imx/imx8ulp/sdk/2.14.0/devices/MIMX8UD7/drivers/./fsl_lptmr.h:183:20:LPTMR_EnableInterrupts	24	static
/nxp/00-imx/imx8ulp/sdk/2.14.0/devices/MIMX8UD7/drivers/./fsl_lptmr.h:270:20:LPTMR_ClearStatusFlags	16	static
/nxp/00-imx/imx8ulp/sdk/2.14.0/devices/MIMX8UD7/drivers/./fsl_lptmr.h:295:20:LPTMR_SetTimerPeriod	16	static
/nxp/00-imx/imx8ulp/sdk/2.14.0/devices/MIMX8UD7/drivers/./fsl_lptmr.h:339:20:LPTMR_StartTimer	24	static
/nxp/00-imx/imx8ulp/sdk/2.14.0/devices/MIMX8UD7/drivers/./fsl_lptmr.h:356:20:LPTMR_StopTimer	24	static
/nxp/00-imx/imx8ulp/sdk/2.14.0/devices/MIMX8UD7/drivers/./fsl_rtd_cmc.h:621:20:RTDCMC_EnableDebugOperation	16	static
/nxp/00-imx/imx8ulp/sdk/2.14.0/devices/MIMX8UD7/drivers/./fsl_iomuxc.h:1657:20:IOMUXC_SetPinMux	24	static
/nxp/00-imx/imx8ulp/sdk/vs/evkmimx8ulp_power_mode_switch/lpm.c:372:6:LPM_Init	8	static
/nxp/00-imx/imx8ulp/sdk/vs/evkmimx8ulp_power_mode_switch/lpm.c:391:6:LPM_Deinit	8	static
/nxp/00-imx/imx8ulp/sdk/vs/evkmimx8ulp_power_mode_switch/lpm.c:400:6:LPM_SetPowerMode	32	static
/nxp/00-imx/imx8ulp/sdk/vs/evkmimx8ulp_power_mode_switch/lpm.c:450:22:LPM_GetPowerMode	4	static
/nxp/00-imx/imx8ulp/sdk/vs/evkmimx8ulp_power_mode_switch/lpm.c:455:6:LPM_SystemSleep	16	static
/nxp/00-imx/imx8ulp/sdk/vs/evkmimx8ulp_power_mode_switch/lpm.c:483:6:LPM_SystemDeepSleep	16	static
/nxp/00-imx/imx8ulp/sdk/vs/evkmimx8ulp_power_mode_switch/lpm.c:525:6:LPM_NvicStateSave	24	static
/nxp/00-imx/imx8ulp/sdk/vs/evkmimx8ulp_power_mode_switch/lpm.c:566:6:LPM_NvicStateRestore	24	static
/nxp/00-imx/imx8ulp/sdk/vs/evkmimx8ulp_power_mode_switch/lpm.c:607:6:LPM_SaveRegister	32	static
/nxp/00-imx/imx8ulp/sdk/vs/evkmimx8ulp_power_mode_switch/lpm.c:619:1:LPM_RestoreRegister	32	static
/nxp/00-imx/imx8ulp/sdk/vs/evkmimx8ulp_power_mode_switch/lpm.c:636:1:LPM_SaveFlexspi0	16	static
/nxp/00-imx/imx8ulp/sdk/vs/evkmimx8ulp_power_mode_switch/lpm.c:646:6:LPM_ModuleStateSave	16	static
/nxp/00-imx/imx8ulp/sdk/vs/evkmimx8ulp_power_mode_switch/lpm.c:701:1:LPM_RestoreFlexspi0	24	static
/nxp/00-imx/imx8ulp/sdk/vs/evkmimx8ulp_power_mode_switch/lpm.c:733:1:LPM_ModuleStateRestore	16	static
/nxp/00-imx/imx8ulp/sdk/vs/evkmimx8ulp_power_mode_switch/lpm.c:788:6:LPM_Suspend	8	static
/nxp/00-imx/imx8ulp/sdk/vs/evkmimx8ulp_power_mode_switch/lpm.c:826:1:LPM_Resume	8	static
/nxp/00-imx/imx8ulp/sdk/vs/evkmimx8ulp_power_mode_switch/lpm.c:872:6:LPM_SystemPowerDown	32	static
/nxp/00-imx/imx8ulp/sdk/vs/evkmimx8ulp_power_mode_switch/lpm.c:938:1:flexspi_nor_exec_op	40	static
/nxp/00-imx/imx8ulp/sdk/vs/evkmimx8ulp_power_mode_switch/lpm.c:960:1:LPM_SystemDeepPowerDown	56	static
/nxp/00-imx/imx8ulp/sdk/vs/evkmimx8ulp_power_mode_switch/lpm.c:1075:6:LPM_WaitForInterrupt	24	static
/nxp/00-imx/imx8ulp/sdk/vs/evkmimx8ulp_power_mode_switch/lpm.c:1138:6:LPM_RegisterPowerListener	24	static
/nxp/00-imx/imx8ulp/sdk/vs/evkmimx8ulp_power_mode_switch/lpm.c:1162:6:LPM_UnregisterPowerListener	24	static
/nxp/00-imx/imx8ulp/sdk/vs/evkmimx8ulp_power_mode_switch/lpm.c:1197:6:LPTMR0_IRQHandler	8	static
/nxp/00-imx/imx8ulp/sdk/vs/evkmimx8ulp_power_mode_switch/lpm.c:1217:6:vPortSetupTimerInterrupt	16	static
