/nxp/00-imx/imx8ulp/sdk/2.14.0/devices/MIMX8UD7/drivers/./fsl_iomuxc.h:1657:20:IOMUXC_SetPinMux	24	static
/nxp/00-imx/imx8ulp/sdk/2.14.0/devices/MIMX8UD7/drivers/./fsl_iomuxc.h:1694:20:IOMUXC_SetPinConfig	24	static
/nxp/00-imx/imx8ulp/sdk/vs/evkmimx8ulp_power_mode_switch/pin_mux.c:34:6:BOARD_InitBootPins	8	static
/nxp/00-imx/imx8ulp/sdk/vs/evkmimx8ulp_power_mode_switch/pin_mux.c:64:6:BOARD_InitLpuartPins	16	static
/nxp/00-imx/imx8ulp/sdk/vs/evkmimx8ulp_power_mode_switch/pin_mux.c:94:6:BOARD_InitI2cPins	16	static
/nxp/00-imx/imx8ulp/sdk/vs/evkmimx8ulp_power_mode_switch/pin_mux.c:126:6:BOARD_InitPmicI2cPins	16	static
/nxp/00-imx/imx8ulp/sdk/vs/evkmimx8ulp_power_mode_switch/pin_mux.c:155:6:BOARD_InitI2sPins	16	static
/nxp/00-imx/imx8ulp/sdk/vs/evkmimx8ulp_power_mode_switch/pin_mux.c:188:6:BOARD_InitTpmPins	16	static
/nxp/00-imx/imx8ulp/sdk/vs/evkmimx8ulp_power_mode_switch/pin_mux.c:210:6:BOARD_InitHdmiIntPins	16	static
/nxp/00-imx/imx8ulp/sdk/vs/evkmimx8ulp_power_mode_switch/pin_mux.c:233:6:BOARD_InitTouchIntPins	16	static
/nxp/00-imx/imx8ulp/sdk/vs/evkmimx8ulp_power_mode_switch/pin_mux.c:257:6:BOARD_InitButtonPins	16	static
/nxp/00-imx/imx8ulp/sdk/vs/evkmimx8ulp_power_mode_switch/pin_mux.c:284:6:BOARD_InitPmicModePins	16	static
/nxp/00-imx/imx8ulp/sdk/vs/evkmimx8ulp_power_mode_switch/pin_mux.c:315:6:BOARD_InitLsm6dsoPins	16	static
