/nxp/00-imx/imx8ulp/sdk/2.14.0/CMSIS/Core/Include/./core_cm33.h:2378:22:__NVIC_EnableIRQ	16	static
/nxp/00-imx/imx8ulp/sdk/2.14.0/CMSIS/Core/Include/./core_cm33.h:2575:22:__NVIC_SetPriority	16	static
/nxp/00-imx/imx8ulp/sdk/2.14.0/devices/MIMX8UD7/drivers/./fsl_clock.h:1537:20:CLOCK_EnableClock	16	static
/nxp/00-imx/imx8ulp/sdk/2.14.0/devices/MIMX8UD7/drivers/./fsl_common_arm.h:514:24:EnableIRQ	24	static
/nxp/00-imx/imx8ulp/sdk/2.14.0/devices/MIMX8UD7/drivers/./fsl_common_arm.h:732:24:DisableGlobalIRQ	16	static
/nxp/00-imx/imx8ulp/sdk/2.14.0/devices/MIMX8UD7/drivers/./fsl_common_arm.h:758:20:EnableGlobalIRQ	24	static
/nxp/00-imx/imx8ulp/sdk/2.14.0/devices/MIMX8UD7/drivers/./fsl_rgpio.h:421:24:RGPIO_GetPinsInterruptFlags	16	static
/nxp/00-imx/imx8ulp/sdk/2.14.0/devices/MIMX8UD7/drivers/./fsl_lptmr.h:183:20:LPTMR_EnableInterrupts	24	static
/nxp/00-imx/imx8ulp/sdk/2.14.0/devices/MIMX8UD7/drivers/./fsl_lptmr.h:200:20:LPTMR_DisableInterrupts	24	static
/nxp/00-imx/imx8ulp/sdk/2.14.0/devices/MIMX8UD7/drivers/./fsl_lptmr.h:218:24:LPTMR_GetEnabledInterrupts	16	static
/nxp/00-imx/imx8ulp/sdk/2.14.0/devices/MIMX8UD7/drivers/./fsl_lptmr.h:270:20:LPTMR_ClearStatusFlags	16	static
/nxp/00-imx/imx8ulp/sdk/2.14.0/devices/MIMX8UD7/drivers/./fsl_lptmr.h:295:20:LPTMR_SetTimerPeriod	16	static
/nxp/00-imx/imx8ulp/sdk/2.14.0/devices/MIMX8UD7/drivers/./fsl_lptmr.h:339:20:LPTMR_StartTimer	24	static
/nxp/00-imx/imx8ulp/sdk/2.14.0/devices/MIMX8UD7/drivers/./fsl_lptmr.h:356:20:LPTMR_StopTimer	24	static
/nxp/00-imx/imx8ulp/sdk/2.14.0/devices/MIMX8UD7/drivers/./fsl_wuu.h:197:24:WUU_GetModuleInterruptFlag	16	static
/nxp/00-imx/imx8ulp/sdk/2.14.0/devices/MIMX8UD7/drivers/./fsl_wuu.h:212:20:WUU_GetInternalWakeupModuleFlag	24	static
/nxp/00-imx/imx8ulp/sdk/2.14.0/devices/MIMX8UD7/drivers/./fsl_iomuxc.h:1657:20:IOMUXC_SetPinMux	24	static
/nxp/00-imx/imx8ulp/sdk/2.14.0/devices/MIMX8UD7/drivers/./fsl_iomuxc.h:1694:20:IOMUXC_SetPinConfig	24	static
/nxp/00-imx/imx8ulp/sdk/vs/evkmimx8ulp_power_mode_switch/power_mode_switch.c:169:13:APP_Suspend	24	static
/nxp/00-imx/imx8ulp/sdk/vs/evkmimx8ulp_power_mode_switch/power_mode_switch.c:308:13:APP_Resume	24	static
/nxp/00-imx/imx8ulp/sdk/vs/evkmimx8ulp_power_mode_switch/power_mode_switch.c:345:6:APP_DisableGPIO	16	static
/nxp/00-imx/imx8ulp/sdk/vs/evkmimx8ulp_power_mode_switch/power_mode_switch.c:389:6:APP_PowerPreSwitchHook	32	static
/nxp/00-imx/imx8ulp/sdk/vs/evkmimx8ulp_power_mode_switch/power_mode_switch.c:437:6:APP_PowerPostSwitchHook	24	static
/nxp/00-imx/imx8ulp/sdk/vs/evkmimx8ulp_power_mode_switch/power_mode_switch.c:480:27:APP_GetAllowCombiName	16	static
/nxp/00-imx/imx8ulp/sdk/vs/evkmimx8ulp_power_mode_switch/power_mode_switch.c:490:27:APP_GetRtdPwrModeName	16	static
/nxp/00-imx/imx8ulp/sdk/vs/evkmimx8ulp_power_mode_switch/power_mode_switch.c:506:27:APP_GetAdPwrModeName	16	static
/nxp/00-imx/imx8ulp/sdk/vs/evkmimx8ulp_power_mode_switch/power_mode_switch.c:519:22:APP_GetModeAllowCombi	24	static
/nxp/00-imx/imx8ulp/sdk/vs/evkmimx8ulp_power_mode_switch/power_mode_switch.c:553:13:APP_ShowModeCombi	24	static
/nxp/00-imx/imx8ulp/sdk/vs/evkmimx8ulp_power_mode_switch/power_mode_switch.c:580:25:APP_AllowGiveSig	24	static
/nxp/00-imx/imx8ulp/sdk/vs/evkmimx8ulp_power_mode_switch/power_mode_switch.c:598:6:APP_WUU0_IRQHandler	16	static
/nxp/00-imx/imx8ulp/sdk/vs/evkmimx8ulp_power_mode_switch/power_mode_switch.c:632:6:LPTMR1_IRQHandler	16	static
/nxp/00-imx/imx8ulp/sdk/vs/evkmimx8ulp_power_mode_switch/power_mode_switch.c:668:13:APP_IRQDispatcher	16	static
/nxp/00-imx/imx8ulp/sdk/vs/evkmimx8ulp_power_mode_switch/power_mode_switch.c:716:17:APP_GetWakeupTimeout	16	static
/nxp/00-imx/imx8ulp/sdk/vs/evkmimx8ulp_power_mode_switch/power_mode_switch.c:758:28:APP_GetWakeupSource	16	static
/nxp/00-imx/imx8ulp/sdk/vs/evkmimx8ulp_power_mode_switch/power_mode_switch.c:793:13:APP_GetWakeupConfig	8	static
/nxp/00-imx/imx8ulp/sdk/vs/evkmimx8ulp_power_mode_switch/power_mode_switch.c:810:13:APP_SetWakeupConfig	24	static
/nxp/00-imx/imx8ulp/sdk/vs/evkmimx8ulp_power_mode_switch/power_mode_switch.c:858:13:APP_ClearWakeupConfig	16	static
/nxp/00-imx/imx8ulp/sdk/vs/evkmimx8ulp_power_mode_switch/power_mode_switch.c:871:6:PowerModeSwitchTask	40	static
/nxp/00-imx/imx8ulp/sdk/vs/evkmimx8ulp_power_mode_switch/power_mode_switch.c:1033:6:vApplicationMallocFailedHook	8	static
/nxp/00-imx/imx8ulp/sdk/vs/evkmimx8ulp_power_mode_switch/power_mode_switch.c:1038:6:vPortSuppressTicksAndSleep	56	static
/nxp/00-imx/imx8ulp/sdk/vs/evkmimx8ulp_power_mode_switch/power_mode_switch.c:1083:13:APP_LpmListener	16	static
/nxp/00-imx/imx8ulp/sdk/vs/evkmimx8ulp_power_mode_switch/power_mode_switch.c:1095:13:WorkingTask	16	static
/nxp/00-imx/imx8ulp/sdk/vs/evkmimx8ulp_power_mode_switch/power_mode_switch.c:1108:5:main	16	static
