Archive member included to satisfy reference by file (symbol)

/home/user/.mcuxpressotools/gcc-arm-none-eabi-10.3-2021.10/bin/../lib/gcc/arm-none-eabi/10.3.1/thumb/v8-m.main+fp/hard/libgcc.a(_arm_addsubdf3.o)
                              CMakeFiles/power_mode_switch.elf.dir/nxp/00-imx/imx8ulp/sdk/2.14.0/devices/MIMX8UD7/drivers/fsl_upower.c.obj (__aeabi_dadd)
/home/user/.mcuxpressotools/gcc-arm-none-eabi-10.3-2021.10/bin/../lib/gcc/arm-none-eabi/10.3.1/thumb/v8-m.main+fp/hard/libgcc.a(_aeabi_uldivmod.o)
                              CMakeFiles/power_mode_switch.elf.dir/nxp/00-imx/imx8ulp/sdk/vs/evkmimx8ulp_power_mode_switch/power_mode_switch.c.obj (__aeabi_uldivmod)
/home/user/.mcuxpressotools/gcc-arm-none-eabi-10.3-2021.10/bin/../lib/gcc/arm-none-eabi/10.3.1/thumb/v8-m.main+fp/hard/libgcc.a(_udivmoddi4.o)
                              /home/user/.mcuxpressotools/gcc-arm-none-eabi-10.3-2021.10/bin/../lib/gcc/arm-none-eabi/10.3.1/thumb/v8-m.main+fp/hard/libgcc.a(_aeabi_uldivmod.o) (__udivmoddi4)
/home/user/.mcuxpressotools/gcc-arm-none-eabi-10.3-2021.10/bin/../lib/gcc/arm-none-eabi/10.3.1/thumb/v8-m.main+fp/hard/libgcc.a(_dvmd_tls.o)
                              /home/user/.mcuxpressotools/gcc-arm-none-eabi-10.3-2021.10/bin/../lib/gcc/arm-none-eabi/10.3.1/thumb/v8-m.main+fp/hard/libgcc.a(_aeabi_uldivmod.o) (__aeabi_ldiv0)
/home/user/.mcuxpressotools/gcc-arm-none-eabi-10.3-2021.10/bin/../lib/gcc/arm-none-eabi/10.3.1/../../../../arm-none-eabi/lib/thumb/v8-m.main+fp/hard/libc_nano.a(lib_a-errno.o)
                              CMakeFiles/power_mode_switch.elf.dir/nxp/00-imx/imx8ulp/sdk/2.14.0/devices/MIMX8UD7/utilities/fsl_sbrk.c.obj (__errno)
/home/user/.mcuxpressotools/gcc-arm-none-eabi-10.3-2021.10/bin/../lib/gcc/arm-none-eabi/10.3.1/../../../../arm-none-eabi/lib/thumb/v8-m.main+fp/hard/libc_nano.a(lib_a-exit.o)
                              /home/user/.mcuxpressotools/gcc-arm-none-eabi-10.3-2021.10/bin/../lib/gcc/arm-none-eabi/10.3.1/../../../../arm-none-eabi/lib/thumb/v8-m.main+fp/hard/crt0.o (exit)
/home/user/.mcuxpressotools/gcc-arm-none-eabi-10.3-2021.10/bin/../lib/gcc/arm-none-eabi/10.3.1/../../../../arm-none-eabi/lib/thumb/v8-m.main+fp/hard/libc_nano.a(lib_a-impure.o)
                              /home/user/.mcuxpressotools/gcc-arm-none-eabi-10.3-2021.10/bin/../lib/gcc/arm-none-eabi/10.3.1/../../../../arm-none-eabi/lib/thumb/v8-m.main+fp/hard/libc_nano.a(lib_a-exit.o) (_global_impure_ptr)
/home/user/.mcuxpressotools/gcc-arm-none-eabi-10.3-2021.10/bin/../lib/gcc/arm-none-eabi/10.3.1/../../../../arm-none-eabi/lib/thumb/v8-m.main+fp/hard/libc_nano.a(lib_a-init.o)
                              /home/user/.mcuxpressotools/gcc-arm-none-eabi-10.3-2021.10/bin/../lib/gcc/arm-none-eabi/10.3.1/../../../../arm-none-eabi/lib/thumb/v8-m.main+fp/hard/crt0.o (__libc_init_array)
/home/user/.mcuxpressotools/gcc-arm-none-eabi-10.3-2021.10/bin/../lib/gcc/arm-none-eabi/10.3.1/../../../../arm-none-eabi/lib/thumb/v8-m.main+fp/hard/libc_nano.a(lib_a-malloc.o)
                              CMakeFiles/power_mode_switch.elf.dir/nxp/00-imx/imx8ulp/sdk/2.14.0/devices/MIMX8UD7/drivers/fsl_common.c.obj (malloc)
/home/user/.mcuxpressotools/gcc-arm-none-eabi-10.3-2021.10/bin/../lib/gcc/arm-none-eabi/10.3.1/../../../../arm-none-eabi/lib/thumb/v8-m.main+fp/hard/libc_nano.a(lib_a-memset.o)
                              /home/user/.mcuxpressotools/gcc-arm-none-eabi-10.3-2021.10/bin/../lib/gcc/arm-none-eabi/10.3.1/../../../../arm-none-eabi/lib/thumb/v8-m.main+fp/hard/crt0.o (memset)
/home/user/.mcuxpressotools/gcc-arm-none-eabi-10.3-2021.10/bin/../lib/gcc/arm-none-eabi/10.3.1/../../../../arm-none-eabi/lib/thumb/v8-m.main+fp/hard/libc_nano.a(lib_a-nano-freer.o)
                              /home/user/.mcuxpressotools/gcc-arm-none-eabi-10.3-2021.10/bin/../lib/gcc/arm-none-eabi/10.3.1/../../../../arm-none-eabi/lib/thumb/v8-m.main+fp/hard/libc_nano.a(lib_a-malloc.o) (_free_r)
/home/user/.mcuxpressotools/gcc-arm-none-eabi-10.3-2021.10/bin/../lib/gcc/arm-none-eabi/10.3.1/../../../../arm-none-eabi/lib/thumb/v8-m.main+fp/hard/libc_nano.a(lib_a-nano-mallocr.o)
                              /home/user/.mcuxpressotools/gcc-arm-none-eabi-10.3-2021.10/bin/../lib/gcc/arm-none-eabi/10.3.1/../../../../arm-none-eabi/lib/thumb/v8-m.main+fp/hard/libc_nano.a(lib_a-malloc.o) (_malloc_r)
/home/user/.mcuxpressotools/gcc-arm-none-eabi-10.3-2021.10/bin/../lib/gcc/arm-none-eabi/10.3.1/../../../../arm-none-eabi/lib/thumb/v8-m.main+fp/hard/libc_nano.a(lib_a-sbrkr.o)
                              /home/user/.mcuxpressotools/gcc-arm-none-eabi-10.3-2021.10/bin/../lib/gcc/arm-none-eabi/10.3.1/../../../../arm-none-eabi/lib/thumb/v8-m.main+fp/hard/libc_nano.a(lib_a-nano-mallocr.o) (_sbrk_r)
/home/user/.mcuxpressotools/gcc-arm-none-eabi-10.3-2021.10/bin/../lib/gcc/arm-none-eabi/10.3.1/../../../../arm-none-eabi/lib/thumb/v8-m.main+fp/hard/libc_nano.a(lib_a-strcmp.o)
[...]
Memory Configuration

Name             Origin             Length             Attributes
m_interrupts     0x000000000ffc2000 0x0000000000000300 xr
m_text           0x000000000ffc2300 0x000000000003dd00 xr
m_m33_suspend_ram 0x0000000020000000 0x0000000000004000 rw
m_a35_suspend_ram 0x0000000020004000 0x0000000000004000 rw
m_data           0x0000000020008000 0x0000000000028000 rw
m_ncache         0x0000000020030000 0x0000000000008000 rw
*default*        0x0000000000000000 0xffffffffffffffff

Linker script and memory map

LOAD /home/user/.mcuxpressotools/gcc-arm-none-eabi-10.3-2021.10/bin/../lib/gcc/arm-none-eabi/10.3.1/thumb/v8-m.main+fp/hard/crti.o
LOAD /home/user/.mcuxpressotools/gcc-arm-none-eabi-10.3-2021.10/bin/../lib/gcc/arm-none-eabi/10.3.1/thumb/v8-m.main+fp/hard/crtbegin.o
LOAD /home/user/.mcuxpressotools/gcc-arm-none-eabi-10.3-2021.10/bin/../lib/gcc/arm-none-eabi/10.3.1/../../../../arm-none-eabi/lib/thumb/v8-m.main+fp/hard/crt0.o
                0x0000000000000400                __stack_size__ = 0x400
                0x0000000000000400                __heap_size__ = 0x400
LOAD CMakeFiles/power_mode_switch.elf.dir/nxp/00-imx/imx8ulp/sdk/vs/evkmimx8ulp_power_mode_switch/rsc_table.c.obj
LOAD CMakeFiles/power_mode_switch.elf.dir/nxp/00-imx/imx8ulp/sdk/vs/evkmimx8ulp_power_mode_switch/fsl_lpi2c_freertos.c.obj
LOAD CMakeFiles/power_mode_switch.elf.dir/nxp/00-imx/imx8ulp/sdk/vs/evkmimx8ulp_power_mode_switch/power_mode_switch.c.obj
LOAD CMakeFiles/power_mode_switch.elf.dir/nxp/00-imx/imx8ulp/sdk/vs/evkmimx8ulp_power_mode_switch/lpm.c.obj
LOAD CMakeFiles/power_mode_switch.elf.dir/nxp/00-imx/imx8ulp/sdk/vs/evkmimx8ulp_power_mode_switch/pin_mux.c.obj
LOAD CMakeFiles/power_mode_switch.elf.dir/nxp/00-imx/imx8ulp/sdk/vs/evkmimx8ulp_power_mode_switch/board.c.obj
LOAD CMakeFiles/power_mode_switch.elf.dir/nxp/00-imx/imx8ulp/sdk/vs/evkmimx8ulp_power_mode_switch/clock_config.c.obj
LOAD CMakeFiles/power_mode_switch.elf.dir/nxp/00-imx/imx8ulp/sdk/vs/evkmimx8ulp_power_mode_switch/empty_rsc_table.c.obj
LOAD CMakeFiles/power_mode_switch.elf.dir/nxp/00-imx/imx8ulp/sdk/vs/evkmimx8ulp_power_mode_switch/app_srtm.c.obj
LOAD CMakeFiles/power_mode_switch.elf.dir/nxp/00-imx/imx8ulp/sdk/vs/evkmimx8ulp_power_mode_switch/srtm/channels/srtm_rpmsg_endpoint.c.obj
LOAD CMakeFiles/power_mode_switch.elf.dir/nxp/00-imx/imx8ulp/sdk/vs/evkmimx8ulp_power_mode_switch/srtm/services/srtm_audio_service.c.obj
LOAD CMakeFiles/power_mode_switch.elf.dir/nxp/00-imx/imx8ulp/sdk/vs/evkmimx8ulp_power_mode_switch/srtm/services/srtm_sai_edma_adapter.c.obj
LOAD CMakeFiles/power_mode_switch.elf.dir/nxp/00-imx/imx8ulp/sdk/vs/evkmimx8ulp_power_mode_switch/srtm/services/srtm_i2c_service.c.obj
LOAD CMakeFiles/power_mode_switch.elf.dir/nxp/00-imx/imx8ulp/sdk/vs/evkmimx8ulp_power_mode_switch/srtm/services/srtm_sensor_service.c.obj
LOAD CMakeFiles/power_mode_switch.elf.dir/nxp/00-imx/imx8ulp/sdk/vs/evkmimx8ulp_power_mode_switch/srtm/services/srtm_io_service.c.obj
LOAD CMakeFiles/power_mode_switch.elf.dir/nxp/00-imx/imx8ulp/sdk/vs/evkmimx8ulp_power_mode_switch/srtm/services/srtm_keypad_service.c.obj
LOAD CMakeFiles/power_mode_switch.elf.dir/nxp/00-imx/imx8ulp/sdk/vs/evkmimx8ulp_power_mode_switch/srtm/services/srtm_pwm_service.c.obj
LOAD CMakeFiles/power_mode_switch.elf.dir/nxp/00-imx/imx8ulp/sdk/vs/evkmimx8ulp_power_mode_switch/srtm/services/srtm_pwm_adapter.c.obj
LOAD CMakeFiles/power_mode_switch.elf.dir/nxp/00-imx/imx8ulp/sdk/vs/evkmimx8ulp_power_mode_switch/srtm/services/srtm_rtc_service.c.obj
LOAD CMakeFiles/power_mode_switch.elf.dir/nxp/00-imx/imx8ulp/sdk/vs/evkmimx8ulp_power_mode_switch/srtm/services/srtm_rtc_adapter.c.obj
LOAD CMakeFiles/power_mode_switch.elf.dir/nxp/00-imx/imx8ulp/sdk/vs/evkmimx8ulp_power_mode_switch/srtm/services/srtm_lfcl_service.c.obj
LOAD CMakeFiles/power_mode_switch.elf.dir/nxp/00-imx/imx8ulp/sdk/2.14.0/components/codec/i2c/fsl_codec_i2c.c.obj
LOAD CMakeFiles/power_mode_switch.elf.dir/nxp/00-imx/imx8ulp/sdk/2.14.0/components/lists/fsl_component_generic_list.c.obj
LOAD CMakeFiles/power_mode_switch.elf.dir/nxp/00-imx/imx8ulp/sdk/2.14.0/components/i2c/fsl_adapter_lpi2c.c.obj
LOAD CMakeFiles/power_mode_switch.elf.dir/nxp/00-imx/imx8ulp/sdk/2.14.0/components/uart/fsl_adapter_lpuart.c.obj
LOAD CMakeFiles/power_mode_switch.elf.dir/nxp/00-imx/imx8ulp/sdk/2.14.0/components/pwm/fsl_adapter_pwm_tpm.c.obj
LOAD CMakeFiles/power_mode_switch.elf.dir/nxp/00-imx/imx8ulp/sdk/2.14.0/components/rtc/fsl_adapter_rtc_bbnsm.c.obj
LOAD CMakeFiles/power_mode_switch.elf.dir/nxp/00-imx/imx8ulp/sdk/2.14.0/components/serial_manager/fsl_component_serial_manager.c.obj
LOAD CMakeFiles/power_mode_switch.elf.dir/nxp/00-imx/imx8ulp/sdk/2.14.0/components/serial_manager/fsl_component_serial_port_uart.c.obj
LOAD CMakeFiles/power_mode_switch.elf.dir/nxp/00-imx/imx8ulp/sdk/2.14.0/components/codec/port/wm8960/fsl_codec_wm8960_adapter.c.obj
LOAD CMakeFiles/power_mode_switch.elf.dir/nxp/00-imx/imx8ulp/sdk/2.14.0/devices/MIMX8UD7/system_MIMX8UD7_cm33.c.obj
LOAD CMakeFiles/power_mode_switch.elf.dir/nxp/00-imx/imx8ulp/sdk/2.14.0/devices/MIMX8UD7/gcc/startup_MIMX8UD7_cm33.S.obj
LOAD CMakeFiles/power_mode_switch.elf.dir/nxp/00-imx/imx8ulp/sdk/2.14.0/devices/MIMX8UD7/drivers/fsl_bbnsm.c.obj
LOAD CMakeFiles/power_mode_switch.elf.dir/nxp/00-imx/imx8ulp/sdk/2.14.0/devices/MIMX8UD7/drivers/fsl_cache.c.obj
LOAD CMakeFiles/power_mode_switch.elf.dir/nxp/00-imx/imx8ulp/sdk/2.14.0/devices/MIMX8UD7/drivers/fsl_clock.c.obj
LOAD CMakeFiles/power_mode_switch.elf.dir/nxp/00-imx/imx8ulp/sdk/2.14.0/components/codec/fsl_codec_common.c.obj
LOAD CMakeFiles/power_mode_switch.elf.dir/nxp/00-imx/imx8ulp/sdk/2.14.0/devices/MIMX8UD7/drivers/fsl_common.c.obj
LOAD CMakeFiles/power_mode_switch.elf.dir/nxp/00-imx/imx8ulp/sdk/2.14.0/devices/MIMX8UD7/drivers/fsl_common_arm.c.obj
LOAD CMakeFiles/power_mode_switch.elf.dir/nxp/00-imx/imx8ulp/sdk/2.14.0/devices/MIMX8UD7/drivers/fsl_edma.c.obj
LOAD CMakeFiles/power_mode_switch.elf.dir/nxp/00-imx/imx8ulp/sdk/2.14.0/devices/MIMX8UD7/drivers/fsl_flexspi.c.obj
LOAD CMakeFiles/power_mode_switch.elf.dir/nxp/00-imx/imx8ulp/sdk/2.14.0/devices/MIMX8UD7/drivers/fsl_fusion.c.obj
LOAD CMakeFiles/power_mode_switch.elf.dir/nxp/00-imx/imx8ulp/sdk/2.14.0/devices/MIMX8UD7/drivers/fsl_lpi2c.c.obj
LOAD CMakeFiles/power_mode_switch.elf.dir/nxp/00-imx/imx8ulp/sdk/2.14.0/devices/MIMX8UD7/drivers/fsl_lptmr.c.obj
LOAD CMakeFiles/power_mode_switch.elf.dir/nxp/00-imx/imx8ulp/sdk/2.14.0/devices/MIMX8UD7/drivers/fsl_lpuart.c.obj
LOAD CMakeFiles/power_mode_switch.elf.dir/nxp/00-imx/imx8ulp/sdk/2.14.0/components/lsm6dso/fsl_lsm.c.obj
LOAD CMakeFiles/power_mode_switch.elf.dir/nxp/00-imx/imx8ulp/sdk/2.14.0/devices/MIMX8UD7/drivers/fsl_mu.c.obj
LOAD CMakeFiles/power_mode_switch.elf.dir/nxp/00-imx/imx8ulp/sdk/2.14.0/components/pca6416a/fsl_pca6416a.c.obj
LOAD CMakeFiles/power_mode_switch.elf.dir/nxp/00-imx/imx8ulp/sdk/2.14.0/devices/MIMX8UD7/drivers/fsl_reset.c.obj
LOAD CMakeFiles/power_mode_switch.elf.dir/nxp/00-imx/imx8ulp/sdk/2.14.0/devices/MIMX8UD7/drivers/fsl_rgpio.c.obj
LOAD CMakeFiles/power_mode_switch.elf.dir/nxp/00-imx/imx8ulp/sdk/2.14.0/devices/MIMX8UD7/drivers/fsl_rtd_cmc.c.obj
LOAD CMakeFiles/power_mode_switch.elf.dir/nxp/00-imx/imx8ulp/sdk/2.14.0/devices/MIMX8UD7/drivers/fsl_sai.c.obj
LOAD CMakeFiles/power_mode_switch.elf.dir/nxp/00-imx/imx8ulp/sdk/2.14.0/devices/MIMX8UD7/drivers/fsl_sai_edma.c.obj
LOAD CMakeFiles/power_mode_switch.elf.dir/nxp/00-imx/imx8ulp/sdk/2.14.0/devices/MIMX8UD7/drivers/fsl_sentinel.c.obj
LOAD CMakeFiles/power_mode_switch.elf.dir/nxp/00-imx/imx8ulp/sdk/2.14.0/components/srtm/srtm/srtm_channel.c.obj
LOAD CMakeFiles/power_mode_switch.elf.dir/nxp/00-imx/imx8ulp/sdk/2.14.0/components/srtm/srtm/srtm_dispatcher.c.obj
LOAD CMakeFiles/power_mode_switch.elf.dir/nxp/00-imx/imx8ulp/sdk/2.14.0/components/srtm/srtm/srtm_message.c.obj
LOAD CMakeFiles/power_mode_switch.elf.dir/nxp/00-imx/imx8ulp/sdk/2.14.0/components/srtm/srtm/srtm_peercore.c.obj
LOAD CMakeFiles/power_mode_switch.elf.dir/nxp/00-imx/imx8ulp/sdk/2.14.0/components/srtm/srtm/srtm_service.c.obj
LOAD CMakeFiles/power_mode_switch.elf.dir/nxp/00-imx/imx8ulp/sdk/2.14.0/components/srtm/port/srtm_message_pool.c.obj
LOAD CMakeFiles/power_mode_switch.elf.dir/nxp/00-imx/imx8ulp/sdk/2.14.0/components/srtm/port/srtm_heap_freertos.c.obj
LOAD CMakeFiles/power_mode_switch.elf.dir/nxp/00-imx/imx8ulp/sdk/2.14.0/components/srtm/port/srtm_mutex_freertos.c.obj
LOAD CMakeFiles/power_mode_switch.elf.dir/nxp/00-imx/imx8ulp/sdk/2.14.0/components/srtm/port/srtm_sem_freertos.c.obj
LOAD CMakeFiles/power_mode_switch.elf.dir/nxp/00-imx/imx8ulp/sdk/2.14.0/devices/MIMX8UD7/drivers/fsl_tpm.c.obj
LOAD CMakeFiles/power_mode_switch.elf.dir/nxp/00-imx/imx8ulp/sdk/2.14.0/devices/MIMX8UD7/drivers/fsl_trdc.c.obj
LOAD CMakeFiles/power_mode_switch.elf.dir/nxp/00-imx/imx8ulp/sdk/2.14.0/devices/MIMX8UD7/drivers/fsl_upower.c.obj
LOAD CMakeFiles/power_mode_switch.elf.dir/nxp/00-imx/imx8ulp/sdk/2.14.0/devices/MIMX8UD7/drivers/upower/upower_api.c.obj
LOAD CMakeFiles/power_mode_switch.elf.dir/nxp/00-imx/imx8ulp/sdk/2.14.0/components/codec/wm8960/fsl_wm8960.c.obj
LOAD CMakeFiles/power_mode_switch.elf.dir/nxp/00-imx/imx8ulp/sdk/2.14.0/devices/MIMX8UD7/drivers/fsl_wuu.c.obj
LOAD CMakeFiles/power_mode_switch.elf.dir/nxp/00-imx/imx8ulp/sdk/2.14.0/rtos/freertos/freertos-kernel/croutine.c.obj
LOAD CMakeFiles/power_mode_switch.elf.dir/nxp/00-imx/imx8ulp/sdk/2.14.0/rtos/freertos/freertos-kernel/event_groups.c.obj
LOAD CMakeFiles/power_mode_switch.elf.dir/nxp/00-imx/imx8ulp/sdk/2.14.0/rtos/freertos/freertos-kernel/list.c.obj
LOAD CMakeFiles/power_mode_switch.elf.dir/nxp/00-imx/imx8ulp/sdk/2.14.0/rtos/freertos/freertos-kernel/queue.c.obj
LOAD CMakeFiles/power_mode_switch.elf.dir/nxp/00-imx/imx8ulp/sdk/2.14.0/rtos/freertos/freertos-kernel/stream_buffer.c.obj
LOAD CMakeFiles/power_mode_switch.elf.dir/nxp/00-imx/imx8ulp/sdk/2.14.0/rtos/freertos/freertos-kernel/tasks.c.obj
LOAD CMakeFiles/power_mode_switch.elf.dir/nxp/00-imx/imx8ulp/sdk/2.14.0/rtos/freertos/freertos-kernel/timers.c.obj
LOAD CMakeFiles/power_mode_switch.elf.dir/nxp/00-imx/imx8ulp/sdk/2.14.0/rtos/freertos/freertos-kernel/portable/GCC/ARM_CM33_NTZ/non_secure/port.c.obj
LOAD CMakeFiles/power_mode_switch.elf.dir/nxp/00-imx/imx8ulp/sdk/2.14.0/rtos/freertos/freertos-kernel/portable/GCC/ARM_CM33_NTZ/non_secure/portasm.c.obj
LOAD CMakeFiles/power_mode_switch.elf.dir/nxp/00-imx/imx8ulp/sdk/2.14.0/rtos/freertos/freertos-kernel/portable/MemMang/heap_4.c.obj
LOAD CMakeFiles/power_mode_switch.elf.dir/nxp/00-imx/imx8ulp/sdk/2.14.0/middleware/multicore/rpmsg_lite/lib/common/llist.c.obj
LOAD CMakeFiles/power_mode_switch.elf.dir/nxp/00-imx/imx8ulp/sdk/2.14.0/middleware/multicore/rpmsg_lite/lib/rpmsg_lite/rpmsg_lite.c.obj
LOAD CMakeFiles/power_mode_switch.elf.dir/nxp/00-imx/imx8ulp/sdk/2.14.0/middleware/multicore/rpmsg_lite/lib/rpmsg_lite/rpmsg_ns.c.obj
LOAD CMakeFiles/power_mode_switch.elf.dir/nxp/00-imx/imx8ulp/sdk/2.14.0/middleware/multicore/rpmsg_lite/lib/virtio/virtqueue.c.obj
LOAD CMakeFiles/power_mode_switch.elf.dir/nxp/00-imx/imx8ulp/sdk/2.14.0/middleware/multicore/rpmsg_lite/lib/rpmsg_lite/porting/environment/rpmsg_env_freertos.c.obj
LOAD CMakeFiles/power_mode_switch.elf.dir/nxp/00-imx/imx8ulp/sdk/2.14.0/middleware/multicore/rpmsg_lite/lib/rpmsg_lite/rpmsg_queue.c.obj
LOAD CMakeFiles/power_mode_switch.elf.dir/nxp/00-imx/imx8ulp/sdk/2.14.0/middleware/multicore/rpmsg_lite/lib/rpmsg_lite/porting/platform/imx8ulp_m33/rpmsg_platform.c.obj
LOAD CMakeFiles/power_mode_switch.elf.dir/nxp/00-imx/imx8ulp/sdk/2.14.0/devices/MIMX8UD7/utilities/fsl_sbrk.c.obj
LOAD CMakeFiles/power_mode_switch.elf.dir/nxp/00-imx/imx8ulp/sdk/2.14.0/devices/MIMX8UD7/utilities/fsl_memcpy.S.obj
LOAD CMakeFiles/power_mode_switch.elf.dir/nxp/00-imx/imx8ulp/sdk/2.14.0/devices/MIMX8UD7/utilities/fsl_assert.c.obj
LOAD CMakeFiles/power_mode_switch.elf.dir/nxp/00-imx/imx8ulp/sdk/2.14.0/devices/MIMX8UD7/utilities/str/fsl_str.c.obj
LOAD CMakeFiles/power_mode_switch.elf.dir/nxp/00-imx/imx8ulp/sdk/2.14.0/devices/MIMX8UD7/utilities/debug_console/fsl_debug_console.c.obj
START GROUP
LOAD /home/user/.mcuxpressotools/gcc-arm-none-eabi-10.3-2021.10/bin/../lib/gcc/arm-none-eabi/10.3.1/thumb/v8-m.main+fp/hard/libgcc.a
LOAD /home/user/.mcuxpressotools/gcc-arm-none-eabi-10.3-2021.10/bin/../lib/gcc/arm-none-eabi/10.3.1/../../../../arm-none-eabi/lib/thumb/v8-m.main+fp/hard/libc_nano.a
LOAD /home/user/.mcuxpressotools/gcc-arm-none-eabi-10.3-2021.10/bin/../lib/gcc/arm-none-eabi/10.3.1/../../../../arm-none-eabi/lib/thumb/v8-m.main+fp/hard/libm.a
LOAD /home/user/.mcuxpressotools/gcc-arm-none-eabi-10.3-2021.10/bin/../lib/gcc/arm-none-eabi/10.3.1/../../../../arm-none-eabi/lib/thumb/v8-m.main+fp/hard/libcr_newlib_nohost.a
END GROUP
START GROUP
LOAD /home/user/.mcuxpressotools/gcc-arm-none-eabi-10.3-2021.10/bin/../lib/gcc/arm-none-eabi/10.3.1/thumb/v8-m.main+fp/hard/libgcc.a
LOAD /home/user/.mcuxpressotools/gcc-arm-none-eabi-10.3-2021.10/bin/../lib/gcc/arm-none-eabi/10.3.1/../../../../arm-none-eabi/lib/thumb/v8-m.main+fp/hard/libg_nano.a
LOAD /home/user/.mcuxpressotools/gcc-arm-none-eabi-10.3-2021.10/bin/../lib/gcc/arm-none-eabi/10.3.1/../../../../arm-none-eabi/lib/thumb/v8-m.main+fp/hard/libc_nano.a
END GROUP
START GROUP
LOAD /home/user/.mcuxpressotools/gcc-arm-none-eabi-10.3-2021.10/bin/../lib/gcc/arm-none-eabi/10.3.1/thumb/v8-m.main+fp/hard/libgcc.a
LOAD /home/user/.mcuxpressotools/gcc-arm-none-eabi-10.3-2021.10/bin/../lib/gcc/arm-none-eabi/10.3.1/../../../../arm-none-eabi/lib/thumb/v8-m.main+fp/hard/libc_nano.a
LOAD /home/user/.mcuxpressotools/gcc-arm-none-eabi-10.3-2021.10/bin/../lib/gcc/arm-none-eabi/10.3.1/../../../../arm-none-eabi/lib/thumb/v8-m.main+fp/hard/libnosys.a
END GROUP
START GROUP
LOAD /home/user/.mcuxpressotools/gcc-arm-none-eabi-10.3-2021.10/bin/../lib/gcc/arm-none-eabi/10.3.1/thumb/v8-m.main+fp/hard/libgcc.a
LOAD /home/user/.mcuxpressotools/gcc-arm-none-eabi-10.3-2021.10/bin/../lib/gcc/arm-none-eabi/10.3.1/../../../../arm-none-eabi/lib/thumb/v8-m.main+fp/hard/libc_nano.a
LOAD /home/user/.mcuxpressotools/gcc-arm-none-eabi-10.3-2021.10/bin/../lib/gcc/arm-none-eabi/10.3.1/../../../../arm-none-eabi/lib/thumb/v8-m.main+fp/hard/libnosys.a
END GROUP
LOAD /home/user/.mcuxpressotools/gcc-arm-none-eabi-10.3-2021.10/bin/../lib/gcc/arm-none-eabi/10.3.1/thumb/v8-m.main+fp/hard/crtend.o
LOAD /home/user/.mcuxpressotools/gcc-arm-none-eabi-10.3-2021.10/bin/../lib/gcc/arm-none-eabi/10.3.1/thumb/v8-m.main+fp/hard/crtn.o
                0x0000000000000400                HEAP_SIZE = DEFINED (__heap_size__)?__heap_size__:0x400
                0x0000000000000400                STACK_SIZE = DEFINED (__stack_size__)?__stack_size__:0x400
                0x0000000000000000                M_VECTOR_RAM_SIZE = DEFINED (__ram_vector_table__)?0x300:0x0

.interrupts     0x000000000ffc2000      0x300
                0x000000000ffc2000                __VECTOR_TABLE = .
                0x000000000ffc2000                __Vectors = .
                0x000000000ffc2000                . = ALIGN (0x4)
 *(.isr_vector)
 .isr_vector    0x000000000ffc2000      0x300 CMakeFiles/power_mode_switch.elf.dir/nxp/00-imx/imx8ulp/sdk/2.14.0/devices/MIMX8UD7/gcc/startup_MIMX8UD7_cm33.S.obj
                0x000000000ffc2000                __isr_vector
                0x000000000ffc2300                . = ALIGN (0x4)
                0x000000000ffc2300                __stext = .

.resource_table
                0x000000000ffc2300       0xb0
                0x000000000ffc2300                . = ALIGN (0x8)
 *(.resource_table)
 .resource_table
                0x000000000ffc2300       0xa0 CMakeFiles/power_mode_switch.elf.dir/nxp/00-imx/imx8ulp/sdk/vs/evkmimx8ulp_power_mode_switch/rsc_table.c.obj
                0x000000000ffc2300                resources
 .resource_table
                0x000000000ffc23a0       0x10 CMakeFiles/power_mode_switch.elf.dir/nxp/00-imx/imx8ulp/sdk/vs/evkmimx8ulp_power_mode_switch/empty_rsc_table.c.obj
                0x000000000ffc23a0                resource_table
                0x000000000ffc23b0                . = ALIGN (0x8)

.text           0x000000000ffc23b0    0x2f3e4
                0x000000000ffc23b0                . = ALIGN (0x4)
 *(.text)
 .text          0x000000000ffc23b0       0x40 /home/user/.mcuxpressotools/gcc-arm-none-eabi-10.3-2021.10/bin/../lib/gcc/arm-none-eabi/10.3.1/thumb/v8-m.main+fp/hard/crtbegin.o
 .text          0x000000000ffc23f0       0x7c /home/user/.mcuxpressotools/gcc-arm-none-eabi-10.3-2021.10/bin/../lib/gcc/arm-none-eabi/10.3.1/../../../../arm-none-eabi/lib/thumb/v8-m.main+fp/hard/crt0.o
                0x000000000ffc23f0                _stack_init
                0x000000000ffc23f8                _mainCRTStartup
                0x000000000ffc23f8                _start
 .text          0x000000000ffc246c      0x3e0 CMakeFiles/power_mode_switch.elf.dir/nxp/00-imx/imx8ulp/sdk/2.14.0/devices/MIMX8UD7/gcc/startup_MIMX8UD7_cm33.S.obj
                0x000000000ffc246c                Reset_Handler
                0x000000000ffc2504                LPSPI2_DriverIRQHandler
                0x000000000ffc2504                DebugMon_Handler
                0x000000000ffc2504                I3C0_DriverIRQHandler
                0x000000000ffc2504                PXP_IRQHandler
                0x000000000ffc2504                SPDIF_DriverIRQHandler
                0x000000000ffc2504                TRDC_IRQHandler
                0x000000000ffc2504                CGC2_IRQHandler
                0x000000000ffc2504                TPM0_IRQHandler
                0x000000000ffc2504                LPIT0_IRQHandler
                0x000000000ffc2504                GPIOF_INT0_IRQHandler
                0x000000000ffc2504                SAI7_DriverIRQHandler
                0x000000000ffc2504                USB1_IRQHandler
                0x000000000ffc2504                PowerQuad_IRQHandler
                0x000000000ffc2504                Reserved116_IRQHandler
                0x000000000ffc2504                WDOG0_IRQHandler
                0x000000000ffc2504                SNTNonSecure_IRQHandler
                0x000000000ffc2504                GPU2D_IRQHandler
                0x000000000ffc2504                ADC0_IRQHandler
                0x000000000ffc2504                FLEXIO0_DriverIRQHandler
                0x000000000ffc2504                UsageFault_Handler
                0x000000000ffc2504                WDOG1_IRQHandler
                0x000000000ffc2504                DefaultISR
                0x000000000ffc2504                CMP1_IRQHandler
                0x000000000ffc2504                WDOG4_IRQHandler
                0x000000000ffc2504                Reserved164_IRQHandler
                0x000000000ffc2504                ADC1_IRQHandler
                0x000000000ffc2504                GPIOE_INT0_IRQHandler
                0x000000000ffc2504                TPM2_IRQHandler
                0x000000000ffc2504                FLEXIO1_DriverIRQHandler
                0x000000000ffc2504                GPIOF_INT1_IRQHandler
                0x000000000ffc2504                CMC0_IRQHandler
                0x000000000ffc2504                EWM_IRQHandler
                0x000000000ffc2504                USBPHY1_IRQHandler
                0x000000000ffc2504                TPM3_IRQHandler
                0x000000000ffc2504                WDOG2_IRQHandler
                0x000000000ffc2504                EPDC_IRQHandler
                0x000000000ffc2504                GPIOE_INT1_IRQHandler
                0x000000000ffc2504                SNTCommandInterface_IRQHandler
                0x000000000ffc2504                Reserved108_IRQHandler
                0x000000000ffc2504                CTI1_IRQHandler
                0x000000000ffc2504                SecureFault_Handler
                0x000000000ffc2504                CMC2_IRQHandler
                0x000000000ffc2504                MDDR_IRQHandler
                0x000000000ffc2504                Reserved161_IRQHandler
                0x000000000ffc2504                FlexSPI0_DriverIRQHandler
                0x000000000ffc2504                uSDHC0_DriverIRQHandler
                0x000000000ffc2504                FlexSPI2_DriverIRQHandler
                0x000000000ffc2504                SIM0_IRQHandler
                0x000000000ffc2504                SNTSecure_IRQHandler
                0x000000000ffc2504                LPSPI0_DriverIRQHandler
                0x000000000ffc2504                CTI0_IRQHandler
                0x000000000ffc2504                XRDC_IRQHandler
                0x000000000ffc2504                GPIOD_INT0_IRQHandler
                0x000000000ffc2504                USB0_IRQHandler
                0x000000000ffc2504                MemManage_Handler
                0x000000000ffc2504                Reserved166_IRQHandler
                0x000000000ffc2504                PDM_EVENT_DriverIRQHandler
                0x000000000ffc2504                CGC0_IRQHandler
                0x000000000ffc2504                Reserved109_IRQHandler
                0x000000000ffc2504                CGC1_IRQHandler
                0x000000000ffc2504                DMA1_DriverIRQHandler
                0x000000000ffc2504                LPSPI1_DriverIRQHandler
                0x000000000ffc2504                DAC0_IRQHandler
                0x000000000ffc2504                DSI_IRQHandler
                0x000000000ffc2504                GPIOC_INT1_IRQHandler
                0x000000000ffc2504                TPM4_IRQHandler
                0x000000000ffc2504                GPU3D_IRQHandler
                0x000000000ffc2504                CASPER_IRQHandler
                0x000000000ffc2504                PMC_IRQHandler
                0x000000000ffc2504                TPM1_IRQHandler
                0x000000000ffc2504                Reserved163_IRQHandler
                0x000000000ffc2504                uSDHC1_DriverIRQHandler
                0x000000000ffc2504                uSDHC2_DriverIRQHandler
                0x000000000ffc2504                USBPHY0_IRQHandler
                0x000000000ffc2504                DAC1_IRQHandler
                0x000000000ffc2504                CAN0_DriverIRQHandler
                0x000000000ffc2504                I3C1_DriverIRQHandler
                0x000000000ffc2504                MRT0_IRQHandler
                0x000000000ffc2504                BusFault_Handler
                0x000000000ffc2504                DMA2_DriverIRQHandler
                0x000000000ffc2504                LPSPI3_DriverIRQHandler
                0x000000000ffc2504                GPIOC_INT0_IRQHandler
                0x000000000ffc2504                PDM_HWVAD_EVENT_DriverIRQHandler
                0x000000000ffc2504                Reserved165_IRQHandler
                0x000000000ffc2504                WDOG3_IRQHandler
                0x000000000ffc2504                Reserved162_IRQHandler
                0x000000000ffc2504                CMP0_IRQHandler
                0x000000000ffc2504                GPIOD_INT1_IRQHandler
                0x000000000ffc2504                FlexSPI1_DriverIRQHandler
                0x000000000ffc2504                DCNano_IRQHandler
                0x000000000ffc2508                NMI_Handler
                0x000000000ffc250c                HardFault_Handler
                0x000000000ffc251c                DMA0_0_IRQHandler
                0x000000000ffc2524                DMA0_1_IRQHandler
                0x000000000ffc252c                DMA0_2_IRQHandler
                0x000000000ffc2534                DMA0_3_IRQHandler
                0x000000000ffc253c                DMA0_4_IRQHandler
                0x000000000ffc2544                DMA0_5_IRQHandler
                0x000000000ffc254c                DMA0_6_IRQHandler
                0x000000000ffc2554                DMA0_7_IRQHandler
                0x000000000ffc255c                DMA0_8_IRQHandler
                0x000000000ffc2564                DMA0_9_IRQHandler
                0x000000000ffc256c                DMA0_10_IRQHandler
                0x000000000ffc2574                DMA0_11_IRQHandler
                0x000000000ffc257c                DMA0_12_IRQHandler
                0x000000000ffc2584                DMA0_13_IRQHandler
                0x000000000ffc258c                DMA0_14_IRQHandler
                0x000000000ffc2594                DMA0_15_IRQHandler
                0x000000000ffc259c                DMA0_16_IRQHandler
                0x000000000ffc25a4                DMA0_17_IRQHandler
                0x000000000ffc25ac                DMA0_18_IRQHandler
                0x000000000ffc25b4                DMA0_19_IRQHandler
                0x000000000ffc25bc                DMA0_20_IRQHandler
                0x000000000ffc25c4                DMA0_21_IRQHandler
                0x000000000ffc25cc                DMA0_22_IRQHandler
                0x000000000ffc25d4                DMA0_23_IRQHandler
                0x000000000ffc25dc                DMA0_24_IRQHandler
                0x000000000ffc25e4                DMA0_25_IRQHandler
                0x000000000ffc25ec                DMA0_26_IRQHandler
                0x000000000ffc25f4                DMA0_27_IRQHandler
                0x000000000ffc25fc                DMA0_28_IRQHandler
                0x000000000ffc2604                DMA0_29_IRQHandler
                0x000000000ffc260c                DMA0_30_IRQHandler
                0x000000000ffc2614                DMA0_31_IRQHandler
                0x000000000ffc261c                DMA2_0_IRQHandler
                0x000000000ffc2624                DMA2_1_IRQHandler
                0x000000000ffc262c                DMA2_2_IRQHandler
                0x000000000ffc2634                DMA2_3_IRQHandler
                0x000000000ffc263c                DMA2_4_IRQHandler
                0x000000000ffc2644                DMA2_5_IRQHandler
                0x000000000ffc264c                DMA2_6_IRQHandler
                0x000000000ffc2654                DMA2_7_IRQHandler
                0x000000000ffc265c                DMA2_8_IRQHandler
                0x000000000ffc2664                DMA2_9_IRQHandler
                0x000000000ffc266c                DMA2_10_IRQHandler
                0x000000000ffc2674                DMA2_11_IRQHandler
                0x000000000ffc267c                DMA2_12_IRQHandler
                0x000000000ffc2684                DMA2_13_IRQHandler
                0x000000000ffc268c                DMA2_14_IRQHandler
                0x000000000ffc2694                DMA2_15_IRQHandler
                0x000000000ffc269c                DMA2_16_IRQHandler
                0x000000000ffc26a4                DMA2_17_IRQHandler
                0x000000000ffc26ac                DMA2_18_IRQHandler
                0x000000000ffc26b4                DMA2_19_IRQHandler
                0x000000000ffc26bc                DMA2_20_IRQHandler
                0x000000000ffc26c4                DMA2_21_IRQHandler
                0x000000000ffc26cc                DMA2_22_IRQHandler
                0x000000000ffc26d4                DMA2_23_IRQHandler
                0x000000000ffc26dc                DMA2_24_IRQHandler
                0x000000000ffc26e4                DMA2_25_IRQHandler
                0x000000000ffc26ec                DMA2_26_IRQHandler
                0x000000000ffc26f4                DMA2_27_IRQHandler
                0x000000000ffc26fc                DMA2_28_IRQHandler
                0x000000000ffc2704                DMA2_29_IRQHandler
                0x000000000ffc270c                DMA2_30_IRQHandler
                0x000000000ffc2714                DMA2_31_IRQHandler
                0x000000000ffc271c                FlexCAN_IRQHandler
                0x000000000ffc2720                FLEXIO0_IRQHandler
                0x000000000ffc2724                LPI2C0_IRQHandler
                0x000000000ffc2728                LPI2C1_IRQHandler
                0x000000000ffc272c                LPI2C2_IRQHandler
                0x000000000ffc2730                LPI2C3_IRQHandler
                0x000000000ffc2734                LPSPI0_IRQHandler
                0x000000000ffc2738                LPSPI1_IRQHandler
                0x000000000ffc273c                LPSPI2_IRQHandler
                0x000000000ffc2740                LPSPI3_IRQHandler
                0x000000000ffc2744                LPUART0_IRQHandler
                0x000000000ffc2748                LPUART1_IRQHandler
                0x000000000ffc274c                LPUART2_IRQHandler
                0x000000000ffc2750                LPUART3_IRQHandler
                0x000000000ffc2754                PDM_EVENT_IRQHandler
                0x000000000ffc2758                PDM_HWVAD_EVENT_IRQHandler
                0x000000000ffc275c                SAI0_IRQHandler
                0x000000000ffc2760                SAI1_IRQHandler
                0x000000000ffc2764                SAI2_IRQHandler
                0x000000000ffc2768                SAI3_IRQHandler
                0x000000000ffc276c                SAI6_IRQHandler
                0x000000000ffc2770                SAI7_IRQHandler
                0x000000000ffc2774                SPDIF_IRQHandler
                0x000000000ffc2778                FlexSPI0_IRQHandler
                0x000000000ffc277c                FlexSPI1_IRQHandler
                0x000000000ffc2780                FlexSPI2_IRQHandler
                0x000000000ffc2784                uSDHC0_IRQHandler
                0x000000000ffc2788                uSDHC1_IRQHandler
                0x000000000ffc278c                uSDHC2_IRQHandler
                0x000000000ffc2790                FLEXIO1_IRQHandler
                0x000000000ffc2794                I3C0_IRQHandler
                0x000000000ffc2798                I3C1_IRQHandler
                0x000000000ffc279c                DMA1_0_IRQHandler
                0x000000000ffc27a4                DMA1_1_IRQHandler
 .text          0x000000000ffc284c       0xa0 CMakeFiles/power_mode_switch.elf.dir/nxp/00-imx/imx8ulp/sdk/2.14.0/devices/MIMX8UD7/utilities/fsl_memcpy.S.obj
                0x000000000ffc284c                memcpy
 .text          0x000000000ffc28ec       0x30 /home/user/.mcuxpressotools/gcc-arm-none-eabi-10.3-2021.10/bin/../lib/gcc/arm-none-eabi/10.3.1/thumb/v8-m.main+fp/hard/libgcc.a(_aeabi_uldivmod.o)
                0x000000000ffc28ec                __aeabi_uldivmod
 .text          0x000000000ffc291c      0x2ec /home/user/.mcuxpressotools/gcc-arm-none-eabi-10.3-2021.10/bin/../lib/gcc/arm-none-eabi/10.3.1/thumb/v8-m.main+fp/hard/libgcc.a(_udivmoddi4.o)
                0x000000000ffc291c                __udivmoddi4
 .text          0x000000000ffc2c08        0x4 /home/user/.mcuxpressotools/gcc-arm-none-eabi-10.3-2021.10/bin/../lib/gcc/arm-none-eabi/10.3.1/thumb/v8-m.main+fp/hard/libgcc.a(_dvmd_tls.o)
                0x000000000ffc2c08                __aeabi_ldiv0
                0x000000000ffc2c08                __aeabi_idiv0
 .text          0x000000000ffc2c0c       0x10 /home/user/.mcuxpressotools/gcc-arm-none-eabi-10.3-2021.10/bin/../lib/gcc/arm-none-eabi/10.3.1/../../../../arm-none-eabi/lib/thumb/v8-m.main+fp/hard/libc_nano.a(lib_a-strlen.o)
                0x000000000ffc2c0c                strlen
 *(.text*)
 .text.copyResourceTable
                0x000000000ffc2c1c       0x1c CMakeFiles/power_mode_switch.elf.dir/nxp/00-imx/imx8ulp/sdk/vs/evkmimx8ulp_power_mode_switch/rsc_table.c.obj
                0x000000000ffc2c1c                copyResourceTable
 .text.__NVIC_EnableIRQ
                0x000000000ffc2c38       0x3c CMakeFiles/power_mode_switch.elf.dir/nxp/00-imx/imx8ulp/sdk/vs/evkmimx8ulp_power_mode_switch/power_mode_switch.c.obj
 .text.__NVIC_SetPriority
                0x000000000ffc2c74       0x54 CMakeFiles/power_mode_switch.elf.dir/nxp/00-imx/imx8ulp/sdk/vs/evkmimx8ulp_power_mode_switch/power_mode_switch.c.obj
 .text.CLOCK_EnableClock
                0x000000000ffc2cc8       0x68 CMakeFiles/power_mode_switch.elf.dir/nxp/00-imx/imx8ulp/sdk/vs/evkmimx8ulp_power_mode_switch/power_mode_switch.c.obj
 .text.EnableIRQ
                0x000000000ffc2d30       0x32 CMakeFiles/power_mode_switch.elf.dir/nxp/00-imx/imx8ulp/sdk/vs/evkmimx8ulp_power_mode_switch/power_mode_switch.c.obj
 .text.DisableGlobalIRQ
                0x000000000ffc2d62       0x22 CMakeFiles/power_mode_switch.elf.dir/nxp/00-imx/imx8ulp/sdk/vs/evkmimx8ulp_power_mode_switch/power_mode_switch.c.obj
 .text.EnableGlobalIRQ
                0x000000000ffc2d84       0x20 CMakeFiles/power_mode_switch.elf.dir/nxp/00-imx/imx8ulp/sdk/vs/evkmimx8ulp_power_mode_switch/power_mode_switch.c.obj
 .text.RGPIO_GetPinsInterruptFlags
                0x000000000ffc2da4       0x22 CMakeFiles/power_mode_switch.elf.dir/nxp/00-imx/imx8ulp/sdk/vs/evkmimx8ulp_power_mode_switch/power_mode_switch.c.obj
 .text.LPTMR_EnableInterrupts
                0x000000000ffc2dc6       0x32 CMakeFiles/power_mode_switch.elf.dir/nxp/00-imx/imx8ulp/sdk/vs/evkmimx8ulp_power_mode_switch/power_mode_switch.c.obj
 .text.LPTMR_DisableInterrupts
                0x000000000ffc2df8       0x34 CMakeFiles/power_mode_switch.elf.dir/nxp/00-imx/imx8ulp/sdk/vs/evkmimx8ulp_power_mode_switch/power_mode_switch.c.obj
 .text.LPTMR_GetEnabledInterrupts
                0x000000000ffc2e2c       0x1c CMakeFiles/power_mode_switch.elf.dir/nxp/00-imx/imx8ulp/sdk/vs/evkmimx8ulp_power_mode_switch/power_mode_switch.c.obj
 .text.LPTMR_ClearStatusFlags
                0x000000000ffc2e48       0x22 CMakeFiles/power_mode_switch.elf.dir/nxp/00-imx/imx8ulp/sdk/vs/evkmimx8ulp_power_mode_switch/power_mode_switch.c.obj
 *fill*         0x000000000ffc2e6a        0x2 
 .text.LPTMR_SetTimerPeriod
                0x000000000ffc2e6c       0x3c CMakeFiles/power_mode_switch.elf.dir/nxp/00-imx/imx8ulp/sdk/vs/evkmimx8ulp_power_mode_switch/power_mode_switch.c.obj
 .text.LPTMR_StartTimer
                0x000000000ffc2ea8       0x30 CMakeFiles/power_mode_switch.elf.dir/nxp/00-imx/imx8ulp/sdk/vs/evkmimx8ulp_power_mode_switch/power_mode_switch.c.obj
 .text.LPTMR_StopTimer
                0x000000000ffc2ed8       0x30 CMakeFiles/power_mode_switch.elf.dir/nxp/00-imx/imx8ulp/sdk/vs/evkmimx8ulp_power_mode_switch/power_mode_switch.c.obj
 .text.WUU_GetModuleInterruptFlag
                0x000000000ffc2f08       0x18 CMakeFiles/power_mode_switch.elf.dir/nxp/00-imx/imx8ulp/sdk/vs/evkmimx8ulp_power_mode_switch/power_mode_switch.c.obj
 .text.WUU_GetInternalWakeupModuleFlag
                0x000000000ffc2f20       0x36 CMakeFiles/power_mode_switch.elf.dir/nxp/00-imx/imx8ulp/sdk/vs/evkmimx8ulp_power_mode_switch/power_mode_switch.c.obj
 .text.IOMUXC_SetPinMux
                0x000000000ffc2f56       0x4e CMakeFiles/power_mode_switch.elf.dir/nxp/00-imx/imx8ulp/sdk/vs/evkmimx8ulp_power_mode_switch/power_mode_switch.c.obj
 .text.IOMUXC_SetPinConfig
                0x000000000ffc2fa4       0x44 CMakeFiles/power_mode_switch.elf.dir/nxp/00-imx/imx8ulp/sdk/vs/evkmimx8ulp_power_mode_switch/power_mode_switch.c.obj
 .text.APP_Suspend
                0x000000000ffc2fe8      0x1cc CMakeFiles/power_mode_switch.elf.dir/nxp/00-imx/imx8ulp/sdk/vs/evkmimx8ulp_power_mode_switch/power_mode_switch.c.obj
 .text.APP_Resume
                0x000000000ffc31b4       0xec CMakeFiles/power_mode_switch.elf.dir/nxp/00-imx/imx8ulp/sdk/vs/evkmimx8ulp_power_mode_switch/power_mode_switch.c.obj
 .text.APP_DisableGPIO
                0x000000000ffc32a0       0xd8 CMakeFiles/power_mode_switch.elf.dir/nxp/00-imx/imx8ulp/sdk/vs/evkmimx8ulp_power_mode_switch/power_mode_switch.c.obj
                0x000000000ffc32a0                APP_DisableGPIO
 .text.APP_PowerPreSwitchHook
                0x000000000ffc3378       0xf4 CMakeFiles/power_mode_switch.elf.dir/nxp/00-imx/imx8ulp/sdk/vs/evkmimx8ulp_power_mode_switch/power_mode_switch.c.obj
                0x000000000ffc3378                APP_PowerPreSwitchHook
 .text.APP_PowerPostSwitchHook
                0x000000000ffc346c       0xdc CMakeFiles/power_mode_switch.elf.dir/nxp/00-imx/imx8ulp/sdk/vs/evkmimx8ulp_power_mode_switch/power_mode_switch.c.obj
                0x000000000ffc346c                APP_PowerPostSwitchHook
 .text.APP_GetAllowCombiName
                0x000000000ffc3548       0x38 CMakeFiles/power_mode_switch.elf.dir/nxp/00-imx/imx8ulp/sdk/vs/evkmimx8ulp_power_mode_switch/power_mode_switch.c.obj
 .text.APP_GetRtdPwrModeName
                0x000000000ffc3580       0x80 CMakeFiles/power_mode_switch.elf.dir/nxp/00-imx/imx8ulp/sdk/vs/evkmimx8ulp_power_mode_switch/power_mode_switch.c.obj
 .text.APP_GetAdPwrModeName
                0x000000000ffc3600       0x5c CMakeFiles/power_mode_switch.elf.dir/nxp/00-imx/imx8ulp/sdk/vs/evkmimx8ulp_power_mode_switch/power_mode_switch.c.obj
 .text.APP_GetModeAllowCombi
                0x000000000ffc365c       0xd8 CMakeFiles/power_mode_switch.elf.dir/nxp/00-imx/imx8ulp/sdk/vs/evkmimx8ulp_power_mode_switch/power_mode_switch.c.obj
 .text.APP_ShowModeCombi
                0x000000000ffc3734      0x124 CMakeFiles/power_mode_switch.elf.dir/nxp/00-imx/imx8ulp/sdk/vs/evkmimx8ulp_power_mode_switch/power_mode_switch.c.obj
 .text.APP_AllowGiveSig
                0x000000000ffc3858       0x80 CMakeFiles/power_mode_switch.elf.dir/nxp/00-imx/imx8ulp/sdk/vs/evkmimx8ulp_power_mode_switch/power_mode_switch.c.obj
 .text.APP_WUU0_IRQHandler
                0x000000000ffc38d8       0x98 CMakeFiles/power_mode_switch.elf.dir/nxp/00-imx/imx8ulp/sdk/vs/evkmimx8ulp_power_mode_switch/power_mode_switch.c.obj
                0x000000000ffc38d8                APP_WUU0_IRQHandler
 .text.LPTMR1_IRQHandler
                0x000000000ffc3970       0x88 CMakeFiles/power_mode_switch.elf.dir/nxp/00-imx/imx8ulp/sdk/vs/evkmimx8ulp_power_mode_switch/power_mode_switch.c.obj
                0x000000000ffc3970                LPTMR1_IRQHandler
 .text.APP_IRQDispatcher
                0x000000000ffc39f8       0xc4 CMakeFiles/power_mode_switch.elf.dir/nxp/00-imx/imx8ulp/sdk/vs/evkmimx8ulp_power_mode_switch/power_mode_switch.c.obj
 .text.APP_GetWakeupTimeout
                0x000000000ffc3abc       0xb0 CMakeFiles/power_mode_switch.elf.dir/nxp/00-imx/imx8ulp/sdk/vs/evkmimx8ulp_power_mode_switch/power_mode_switch.c.obj
 .text.APP_GetWakeupSource
                0x000000000ffc3b6c       0x78 CMakeFiles/power_mode_switch.elf.dir/nxp/00-imx/imx8ulp/sdk/vs/evkmimx8ulp_power_mode_switch/power_mode_switch.c.obj
 .text.APP_GetWakeupConfig
                0x000000000ffc3be4       0x50 CMakeFiles/power_mode_switch.elf.dir/nxp/00-imx/imx8ulp/sdk/vs/evkmimx8ulp_power_mode_switch/power_mode_switch.c.obj
 .text.APP_SetWakeupConfig
                0x000000000ffc3c34       0xdc CMakeFiles/power_mode_switch.elf.dir/nxp/00-imx/imx8ulp/sdk/vs/evkmimx8ulp_power_mode_switch/power_mode_switch.c.obj
 .text.APP_ClearWakeupConfig
                0x000000000ffc3d10       0x40 CMakeFiles/power_mode_switch.elf.dir/nxp/00-imx/imx8ulp/sdk/vs/evkmimx8ulp_power_mode_switch/power_mode_switch.c.obj
 .text.PowerModeSwitchTask
                0x000000000ffc3d50      0x31c CMakeFiles/power_mode_switch.elf.dir/nxp/00-imx/imx8ulp/sdk/vs/evkmimx8ulp_power_mode_switch/power_mode_switch.c.obj
                0x000000000ffc3d50                PowerModeSwitchTask
 .text.vApplicationMallocFailedHook
                0x000000000ffc406c       0x14 CMakeFiles/power_mode_switch.elf.dir/nxp/00-imx/imx8ulp/sdk/vs/evkmimx8ulp_power_mode_switch/power_mode_switch.c.obj
                0x000000000ffc406c                vApplicationMallocFailedHook
 .text.vPortSuppressTicksAndSleep
                0x000000000ffc4080      0x102 CMakeFiles/power_mode_switch.elf.dir/nxp/00-imx/imx8ulp/sdk/vs/evkmimx8ulp_power_mode_switch/power_mode_switch.c.obj
                0x000000000ffc4080                vPortSuppressTicksAndSleep
 *fill*         0x000000000ffc4182        0x2 
 .text.APP_LpmListener
                0x000000000ffc4184       0x3c CMakeFiles/power_mode_switch.elf.dir/nxp/00-imx/imx8ulp/sdk/vs/evkmimx8ulp_power_mode_switch/power_mode_switch.c.obj
 .text.WorkingTask
                0x000000000ffc41c0       0x2c CMakeFiles/power_mode_switch.elf.dir/nxp/00-imx/imx8ulp/sdk/vs/evkmimx8ulp_power_mode_switch/power_mode_switch.c.obj
 .text.main     0x000000000ffc41ec      0x15c CMakeFiles/power_mode_switch.elf.dir/nxp/00-imx/imx8ulp/sdk/vs/evkmimx8ulp_power_mode_switch/power_mode_switch.c.obj
                0x000000000ffc41ec                main
 .text.__NVIC_SetPriorityGrouping
                0x000000000ffc4348       0x48 CMakeFiles/power_mode_switch.elf.dir/nxp/00-imx/imx8ulp/sdk/vs/evkmimx8ulp_power_mode_switch/lpm.c.obj
 .text.__NVIC_GetPriorityGrouping
                0x000000000ffc4390       0x1c CMakeFiles/power_mode_switch.elf.dir/nxp/00-imx/imx8ulp/sdk/vs/evkmimx8ulp_power_mode_switch/lpm.c.obj
 .text.__NVIC_EnableIRQ
                0x000000000ffc43ac       0x3c CMakeFiles/power_mode_switch.elf.dir/nxp/00-imx/imx8ulp/sdk/vs/evkmimx8ulp_power_mode_switch/lpm.c.obj
 .text.__NVIC_DisableIRQ
                0x000000000ffc43e8       0x48 CMakeFiles/power_mode_switch.elf.dir/nxp/00-imx/imx8ulp/sdk/vs/evkmimx8ulp_power_mode_switch/lpm.c.obj
 .text.__NVIC_SetPriority
                0x000000000ffc4430       0x54 CMakeFiles/power_mode_switch.elf.dir/nxp/00-imx/imx8ulp/sdk/vs/evkmimx8ulp_power_mode_switch/lpm.c.obj
 .text.DisableIRQ
                0x000000000ffc4484       0x32 CMakeFiles/power_mode_switch.elf.dir/nxp/00-imx/imx8ulp/sdk/vs/evkmimx8ulp_power_mode_switch/lpm.c.obj
 .text.DisableGlobalIRQ
                0x000000000ffc44b6       0x22 CMakeFiles/power_mode_switch.elf.dir/nxp/00-imx/imx8ulp/sdk/vs/evkmimx8ulp_power_mode_switch/lpm.c.obj
 .text.EnableGlobalIRQ
                0x000000000ffc44d8       0x20 CMakeFiles/power_mode_switch.elf.dir/nxp/00-imx/imx8ulp/sdk/vs/evkmimx8ulp_power_mode_switch/lpm.c.obj
 .text.LPTMR_EnableInterrupts
                0x000000000ffc44f8       0x32 CMakeFiles/power_mode_switch.elf.dir/nxp/00-imx/imx8ulp/sdk/vs/evkmimx8ulp_power_mode_switch/lpm.c.obj
 .text.LPTMR_ClearStatusFlags
                0x000000000ffc452a       0x22 CMakeFiles/power_mode_switch.elf.dir/nxp/00-imx/imx8ulp/sdk/vs/evkmimx8ulp_power_mode_switch/lpm.c.obj
 .text.LPTMR_SetTimerPeriod
                0x000000000ffc454c       0x3c CMakeFiles/power_mode_switch.elf.dir/nxp/00-imx/imx8ulp/sdk/vs/evkmimx8ulp_power_mode_switch/lpm.c.obj
 .text.LPTMR_StartTimer
                0x000000000ffc4588       0x30 CMakeFiles/power_mode_switch.elf.dir/nxp/00-imx/imx8ulp/sdk/vs/evkmimx8ulp_power_mode_switch/lpm.c.obj
 .text.LPTMR_StopTimer
                0x000000000ffc45b8       0x30 CMakeFiles/power_mode_switch.elf.dir/nxp/00-imx/imx8ulp/sdk/vs/evkmimx8ulp_power_mode_switch/lpm.c.obj
 .text.RTDCMC_EnableDebugOperation
                0x000000000ffc45e8       0x40 CMakeFiles/power_mode_switch.elf.dir/nxp/00-imx/imx8ulp/sdk/vs/evkmimx8ulp_power_mode_switch/lpm.c.obj
 .text.IOMUXC_SetPinMux
                0x000000000ffc4628       0x4e CMakeFiles/power_mode_switch.elf.dir/nxp/00-imx/imx8ulp/sdk/vs/evkmimx8ulp_power_mode_switch/lpm.c.obj
 *fill*         0x000000000ffc4676        0x2 
 .text.LPM_Init
                0x000000000ffc4678       0x48 CMakeFiles/power_mode_switch.elf.dir/nxp/00-imx/imx8ulp/sdk/vs/evkmimx8ulp_power_mode_switch/lpm.c.obj
                0x000000000ffc4678                LPM_Init
 .text.LPM_SetPowerMode
                0x000000000ffc46c0       0xd0 CMakeFiles/power_mode_switch.elf.dir/nxp/00-imx/imx8ulp/sdk/vs/evkmimx8ulp_power_mode_switch/lpm.c.obj
                0x000000000ffc46c0                LPM_SetPowerMode
 .text.LPM_GetPowerMode
                0x000000000ffc4790       0x18 CMakeFiles/power_mode_switch.elf.dir/nxp/00-imx/imx8ulp/sdk/vs/evkmimx8ulp_power_mode_switch/lpm.c.obj
                0x000000000ffc4790                LPM_GetPowerMode
 .text.LPM_SystemSleep
                0x000000000ffc47a8       0xcc CMakeFiles/power_mode_switch.elf.dir/nxp/00-imx/imx8ulp/sdk/vs/evkmimx8ulp_power_mode_switch/lpm.c.obj
                0x000000000ffc47a8                LPM_SystemSleep
 .text.LPM_SystemDeepSleep
                0x000000000ffc4874      0x104 CMakeFiles/power_mode_switch.elf.dir/nxp/00-imx/imx8ulp/sdk/vs/evkmimx8ulp_power_mode_switch/lpm.c.obj
                0x000000000ffc4874                LPM_SystemDeepSleep
 .text.LPM_NvicStateSave
                0x000000000ffc4978      0x150 CMakeFiles/power_mode_switch.elf.dir/nxp/00-imx/imx8ulp/sdk/vs/evkmimx8ulp_power_mode_switch/lpm.c.obj
                0x000000000ffc4978                LPM_NvicStateSave
 .text.LPM_NvicStateRestore
                0x000000000ffc4ac8      0x140 CMakeFiles/power_mode_switch.elf.dir/nxp/00-imx/imx8ulp/sdk/vs/evkmimx8ulp_power_mode_switch/lpm.c.obj
                0x000000000ffc4ac8                LPM_NvicStateRestore
 .text.LPM_SaveRegister
                0x000000000ffc4c08       0x52 CMakeFiles/power_mode_switch.elf.dir/nxp/00-imx/imx8ulp/sdk/vs/evkmimx8ulp_power_mode_switch/lpm.c.obj
                0x000000000ffc4c08                LPM_SaveRegister
 *fill*         0x000000000ffc4c5a        0x2 
 .text.LPM_ModuleStateSave
                0x000000000ffc4c5c      0x33c CMakeFiles/power_mode_switch.elf.dir/nxp/00-imx/imx8ulp/sdk/vs/evkmimx8ulp_power_mode_switch/lpm.c.obj
                0x000000000ffc4c5c                LPM_ModuleStateSave
 .text.LPM_Suspend
                0x000000000ffc4f98       0x74 CMakeFiles/power_mode_switch.elf.dir/nxp/00-imx/imx8ulp/sdk/vs/evkmimx8ulp_power_mode_switch/lpm.c.obj
                0x000000000ffc4f98                LPM_Suspend
 .text.LPM_SystemPowerDown
                0x000000000ffc500c      0x15c CMakeFiles/power_mode_switch.elf.dir/nxp/00-imx/imx8ulp/sdk/vs/evkmimx8ulp_power_mode_switch/lpm.c.obj
                0x000000000ffc500c                LPM_SystemPowerDown
 .text.LPM_WaitForInterrupt
                0x000000000ffc5168      0x124 CMakeFiles/power_mode_switch.elf.dir/nxp/00-imx/imx8ulp/sdk/vs/evkmimx8ulp_power_mode_switch/lpm.c.obj
                0x000000000ffc5168                LPM_WaitForInterrupt
 .text.LPM_RegisterPowerListener
                0x000000000ffc528c       0x9c CMakeFiles/power_mode_switch.elf.dir/nxp/00-imx/imx8ulp/sdk/vs/evkmimx8ulp_power_mode_switch/lpm.c.obj
                0x000000000ffc528c                LPM_RegisterPowerListener
 .text.LPTMR0_IRQHandler
                0x000000000ffc5328       0x58 CMakeFiles/power_mode_switch.elf.dir/nxp/00-imx/imx8ulp/sdk/vs/evkmimx8ulp_power_mode_switch/lpm.c.obj
                0x000000000ffc5328                LPTMR0_IRQHandler
 .text.vPortSetupTimerInterrupt
                0x000000000ffc5380       0x60 CMakeFiles/power_mode_switch.elf.dir/nxp/00-imx/imx8ulp/sdk/vs/evkmimx8ulp_power_mode_switch/lpm.c.obj
                0x000000000ffc5380                vPortSetupTimerInterrupt
 .text.IOMUXC_SetPinMux
                0x000000000ffc53e0       0x4e CMakeFiles/power_mode_switch.elf.dir/nxp/00-imx/imx8ulp/sdk/vs/evkmimx8ulp_power_mode_switch/pin_mux.c.obj
 .text.IOMUXC_SetPinConfig
                0x000000000ffc542e       0x44 CMakeFiles/power_mode_switch.elf.dir/nxp/00-imx/imx8ulp/sdk/vs/evkmimx8ulp_power_mode_switch/pin_mux.c.obj
 .text.BOARD_InitBootPins
                0x000000000ffc5472       0x30 CMakeFiles/power_mode_switch.elf.dir/nxp/00-imx/imx8ulp/sdk/vs/evkmimx8ulp_power_mode_switch/pin_mux.c.obj
                0x000000000ffc5472                BOARD_InitBootPins
 *fill*         0x000000000ffc54a2        0x2 
 .text.BOARD_InitLpuartPins
                0x000000000ffc54a4       0x6c CMakeFiles/power_mode_switch.elf.dir/nxp/00-imx/imx8ulp/sdk/vs/evkmimx8ulp_power_mode_switch/pin_mux.c.obj
                0x000000000ffc54a4                BOARD_InitLpuartPins
 .text.BOARD_InitI2cPins
                0x000000000ffc5510       0xcc CMakeFiles/power_mode_switch.elf.dir/nxp/00-imx/imx8ulp/sdk/vs/evkmimx8ulp_power_mode_switch/pin_mux.c.obj
                0x000000000ffc5510                BOARD_InitI2cPins
 .text.BOARD_InitPmicI2cPins
                0x000000000ffc55dc       0x6c CMakeFiles/power_mode_switch.elf.dir/nxp/00-imx/imx8ulp/sdk/vs/evkmimx8ulp_power_mode_switch/pin_mux.c.obj
                0x000000000ffc55dc                BOARD_InitPmicI2cPins
 .text.BOARD_InitI2sPins
                0x000000000ffc5648       0xe4 CMakeFiles/power_mode_switch.elf.dir/nxp/00-imx/imx8ulp/sdk/vs/evkmimx8ulp_power_mode_switch/pin_mux.c.obj
                0x000000000ffc5648                BOARD_InitI2sPins
 .text.BOARD_InitTpmPins
                0x000000000ffc572c       0x3c CMakeFiles/power_mode_switch.elf.dir/nxp/00-imx/imx8ulp/sdk/vs/evkmimx8ulp_power_mode_switch/pin_mux.c.obj
                0x000000000ffc572c                BOARD_InitTpmPins
 .text.BOARD_InitHdmiIntPins
                0x000000000ffc5768       0x38 CMakeFiles/power_mode_switch.elf.dir/nxp/00-imx/imx8ulp/sdk/vs/evkmimx8ulp_power_mode_switch/pin_mux.c.obj
                0x000000000ffc5768                BOARD_InitHdmiIntPins
 .text.BOARD_InitTouchIntPins
                0x000000000ffc57a0       0x38 CMakeFiles/power_mode_switch.elf.dir/nxp/00-imx/imx8ulp/sdk/vs/evkmimx8ulp_power_mode_switch/pin_mux.c.obj
                0x000000000ffc57a0                BOARD_InitTouchIntPins
 .text.BOARD_InitButtonPins
                0x000000000ffc57d8       0x68 CMakeFiles/power_mode_switch.elf.dir/nxp/00-imx/imx8ulp/sdk/vs/evkmimx8ulp_power_mode_switch/pin_mux.c.obj
                0x000000000ffc57d8                BOARD_InitButtonPins
 .text.BOARD_InitPmicModePins
                0x000000000ffc5840       0x90 CMakeFiles/power_mode_switch.elf.dir/nxp/00-imx/imx8ulp/sdk/vs/evkmimx8ulp_power_mode_switch/pin_mux.c.obj
                0x000000000ffc5840                BOARD_InitPmicModePins
 .text.BOARD_InitLsm6dsoPins
                0x000000000ffc58d0       0x38 CMakeFiles/power_mode_switch.elf.dir/nxp/00-imx/imx8ulp/sdk/vs/evkmimx8ulp_power_mode_switch/pin_mux.c.obj
                0x000000000ffc58d0                BOARD_InitLsm6dsoPins
 .text.ARM_MPU_Enable
                0x000000000ffc5908       0x44 CMakeFiles/power_mode_switch.elf.dir/nxp/00-imx/imx8ulp/sdk/vs/evkmimx8ulp_power_mode_switch/board.c.obj
 .text.ARM_MPU_Disable
                0x000000000ffc594c       0x40 CMakeFiles/power_mode_switch.elf.dir/nxp/00-imx/imx8ulp/sdk/vs/evkmimx8ulp_power_mode_switch/board.c.obj
 .text.ARM_MPU_SetMemAttrEx
                0x000000000ffc598c       0x6a CMakeFiles/power_mode_switch.elf.dir/nxp/00-imx/imx8ulp/sdk/vs/evkmimx8ulp_power_mode_switch/board.c.obj
 *fill*         0x000000000ffc59f6        0x2 
 .text.ARM_MPU_SetMemAttr
                0x000000000ffc59f8       0x28 CMakeFiles/power_mode_switch.elf.dir/nxp/00-imx/imx8ulp/sdk/vs/evkmimx8ulp_power_mode_switch/board.c.obj
 .text.ARM_MPU_SetRegionEx
                0x000000000ffc5a20       0x2c CMakeFiles/power_mode_switch.elf.dir/nxp/00-imx/imx8ulp/sdk/vs/evkmimx8ulp_power_mode_switch/board.c.obj
 .text.ARM_MPU_SetRegion
                0x000000000ffc5a4c       0x24 CMakeFiles/power_mode_switch.elf.dir/nxp/00-imx/imx8ulp/sdk/vs/evkmimx8ulp_power_mode_switch/board.c.obj
 .text.TPM_StartTimer
                0x000000000ffc5a70       0x3a CMakeFiles/power_mode_switch.elf.dir/nxp/00-imx/imx8ulp/sdk/vs/evkmimx8ulp_power_mode_switch/board.c.obj
 .text.TRDC_SetDacGlobalValid
                0x000000000ffc5aaa       0x20 CMakeFiles/power_mode_switch.elf.dir/nxp/00-imx/imx8ulp/sdk/vs/evkmimx8ulp_power_mode_switch/board.c.obj
 .text.TRDC_SetMrcGlobalValid
                0x000000000ffc5aca       0x20 CMakeFiles/power_mode_switch.elf.dir/nxp/00-imx/imx8ulp/sdk/vs/evkmimx8ulp_power_mode_switch/board.c.obj
 .text.TRDC_GetMrcRegionNumber
                0x000000000ffc5aea       0x2c CMakeFiles/power_mode_switch.elf.dir/nxp/00-imx/imx8ulp/sdk/vs/evkmimx8ulp_power_mode_switch/board.c.obj
 .text.TRDC_SetMbcGlobalValid
                0x000000000ffc5b16       0x20 CMakeFiles/power_mode_switch.elf.dir/nxp/00-imx/imx8ulp/sdk/vs/evkmimx8ulp_power_mode_switch/board.c.obj
 .text.MU_GetFlags
                0x000000000ffc5b36       0x1a CMakeFiles/power_mode_switch.elf.dir/nxp/00-imx/imx8ulp/sdk/vs/evkmimx8ulp_power_mode_switch/board.c.obj
 .text.BOARD_InitDebugConsole
                0x000000000ffc5b50       0x3c CMakeFiles/power_mode_switch.elf.dir/nxp/00-imx/imx8ulp/sdk/vs/evkmimx8ulp_power_mode_switch/board.c.obj
                0x000000000ffc5b50                BOARD_InitDebugConsole
 .text.BOARD_IsFusionAvailable
                0x000000000ffc5b8c       0x24 CMakeFiles/power_mode_switch.elf.dir/nxp/00-imx/imx8ulp/sdk/vs/evkmimx8ulp_power_mode_switch/board.c.obj
                0x000000000ffc5b8c                BOARD_IsFusionAvailable
 .text.BOARD_DumpRegs
                0x000000000ffc5bb0       0x16 CMakeFiles/power_mode_switch.elf.dir/nxp/00-imx/imx8ulp/sdk/vs/evkmimx8ulp_power_mode_switch/board.c.obj
                0x000000000ffc5bb0                BOARD_DumpRegs
 *fill*         0x000000000ffc5bc6        0x2 
 .text.BOARD_MapFsbFuseIndex
                0x000000000ffc5bc8       0xd8 CMakeFiles/power_mode_switch.elf.dir/nxp/00-imx/imx8ulp/sdk/vs/evkmimx8ulp_power_mode_switch/board.c.obj
 .text.BOARD_FuseRead
                0x000000000ffc5ca0       0x86 CMakeFiles/power_mode_switch.elf.dir/nxp/00-imx/imx8ulp/sdk/vs/evkmimx8ulp_power_mode_switch/board.c.obj
                0x000000000ffc5ca0                BOARD_FuseRead
 *fill*         0x000000000ffc5d26        0x2 
 .text.BOARD_IsRdcEnabled
                0x000000000ffc5d28       0x60 CMakeFiles/power_mode_switch.elf.dir/nxp/00-imx/imx8ulp/sdk/vs/evkmimx8ulp_power_mode_switch/board.c.obj
                0x000000000ffc5d28                BOARD_IsRdcEnabled
 .text.BOARD_ReleaseTRDC
                0x000000000ffc5d88       0x40 CMakeFiles/power_mode_switch.elf.dir/nxp/00-imx/imx8ulp/sdk/vs/evkmimx8ulp_power_mode_switch/board.c.obj
                0x000000000ffc5d88                BOARD_ReleaseTRDC
 .text.BOARD_SetTrdcGlobalConfig
                0x000000000ffc5dc8      0xea0 CMakeFiles/power_mode_switch.elf.dir/nxp/00-imx/imx8ulp/sdk/vs/evkmimx8ulp_power_mode_switch/board.c.obj
                0x000000000ffc5dc8                BOARD_SetTrdcGlobalConfig
 .text.BOARD_SetTrdcAfterApdReset
                0x000000000ffc6c68       0xd0 CMakeFiles/power_mode_switch.elf.dir/nxp/00-imx/imx8ulp/sdk/vs/evkmimx8ulp_power_mode_switch/board.c.obj
                0x000000000ffc6c68                BOARD_SetTrdcAfterApdReset
 .text.BOARD_IsLowPowerBootType
                0x000000000ffc6d38       0x24 CMakeFiles/power_mode_switch.elf.dir/nxp/00-imx/imx8ulp/sdk/vs/evkmimx8ulp_power_mode_switch/board.c.obj
                0x000000000ffc6d38                BOARD_IsLowPowerBootType
 .text.BOARD_IsLPAVOwnedByRTD
                0x000000000ffc6d5c       0x24 CMakeFiles/power_mode_switch.elf.dir/nxp/00-imx/imx8ulp/sdk/vs/evkmimx8ulp_power_mode_switch/board.c.obj
                0x000000000ffc6d5c                BOARD_IsLPAVOwnedByRTD
 .text.BOARD_IsSingleBootType
                0x000000000ffc6d80       0x24 CMakeFiles/power_mode_switch.elf.dir/nxp/00-imx/imx8ulp/sdk/vs/evkmimx8ulp_power_mode_switch/board.c.obj
                0x000000000ffc6d80                BOARD_IsSingleBootType
 .text.BOARD_GetBootTypeName
                0x000000000ffc6da4       0x44 CMakeFiles/power_mode_switch.elf.dir/nxp/00-imx/imx8ulp/sdk/vs/evkmimx8ulp_power_mode_switch/board.c.obj
                0x000000000ffc6da4                BOARD_GetBootTypeName
 .text.BOARD_HandshakeWithUboot
                0x000000000ffc6de8       0xc8 CMakeFiles/power_mode_switch.elf.dir/nxp/00-imx/imx8ulp/sdk/vs/evkmimx8ulp_power_mode_switch/board.c.obj
                0x000000000ffc6de8                BOARD_HandshakeWithUboot
 .text.BOARD_ConfigMPU
                0x000000000ffc6eb0      0x130 CMakeFiles/power_mode_switch.elf.dir/nxp/00-imx/imx8ulp/sdk/vs/evkmimx8ulp_power_mode_switch/board.c.obj
                0x000000000ffc6eb0                BOARD_ConfigMPU
 .text.BOARD_FlexspiClockSafeConfig
                0x000000000ffc6fe0       0x3c CMakeFiles/power_mode_switch.elf.dir/nxp/00-imx/imx8ulp/sdk/vs/evkmimx8ulp_power_mode_switch/board.c.obj
                0x000000000ffc6fe0                BOARD_FlexspiClockSafeConfig
 .text.BOARD_LPI2C_Init
                0x000000000ffc701c       0x3e CMakeFiles/power_mode_switch.elf.dir/nxp/00-imx/imx8ulp/sdk/vs/evkmimx8ulp_power_mode_switch/board.c.obj
                0x000000000ffc701c                BOARD_LPI2C_Init
 .text.BOARD_LPI2C_Send
                0x000000000ffc705a       0x48 CMakeFiles/power_mode_switch.elf.dir/nxp/00-imx/imx8ulp/sdk/vs/evkmimx8ulp_power_mode_switch/board.c.obj
                0x000000000ffc705a                BOARD_LPI2C_Send
 .text.BOARD_LPI2C_Receive
                0x000000000ffc70a2       0x48 CMakeFiles/power_mode_switch.elf.dir/nxp/00-imx/imx8ulp/sdk/vs/evkmimx8ulp_power_mode_switch/board.c.obj
                0x000000000ffc70a2                BOARD_LPI2C_Receive
 *fill*         0x000000000ffc70ea        0x2 
 .text.BOARD_Accel_I2C_Send
                0x000000000ffc70ec       0x44 CMakeFiles/power_mode_switch.elf.dir/nxp/00-imx/imx8ulp/sdk/vs/evkmimx8ulp_power_mode_switch/board.c.obj
                0x000000000ffc70ec                BOARD_Accel_I2C_Send
 .text.BOARD_Accel_I2C_Receive
                0x000000000ffc7130       0x3c CMakeFiles/power_mode_switch.elf.dir/nxp/00-imx/imx8ulp/sdk/vs/evkmimx8ulp_power_mode_switch/board.c.obj
                0x000000000ffc7130                BOARD_Accel_I2C_Receive
 .text.BOARD_PCA6416A_I2C_Init
                0x000000000ffc716c       0x1c CMakeFiles/power_mode_switch.elf.dir/nxp/00-imx/imx8ulp/sdk/vs/evkmimx8ulp_power_mode_switch/board.c.obj
                0x000000000ffc716c                BOARD_PCA6416A_I2C_Init
 .text.BOARD_PCA6416A_I2C_Send
                0x000000000ffc7188       0x3c CMakeFiles/power_mode_switch.elf.dir/nxp/00-imx/imx8ulp/sdk/vs/evkmimx8ulp_power_mode_switch/board.c.obj
                0x000000000ffc7188                BOARD_PCA6416A_I2C_Send
 .text.BOARD_PCA6416A_I2C_Receive
                0x000000000ffc71c4       0x3c CMakeFiles/power_mode_switch.elf.dir/nxp/00-imx/imx8ulp/sdk/vs/evkmimx8ulp_power_mode_switch/board.c.obj
                0x000000000ffc71c4                BOARD_PCA6416A_I2C_Receive
 .text.BOARD_InitPCA6416A
                0x000000000ffc7200       0x20 CMakeFiles/power_mode_switch.elf.dir/nxp/00-imx/imx8ulp/sdk/vs/evkmimx8ulp_power_mode_switch/board.c.obj
                0x000000000ffc7200                BOARD_InitPCA6416A
 .text.BOARD_InitMipiDsiPins
                0x000000000ffc7220       0x28 CMakeFiles/power_mode_switch.elf.dir/nxp/00-imx/imx8ulp/sdk/vs/evkmimx8ulp_power_mode_switch/board.c.obj
                0x000000000ffc7220                BOARD_InitMipiDsiPins
 .text.BOARD_EnableMipiDsiBacklight
                0x000000000ffc7248       0x60 CMakeFiles/power_mode_switch.elf.dir/nxp/00-imx/imx8ulp/sdk/vs/evkmimx8ulp_power_mode_switch/board.c.obj
                0x000000000ffc7248                BOARD_EnableMipiDsiBacklight
 .text.BOARD_LpavInit
                0x000000000ffc72a8      0x150 CMakeFiles/power_mode_switch.elf.dir/nxp/00-imx/imx8ulp/sdk/vs/evkmimx8ulp_power_mode_switch/board.c.obj
                0x000000000ffc72a8                BOARD_LpavInit
 .text.ddrInit  0x000000000ffc73f8      0x188 CMakeFiles/power_mode_switch.elf.dir/nxp/00-imx/imx8ulp/sdk/vs/evkmimx8ulp_power_mode_switch/board.c.obj
 .text.BOARD_DdrSave
                0x000000000ffc7580      0x188 CMakeFiles/power_mode_switch.elf.dir/nxp/00-imx/imx8ulp/sdk/vs/evkmimx8ulp_power_mode_switch/board.c.obj
                0x000000000ffc7580                BOARD_DdrSave
 .text.BOARD_LpavSave
                0x000000000ffc7708       0xe8 CMakeFiles/power_mode_switch.elf.dir/nxp/00-imx/imx8ulp/sdk/vs/evkmimx8ulp_power_mode_switch/board.c.obj
                0x000000000ffc7708                BOARD_LpavSave
 .text.BOARD_DramEnterRetention
                0x000000000ffc77f0       0xa0 CMakeFiles/power_mode_switch.elf.dir/nxp/00-imx/imx8ulp/sdk/vs/evkmimx8ulp_power_mode_switch/board.c.obj
                0x000000000ffc77f0                BOARD_DramEnterRetention
 .text.BOARD_DramExitRetention
                0x000000000ffc7890      0x360 CMakeFiles/power_mode_switch.elf.dir/nxp/00-imx/imx8ulp/sdk/vs/evkmimx8ulp_power_mode_switch/board.c.obj
                0x000000000ffc7890                BOARD_DramExitRetention
 .text.CLOCK_SetCm33SysClkConfig
                0x000000000ffc7bf0       0xa0 CMakeFiles/power_mode_switch.elf.dir/nxp/00-imx/imx8ulp/sdk/vs/evkmimx8ulp_power_mode_switch/clock_config.c.obj
 .text.CLOCK_IsSysOscValid
                0x000000000ffc7c90       0x28 CMakeFiles/power_mode_switch.elf.dir/nxp/00-imx/imx8ulp/sdk/vs/evkmimx8ulp_power_mode_switch/clock_config.c.obj
 .text.CLOCK_IsRtcOscValid
                0x000000000ffc7cb8       0x28 CMakeFiles/power_mode_switch.elf.dir/nxp/00-imx/imx8ulp/sdk/vs/evkmimx8ulp_power_mode_switch/clock_config.c.obj
 .text.CLOCK_SetXtal0Freq
                0x000000000ffc7ce0       0x20 CMakeFiles/power_mode_switch.elf.dir/nxp/00-imx/imx8ulp/sdk/vs/evkmimx8ulp_power_mode_switch/clock_config.c.obj
 .text.CLOCK_SetXtal32Freq
                0x000000000ffc7d00       0x20 CMakeFiles/power_mode_switch.elf.dir/nxp/00-imx/imx8ulp/sdk/vs/evkmimx8ulp_power_mode_switch/clock_config.c.obj
 .text.BOARD_InitClock
                0x000000000ffc7d20       0x80 CMakeFiles/power_mode_switch.elf.dir/nxp/00-imx/imx8ulp/sdk/vs/evkmimx8ulp_power_mode_switch/clock_config.c.obj
                0x000000000ffc7d20                BOARD_InitClock
 .text.BOARD_CalculateDivider
                0x000000000ffc7da0       0x3e CMakeFiles/power_mode_switch.elf.dir/nxp/00-imx/imx8ulp/sdk/vs/evkmimx8ulp_power_mode_switch/clock_config.c.obj
                0x000000000ffc7da0                BOARD_CalculateDivider
 *fill*         0x000000000ffc7dde        0x2 
 .text.BOARD_InitPlls
                0x000000000ffc7de0       0x4c CMakeFiles/power_mode_switch.elf.dir/nxp/00-imx/imx8ulp/sdk/vs/evkmimx8ulp_power_mode_switch/clock_config.c.obj
                0x000000000ffc7de0                BOARD_InitPlls
 .text.BOARD_BootClockRUN
                0x000000000ffc7e2c       0x5c CMakeFiles/power_mode_switch.elf.dir/nxp/00-imx/imx8ulp/sdk/vs/evkmimx8ulp_power_mode_switch/clock_config.c.obj
                0x000000000ffc7e2c                BOARD_BootClockRUN
 .text.BOARD_ResumeClockInit
                0x000000000ffc7e88       0x88 CMakeFiles/power_mode_switch.elf.dir/nxp/00-imx/imx8ulp/sdk/vs/evkmimx8ulp_power_mode_switch/clock_config.c.obj
                0x000000000ffc7e88                BOARD_ResumeClockInit
 .text.BOARD_CalculateCoreClkDivider
                0x000000000ffc7f10      0x190 CMakeFiles/power_mode_switch.elf.dir/nxp/00-imx/imx8ulp/sdk/vs/evkmimx8ulp_power_mode_switch/clock_config.c.obj
                0x000000000ffc7f10                BOARD_CalculateCoreClkDivider
 .text.BOARD_SwitchToFROClk
                0x000000000ffc80a0      0x11c CMakeFiles/power_mode_switch.elf.dir/nxp/00-imx/imx8ulp/sdk/vs/evkmimx8ulp_power_mode_switch/clock_config.c.obj
                0x000000000ffc80a0                BOARD_SwitchToFROClk
 .text.BOARD_DisablePlls
                0x000000000ffc81bc       0x24 CMakeFiles/power_mode_switch.elf.dir/nxp/00-imx/imx8ulp/sdk/vs/evkmimx8ulp_power_mode_switch/clock_config.c.obj
                0x000000000ffc81bc                BOARD_DisablePlls
 .text.BOARD_GetRtdDriveMode
                0x000000000ffc81e0       0xb0 CMakeFiles/power_mode_switch.elf.dir/nxp/00-imx/imx8ulp/sdk/vs/evkmimx8ulp_power_mode_switch/clock_config.c.obj
                0x000000000ffc81e0                BOARD_GetRtdDriveMode
 .text.BOARD_GetDriveModeByCoreFreq
                0x000000000ffc8290       0x7c CMakeFiles/power_mode_switch.elf.dir/nxp/00-imx/imx8ulp/sdk/vs/evkmimx8ulp_power_mode_switch/clock_config.c.obj
                0x000000000ffc8290                BOARD_GetDriveModeByCoreFreq
 .text.BOARD_UpdateM33CoreFreq
                0x000000000ffc830c      0x648 CMakeFiles/power_mode_switch.elf.dir/nxp/00-imx/imx8ulp/sdk/vs/evkmimx8ulp_power_mode_switch/clock_config.c.obj
                0x000000000ffc830c                BOARD_UpdateM33CoreFreq
 .text.BOARD_SwitchDriveMode
                0x000000000ffc8954      0x410 CMakeFiles/power_mode_switch.elf.dir/nxp/00-imx/imx8ulp/sdk/vs/evkmimx8ulp_power_mode_switch/clock_config.c.obj
                0x000000000ffc8954                BOARD_SwitchDriveMode
 .text.__NVIC_EnableIRQ
                0x000000000ffc8d64       0x3c CMakeFiles/power_mode_switch.elf.dir/nxp/00-imx/imx8ulp/sdk/vs/evkmimx8ulp_power_mode_switch/app_srtm.c.obj
 .text.__NVIC_DisableIRQ
                0x000000000ffc8da0       0x48 CMakeFiles/power_mode_switch.elf.dir/nxp/00-imx/imx8ulp/sdk/vs/evkmimx8ulp_power_mode_switch/app_srtm.c.obj
 .text.__NVIC_ClearPendingIRQ
                0x000000000ffc8de8       0x3c CMakeFiles/power_mode_switch.elf.dir/nxp/00-imx/imx8ulp/sdk/vs/evkmimx8ulp_power_mode_switch/app_srtm.c.obj
 .text.__NVIC_SetPriority
                0x000000000ffc8e24       0x54 CMakeFiles/power_mode_switch.elf.dir/nxp/00-imx/imx8ulp/sdk/vs/evkmimx8ulp_power_mode_switch/app_srtm.c.obj
 .text.EnableIRQ
                0x000000000ffc8e78       0x32 CMakeFiles/power_mode_switch.elf.dir/nxp/00-imx/imx8ulp/sdk/vs/evkmimx8ulp_power_mode_switch/app_srtm.c.obj
 .text.DisableIRQ
                0x000000000ffc8eaa       0x32 CMakeFiles/power_mode_switch.elf.dir/nxp/00-imx/imx8ulp/sdk/vs/evkmimx8ulp_power_mode_switch/app_srtm.c.obj
 .text.EDMA_SetChannelMux
                0x000000000ffc8edc       0x68 CMakeFiles/power_mode_switch.elf.dir/nxp/00-imx/imx8ulp/sdk/vs/evkmimx8ulp_power_mode_switch/app_srtm.c.obj
 .text.RGPIO_PinWrite
                0x000000000ffc8f44       0x36 CMakeFiles/power_mode_switch.elf.dir/nxp/00-imx/imx8ulp/sdk/vs/evkmimx8ulp_power_mode_switch/app_srtm.c.obj
 .text.RGPIO_PinRead
                0x000000000ffc8f7a       0x24 CMakeFiles/power_mode_switch.elf.dir/nxp/00-imx/imx8ulp/sdk/vs/evkmimx8ulp_power_mode_switch/app_srtm.c.obj
 .text.RGPIO_SetPinInterruptConfig
                0x000000000ffc8f9e       0x50 CMakeFiles/power_mode_switch.elf.dir/nxp/00-imx/imx8ulp/sdk/vs/evkmimx8ulp_power_mode_switch/app_srtm.c.obj
 .text.RGPIO_GetPinsInterruptFlags
                0x000000000ffc8fee       0x22 CMakeFiles/power_mode_switch.elf.dir/nxp/00-imx/imx8ulp/sdk/vs/evkmimx8ulp_power_mode_switch/app_srtm.c.obj
 .text.RGPIO_ClearPinsInterruptFlags
                0x000000000ffc9010       0x26 CMakeFiles/power_mode_switch.elf.dir/nxp/00-imx/imx8ulp/sdk/vs/evkmimx8ulp_power_mode_switch/app_srtm.c.obj
 .text.MU_GetCoreStatusFlags
                0x000000000ffc9036       0x18 CMakeFiles/power_mode_switch.elf.dir/nxp/00-imx/imx8ulp/sdk/vs/evkmimx8ulp_power_mode_switch/app_srtm.c.obj
 .text.MU_ClearStatusFlags
                0x000000000ffc904e       0x4c CMakeFiles/power_mode_switch.elf.dir/nxp/00-imx/imx8ulp/sdk/vs/evkmimx8ulp_power_mode_switch/app_srtm.c.obj
 .text.MU_EnableInterrupts
                0x000000000ffc909a       0xa0 CMakeFiles/power_mode_switch.elf.dir/nxp/00-imx/imx8ulp/sdk/vs/evkmimx8ulp_power_mode_switch/app_srtm.c.obj
 .text.MU_DisableInterrupts
                0x000000000ffc913a       0xa8 CMakeFiles/power_mode_switch.elf.dir/nxp/00-imx/imx8ulp/sdk/vs/evkmimx8ulp_power_mode_switch/app_srtm.c.obj
 .text.IOMUXC_SetPinConfig
                0x000000000ffc91e2       0x44 CMakeFiles/power_mode_switch.elf.dir/nxp/00-imx/imx8ulp/sdk/vs/evkmimx8ulp_power_mode_switch/app_srtm.c.obj
 .text.BBNSM_ClearStatusFlags
                0x000000000ffc9226       0x1c CMakeFiles/power_mode_switch.elf.dir/nxp/00-imx/imx8ulp/sdk/vs/evkmimx8ulp_power_mode_switch/app_srtm.c.obj
 *fill*         0x000000000ffc9242        0x2 
 .text.MU0_MUA_Save
                0x000000000ffc9244       0x2c CMakeFiles/power_mode_switch.elf.dir/nxp/00-imx/imx8ulp/sdk/vs/evkmimx8ulp_power_mode_switch/app_srtm.c.obj
                0x000000000ffc9244                MU0_MUA_Save
 .text.MU0_MUA_Restore
                0x000000000ffc9270       0x3c CMakeFiles/power_mode_switch.elf.dir/nxp/00-imx/imx8ulp/sdk/vs/evkmimx8ulp_power_mode_switch/app_srtm.c.obj
                0x000000000ffc9270                MU0_MUA_Restore
 .text.rtdCtxSave
                0x000000000ffc92ac        0xc CMakeFiles/power_mode_switch.elf.dir/nxp/00-imx/imx8ulp/sdk/vs/evkmimx8ulp_power_mode_switch/app_srtm.c.obj
                0x000000000ffc92ac                rtdCtxSave
 .text.rtdCtxRestore
                0x000000000ffc92b8        0xc CMakeFiles/power_mode_switch.elf.dir/nxp/00-imx/imx8ulp/sdk/vs/evkmimx8ulp_power_mode_switch/app_srtm.c.obj
                0x000000000ffc92b8                rtdCtxRestore
 .text.APP_IO_GetWUUPin
                0x000000000ffc92c4       0x40 CMakeFiles/power_mode_switch.elf.dir/nxp/00-imx/imx8ulp/sdk/vs/evkmimx8ulp_power_mode_switch/app_srtm.c.obj
 .text.APP_IO_GetIoIndex
                0x000000000ffc9304       0x44 CMakeFiles/power_mode_switch.elf.dir/nxp/00-imx/imx8ulp/sdk/vs/evkmimx8ulp_power_mode_switch/app_srtm.c.obj
 .text.APP_Keypad_GetInputIndex
                0x000000000ffc9348       0x44 CMakeFiles/power_mode_switch.elf.dir/nxp/00-imx/imx8ulp/sdk/vs/evkmimx8ulp_power_mode_switch/app_srtm.c.obj
 .text.APP_Keypad_GetIoEvent
                0x000000000ffc938c       0x54 CMakeFiles/power_mode_switch.elf.dir/nxp/00-imx/imx8ulp/sdk/vs/evkmimx8ulp_power_mode_switch/app_srtm.c.obj
 .text.APP_WakeupACore
                0x000000000ffc93e0       0xa0 CMakeFiles/power_mode_switch.elf.dir/nxp/00-imx/imx8ulp/sdk/vs/evkmimx8ulp_power_mode_switch/app_srtm.c.obj
                0x000000000ffc93e0                APP_WakeupACore
 .text.APP_ResetSRTM
                0x000000000ffc9480       0x30 CMakeFiles/power_mode_switch.elf.dir/nxp/00-imx/imx8ulp/sdk/vs/evkmimx8ulp_power_mode_switch/app_srtm.c.obj
 .text.APP_SRTM_ControlCA35
                0x000000000ffc94b0       0xa8 CMakeFiles/power_mode_switch.elf.dir/nxp/00-imx/imx8ulp/sdk/vs/evkmimx8ulp_power_mode_switch/app_srtm.c.obj
 .text.APP_SRTM_SetLPAV
                0x000000000ffc9558      0x118 CMakeFiles/power_mode_switch.elf.dir/nxp/00-imx/imx8ulp/sdk/vs/evkmimx8ulp_power_mode_switch/app_srtm.c.obj
 .text.APP_RebootCA35
                0x000000000ffc9670       0x58 CMakeFiles/power_mode_switch.elf.dir/nxp/00-imx/imx8ulp/sdk/vs/evkmimx8ulp_power_mode_switch/app_srtm.c.obj
                0x000000000ffc9670                APP_RebootCA35
 .text.WUU0_IRQHandler
                0x000000000ffc96c8       0x28 CMakeFiles/power_mode_switch.elf.dir/nxp/00-imx/imx8ulp/sdk/vs/evkmimx8ulp_power_mode_switch/app_srtm.c.obj
                0x000000000ffc96c8                WUU0_IRQHandler
 .text.sensorTiltWakeupEventTimer_Callback
                0x000000000ffc96f0       0x58 CMakeFiles/power_mode_switch.elf.dir/nxp/00-imx/imx8ulp/sdk/vs/evkmimx8ulp_power_mode_switch/app_srtm.c.obj
 .text.APP_CheckSensorInterrupt
                0x000000000ffc9748      0x148 CMakeFiles/power_mode_switch.elf.dir/nxp/00-imx/imx8ulp/sdk/vs/evkmimx8ulp_power_mode_switch/app_srtm.c.obj
 .text.APP_CheckSensorInterruptCallback
                0x000000000ffc9890       0x30 CMakeFiles/power_mode_switch.elf.dir/nxp/00-imx/imx8ulp/sdk/vs/evkmimx8ulp_power_mode_switch/app_srtm.c.obj
 .text.APP_HandleGPIOHander
                0x000000000ffc98c0      0x210 CMakeFiles/power_mode_switch.elf.dir/nxp/00-imx/imx8ulp/sdk/vs/evkmimx8ulp_power_mode_switch/app_srtm.c.obj
 .text.GPIOA_INT0_IRQHandler
                0x000000000ffc9ad0       0x2c CMakeFiles/power_mode_switch.elf.dir/nxp/00-imx/imx8ulp/sdk/vs/evkmimx8ulp_power_mode_switch/app_srtm.c.obj
                0x000000000ffc9ad0                GPIOA_INT0_IRQHandler
 .text.GPIOA_INT1_IRQHandler
                0x000000000ffc9afc       0x2c CMakeFiles/power_mode_switch.elf.dir/nxp/00-imx/imx8ulp/sdk/vs/evkmimx8ulp_power_mode_switch/app_srtm.c.obj
                0x000000000ffc9afc                GPIOA_INT1_IRQHandler
 .text.GPIOB_INT0_IRQHandler
                0x000000000ffc9b28       0x2c CMakeFiles/power_mode_switch.elf.dir/nxp/00-imx/imx8ulp/sdk/vs/evkmimx8ulp_power_mode_switch/app_srtm.c.obj
                0x000000000ffc9b28                GPIOB_INT0_IRQHandler
 .text.GPIOB_INT1_IRQHandler
                0x000000000ffc9b54       0x2c CMakeFiles/power_mode_switch.elf.dir/nxp/00-imx/imx8ulp/sdk/vs/evkmimx8ulp_power_mode_switch/app_srtm.c.obj
                0x000000000ffc9b54                GPIOB_INT1_IRQHandler
 .text.rtcAlarmEventTimer_Callback
                0x000000000ffc9b80       0x68 CMakeFiles/power_mode_switch.elf.dir/nxp/00-imx/imx8ulp/sdk/vs/evkmimx8ulp_power_mode_switch/app_srtm.c.obj
 .text.BBNSM_IRQHandler
                0x000000000ffc9be8      0x114 CMakeFiles/power_mode_switch.elf.dir/nxp/00-imx/imx8ulp/sdk/vs/evkmimx8ulp_power_mode_switch/app_srtm.c.obj
                0x000000000ffc9be8                BBNSM_IRQHandler
 .text.getPinFuncIdIndex
                0x000000000ffc9cfc       0x60 CMakeFiles/power_mode_switch.elf.dir/nxp/00-imx/imx8ulp/sdk/vs/evkmimx8ulp_power_mode_switch/app_srtm.c.obj
 .text.APP_IO_SetPinConfig
                0x000000000ffc9d5c       0xb0 CMakeFiles/power_mode_switch.elf.dir/nxp/00-imx/imx8ulp/sdk/vs/evkmimx8ulp_power_mode_switch/app_srtm.c.obj
 .text.APP_IO_ConfOutput
                0x000000000ffc9e0c       0x80 CMakeFiles/power_mode_switch.elf.dir/nxp/00-imx/imx8ulp/sdk/vs/evkmimx8ulp_power_mode_switch/app_srtm.c.obj
 .text.APP_IO_SetOutput
                0x000000000ffc9e8c       0x6c CMakeFiles/power_mode_switch.elf.dir/nxp/00-imx/imx8ulp/sdk/vs/evkmimx8ulp_power_mode_switch/app_srtm.c.obj
 .text.APP_IO_GetInput
                0x000000000ffc9ef8       0xa0 CMakeFiles/power_mode_switch.elf.dir/nxp/00-imx/imx8ulp/sdk/vs/evkmimx8ulp_power_mode_switch/app_srtm.c.obj
 .text.APP_IO_ConfInput
                0x000000000ffc9f98      0x240 CMakeFiles/power_mode_switch.elf.dir/nxp/00-imx/imx8ulp/sdk/vs/evkmimx8ulp_power_mode_switch/app_srtm.c.obj
 .text.APP_IO_ConfIEvent
                0x000000000ffca1d8       0x7c CMakeFiles/power_mode_switch.elf.dir/nxp/00-imx/imx8ulp/sdk/vs/evkmimx8ulp_power_mode_switch/app_srtm.c.obj
 .text.APP_IO_ConfKEvent
                0x000000000ffca254       0x98 CMakeFiles/power_mode_switch.elf.dir/nxp/00-imx/imx8ulp/sdk/vs/evkmimx8ulp_power_mode_switch/app_srtm.c.obj
 .text.APP_SRTM_DoWakeup
                0x000000000ffca2ec       0x14 CMakeFiles/power_mode_switch.elf.dir/nxp/00-imx/imx8ulp/sdk/vs/evkmimx8ulp_power_mode_switch/app_srtm.c.obj
 .text.APP_SRTM_DoWakeupCA35
                0x000000000ffca300       0x44 CMakeFiles/power_mode_switch.elf.dir/nxp/00-imx/imx8ulp/sdk/vs/evkmimx8ulp_power_mode_switch/app_srtm.c.obj
 .text.APP_SRTM_PollLinkup
                0x000000000ffca344       0x70 CMakeFiles/power_mode_switch.elf.dir/nxp/00-imx/imx8ulp/sdk/vs/evkmimx8ulp_power_mode_switch/app_srtm.c.obj
 .text.APP_RefreshS400WdgTimerCallback
                0x000000000ffca3b4       0x48 CMakeFiles/power_mode_switch.elf.dir/nxp/00-imx/imx8ulp/sdk/vs/evkmimx8ulp_power_mode_switch/app_srtm.c.obj
 .text.APP_RestoreRegValOfMuTimerCallback
                0x000000000ffca3fc       0x34 CMakeFiles/power_mode_switch.elf.dir/nxp/00-imx/imx8ulp/sdk/vs/evkmimx8ulp_power_mode_switch/app_srtm.c.obj
 .text.APP_LinkupTimerCallback
                0x000000000ffca430       0x38 CMakeFiles/power_mode_switch.elf.dir/nxp/00-imx/imx8ulp/sdk/vs/evkmimx8ulp_power_mode_switch/app_srtm.c.obj
 .text.APP_VolPlusTimerCallback
                0x000000000ffca468       0x78 CMakeFiles/power_mode_switch.elf.dir/nxp/00-imx/imx8ulp/sdk/vs/evkmimx8ulp_power_mode_switch/app_srtm.c.obj
 .text.APP_VolMinusTimerCallback
                0x000000000ffca4e0       0x78 CMakeFiles/power_mode_switch.elf.dir/nxp/00-imx/imx8ulp/sdk/vs/evkmimx8ulp_power_mode_switch/app_srtm.c.obj
 .text.APP_It6161IntPinTimerCallback
                0x000000000ffca558       0x2c CMakeFiles/power_mode_switch.elf.dir/nxp/00-imx/imx8ulp/sdk/vs/evkmimx8ulp_power_mode_switch/app_srtm.c.obj
 .text.APP_TouchIntPinTimerCallback
                0x000000000ffca584       0x30 CMakeFiles/power_mode_switch.elf.dir/nxp/00-imx/imx8ulp/sdk/vs/evkmimx8ulp_power_mode_switch/app_srtm.c.obj
 .text.APP_SRTM_NotifyPeerCoreReady
                0x000000000ffca5b4       0x40 CMakeFiles/power_mode_switch.elf.dir/nxp/00-imx/imx8ulp/sdk/vs/evkmimx8ulp_power_mode_switch/app_srtm.c.obj
 .text.APP_SRTM_Linkup
                0x000000000ffca5f4      0x198 CMakeFiles/power_mode_switch.elf.dir/nxp/00-imx/imx8ulp/sdk/vs/evkmimx8ulp_power_mode_switch/app_srtm.c.obj
 .text.APP_SRTM_InitPeerCore
                0x000000000ffca78c       0x90 CMakeFiles/power_mode_switch.elf.dir/nxp/00-imx/imx8ulp/sdk/vs/evkmimx8ulp_power_mode_switch/app_srtm.c.obj
 .text.APP_SRTM_Sensor_Init
                0x000000000ffca81c       0x58 CMakeFiles/power_mode_switch.elf.dir/nxp/00-imx/imx8ulp/sdk/vs/evkmimx8ulp_power_mode_switch/app_srtm.c.obj
 .text.APP_SRTM_Sensor_Deinit
                0x000000000ffca874       0x10 CMakeFiles/power_mode_switch.elf.dir/nxp/00-imx/imx8ulp/sdk/vs/evkmimx8ulp_power_mode_switch/app_srtm.c.obj
 .text.APP_SRTM_Sensor_EnableStateDetector
                0x000000000ffca884       0x98 CMakeFiles/power_mode_switch.elf.dir/nxp/00-imx/imx8ulp/sdk/vs/evkmimx8ulp_power_mode_switch/app_srtm.c.obj
 .text.APP_SRTM_Sensor_EnableDataReport
                0x000000000ffca91c       0xb8 CMakeFiles/power_mode_switch.elf.dir/nxp/00-imx/imx8ulp/sdk/vs/evkmimx8ulp_power_mode_switch/app_srtm.c.obj
 .text.APP_SRTM_Sensor_SetPollDelay
                0x000000000ffca9d4       0x4c CMakeFiles/power_mode_switch.elf.dir/nxp/00-imx/imx8ulp/sdk/vs/evkmimx8ulp_power_mode_switch/app_srtm.c.obj
 .text.APP_SRTM_GpioReset
                0x000000000ffcaa20       0xc4 CMakeFiles/power_mode_switch.elf.dir/nxp/00-imx/imx8ulp/sdk/vs/evkmimx8ulp_power_mode_switch/app_srtm.c.obj
 .text.APP_SRTM_ResetServices
                0x000000000ffcaae4       0x54 CMakeFiles/power_mode_switch.elf.dir/nxp/00-imx/imx8ulp/sdk/vs/evkmimx8ulp_power_mode_switch/app_srtm.c.obj
 .text.APP_SRTM_DeinitPeerCore
                0x000000000ffcab38       0x88 CMakeFiles/power_mode_switch.elf.dir/nxp/00-imx/imx8ulp/sdk/vs/evkmimx8ulp_power_mode_switch/app_srtm.c.obj
 .text.APP_SRTM_InitAudioDevice
                0x000000000ffcabc0       0x3c CMakeFiles/power_mode_switch.elf.dir/nxp/00-imx/imx8ulp/sdk/vs/evkmimx8ulp_power_mode_switch/app_srtm.c.obj
 .text.APP_SRTM_EnableLPAV
                0x000000000ffcabfc      0x10c CMakeFiles/power_mode_switch.elf.dir/nxp/00-imx/imx8ulp/sdk/vs/evkmimx8ulp_power_mode_switch/app_srtm.c.obj
                0x000000000ffcabfc                APP_SRTM_EnableLPAV
 .text.APP_SRTM_DisableLPAV
                0x000000000ffcad08       0xd4 CMakeFiles/power_mode_switch.elf.dir/nxp/00-imx/imx8ulp/sdk/vs/evkmimx8ulp_power_mode_switch/app_srtm.c.obj
                0x000000000ffcad08                APP_SRTM_DisableLPAV
 .text.APP_SRTM_InitAudioService
                0x000000000ffcaddc      0x114 CMakeFiles/power_mode_switch.elf.dir/nxp/00-imx/imx8ulp/sdk/vs/evkmimx8ulp_power_mode_switch/app_srtm.c.obj
 .text.APP_SRTM_InitPwmDevice
                0x000000000ffcaef0       0x24 CMakeFiles/power_mode_switch.elf.dir/nxp/00-imx/imx8ulp/sdk/vs/evkmimx8ulp_power_mode_switch/app_srtm.c.obj
 .text.APP_SRTM_InitPwmService
                0x000000000ffcaf14       0x64 CMakeFiles/power_mode_switch.elf.dir/nxp/00-imx/imx8ulp/sdk/vs/evkmimx8ulp_power_mode_switch/app_srtm.c.obj
 .text.APP_SRTM_InitI2CDevice
                0x000000000ffcaf78       0x58 CMakeFiles/power_mode_switch.elf.dir/nxp/00-imx/imx8ulp/sdk/vs/evkmimx8ulp_power_mode_switch/app_srtm.c.obj
 .text.APP_SRTM_InitI2CService
                0x000000000ffcafd0       0x34 CMakeFiles/power_mode_switch.elf.dir/nxp/00-imx/imx8ulp/sdk/vs/evkmimx8ulp_power_mode_switch/app_srtm.c.obj
 .text.APP_CheckSensorInterrupt_RecycleMessage
                0x000000000ffcb004       0x40 CMakeFiles/power_mode_switch.elf.dir/nxp/00-imx/imx8ulp/sdk/vs/evkmimx8ulp_power_mode_switch/app_srtm.c.obj
 .text.APP_SRTM_InitSensorDevice
                0x000000000ffcb044       0xe8 CMakeFiles/power_mode_switch.elf.dir/nxp/00-imx/imx8ulp/sdk/vs/evkmimx8ulp_power_mode_switch/app_srtm.c.obj
 .text.APP_SRTM_InitSensorService
                0x000000000ffcb12c       0x3c CMakeFiles/power_mode_switch.elf.dir/nxp/00-imx/imx8ulp/sdk/vs/evkmimx8ulp_power_mode_switch/app_srtm.c.obj
 .text.APP_SRTM_InitIoKeyDevice
                0x000000000ffcb168       0x98 CMakeFiles/power_mode_switch.elf.dir/nxp/00-imx/imx8ulp/sdk/vs/evkmimx8ulp_power_mode_switch/app_srtm.c.obj
 .text.APP_SRTM_InitIoKeyService
                0x000000000ffcb200      0x118 CMakeFiles/power_mode_switch.elf.dir/nxp/00-imx/imx8ulp/sdk/vs/evkmimx8ulp_power_mode_switch/app_srtm.c.obj
 .text.APP_SRTM_A35ResetHandler
                0x000000000ffcb318       0x54 CMakeFiles/power_mode_switch.elf.dir/nxp/00-imx/imx8ulp/sdk/vs/evkmimx8ulp_power_mode_switch/app_srtm.c.obj
 .text.CMC_ADClrAD_PSDORF
                0x000000000ffcb36c       0x1c CMakeFiles/power_mode_switch.elf.dir/nxp/00-imx/imx8ulp/sdk/vs/evkmimx8ulp_power_mode_switch/app_srtm.c.obj
 .text.MU0_A_IRQHandler
                0x000000000ffcb388       0xf8 CMakeFiles/power_mode_switch.elf.dir/nxp/00-imx/imx8ulp/sdk/vs/evkmimx8ulp_power_mode_switch/app_srtm.c.obj
                0x000000000ffcb388                MU0_A_IRQHandler
 .text.CMC1_IRQHandler
                0x000000000ffcb480       0xcc CMakeFiles/power_mode_switch.elf.dir/nxp/00-imx/imx8ulp/sdk/vs/evkmimx8ulp_power_mode_switch/app_srtm.c.obj
                0x000000000ffcb480                CMC1_IRQHandler
 .text.APP_SRTM_InitRtcDevice
                0x000000000ffcb54c       0x28 CMakeFiles/power_mode_switch.elf.dir/nxp/00-imx/imx8ulp/sdk/vs/evkmimx8ulp_power_mode_switch/app_srtm.c.obj
 .text.APP_SRTM_InitRtcService
                0x000000000ffcb574       0x6c CMakeFiles/power_mode_switch.elf.dir/nxp/00-imx/imx8ulp/sdk/vs/evkmimx8ulp_power_mode_switch/app_srtm.c.obj
 .text.APP_SRTM_LfclEventHandler
                0x000000000ffcb5e0      0x10c CMakeFiles/power_mode_switch.elf.dir/nxp/00-imx/imx8ulp/sdk/vs/evkmimx8ulp_power_mode_switch/app_srtm.c.obj
 .text.APP_SRTM_InitLfclService
                0x000000000ffcb6ec       0x34 CMakeFiles/power_mode_switch.elf.dir/nxp/00-imx/imx8ulp/sdk/vs/evkmimx8ulp_power_mode_switch/app_srtm.c.obj
 .text.APP_SRTM_InitServices
                0x000000000ffcb720       0x24 CMakeFiles/power_mode_switch.elf.dir/nxp/00-imx/imx8ulp/sdk/vs/evkmimx8ulp_power_mode_switch/app_srtm.c.obj
 .text.APP_PowerOffCA35
                0x000000000ffcb744       0x18 CMakeFiles/power_mode_switch.elf.dir/nxp/00-imx/imx8ulp/sdk/vs/evkmimx8ulp_power_mode_switch/app_srtm.c.obj
                0x000000000ffcb744                APP_PowerOffCA35
 .text.APP_PowerOnCA35
                0x000000000ffcb75c       0x20 CMakeFiles/power_mode_switch.elf.dir/nxp/00-imx/imx8ulp/sdk/vs/evkmimx8ulp_power_mode_switch/app_srtm.c.obj
 .text.SRTM_MonitorTask
                0x000000000ffcb77c      0x260 CMakeFiles/power_mode_switch.elf.dir/nxp/00-imx/imx8ulp/sdk/vs/evkmimx8ulp_power_mode_switch/app_srtm.c.obj
 .text.APP_ShutdownCA35
                0x000000000ffcb9dc       0x50 CMakeFiles/power_mode_switch.elf.dir/nxp/00-imx/imx8ulp/sdk/vs/evkmimx8ulp_power_mode_switch/app_srtm.c.obj
                0x000000000ffcb9dc                APP_ShutdownCA35
 .text.APP_BootCA35
                0x000000000ffcba2c       0x50 CMakeFiles/power_mode_switch.elf.dir/nxp/00-imx/imx8ulp/sdk/vs/evkmimx8ulp_power_mode_switch/app_srtm.c.obj
                0x000000000ffcba2c                APP_BootCA35
 .text.SRTM_DispatcherTask
                0x000000000ffcba7c       0x20 CMakeFiles/power_mode_switch.elf.dir/nxp/00-imx/imx8ulp/sdk/vs/evkmimx8ulp_power_mode_switch/app_srtm.c.obj
 .text.APP_SRTM_InitPeriph
                0x000000000ffcba9c       0x16 CMakeFiles/power_mode_switch.elf.dir/nxp/00-imx/imx8ulp/sdk/vs/evkmimx8ulp_power_mode_switch/app_srtm.c.obj
 *fill*         0x000000000ffcbab2        0x2 
 .text.APP_SRTM_Init
                0x000000000ffcbab4      0x2c4 CMakeFiles/power_mode_switch.elf.dir/nxp/00-imx/imx8ulp/sdk/vs/evkmimx8ulp_power_mode_switch/app_srtm.c.obj
                0x000000000ffcbab4                APP_SRTM_Init
 .text.APP_SRTM_StartCommunication
                0x000000000ffcbd78       0x24 CMakeFiles/power_mode_switch.elf.dir/nxp/00-imx/imx8ulp/sdk/vs/evkmimx8ulp_power_mode_switch/app_srtm.c.obj
                0x000000000ffcbd78                APP_SRTM_StartCommunication
 .text.APP_SRTM_Suspend
                0x000000000ffcbd9c        0xe CMakeFiles/power_mode_switch.elf.dir/nxp/00-imx/imx8ulp/sdk/vs/evkmimx8ulp_power_mode_switch/app_srtm.c.obj
                0x000000000ffcbd9c                APP_SRTM_Suspend
 *fill*         0x000000000ffcbdaa        0x2 
 .text.APP_SRTM_Resume
                0x000000000ffcbdac       0x2c CMakeFiles/power_mode_switch.elf.dir/nxp/00-imx/imx8ulp/sdk/vs/evkmimx8ulp_power_mode_switch/app_srtm.c.obj
                0x000000000ffcbdac                APP_SRTM_Resume
 .text.APP_SRTM_I2C_SwitchChannel
                0x000000000ffcbdd8       0x70 CMakeFiles/power_mode_switch.elf.dir/nxp/00-imx/imx8ulp/sdk/vs/evkmimx8ulp_power_mode_switch/app_srtm.c.obj
 .text.APP_SRTM_I2C_Write
                0x000000000ffcbe48       0x66 CMakeFiles/power_mode_switch.elf.dir/nxp/00-imx/imx8ulp/sdk/vs/evkmimx8ulp_power_mode_switch/app_srtm.c.obj
 .text.APP_SRTM_I2C_Read
                0x000000000ffcbeae       0x66 CMakeFiles/power_mode_switch.elf.dir/nxp/00-imx/imx8ulp/sdk/vs/evkmimx8ulp_power_mode_switch/app_srtm.c.obj
 .text.APP_SRTM_SetIRQHandler
                0x000000000ffcbf14       0x2c CMakeFiles/power_mode_switch.elf.dir/nxp/00-imx/imx8ulp/sdk/vs/evkmimx8ulp_power_mode_switch/app_srtm.c.obj
                0x000000000ffcbf14                APP_SRTM_SetIRQHandler
 .text.APP_SRTM_WakeupCA35
                0x000000000ffcbf40       0x50 CMakeFiles/power_mode_switch.elf.dir/nxp/00-imx/imx8ulp/sdk/vs/evkmimx8ulp_power_mode_switch/app_srtm.c.obj
                0x000000000ffcbf40                APP_SRTM_WakeupCA35
 .text.APP_SRTM_DoSetWakeupModule
                0x000000000ffcbf90       0x30 CMakeFiles/power_mode_switch.elf.dir/nxp/00-imx/imx8ulp/sdk/vs/evkmimx8ulp_power_mode_switch/app_srtm.c.obj
 .text.APP_SRTM_SetWakeupModule
                0x000000000ffcbfc0       0x60 CMakeFiles/power_mode_switch.elf.dir/nxp/00-imx/imx8ulp/sdk/vs/evkmimx8ulp_power_mode_switch/app_srtm.c.obj
                0x000000000ffcbfc0                APP_SRTM_SetWakeupModule
 .text.APP_SRTM_DoClrWakeupModule
                0x000000000ffcc020       0x30 CMakeFiles/power_mode_switch.elf.dir/nxp/00-imx/imx8ulp/sdk/vs/evkmimx8ulp_power_mode_switch/app_srtm.c.obj
 .text.APP_SRTM_ClrWakeupModule
                0x000000000ffcc050       0x60 CMakeFiles/power_mode_switch.elf.dir/nxp/00-imx/imx8ulp/sdk/vs/evkmimx8ulp_power_mode_switch/app_srtm.c.obj
                0x000000000ffcc050                APP_SRTM_ClrWakeupModule
 .text.APP_SRTM_DoSetWakeupPin
                0x000000000ffcc0b0       0xa8 CMakeFiles/power_mode_switch.elf.dir/nxp/00-imx/imx8ulp/sdk/vs/evkmimx8ulp_power_mode_switch/app_srtm.c.obj
 .text.APP_SRTM_SetWakeupPin
                0x000000000ffcc158       0x68 CMakeFiles/power_mode_switch.elf.dir/nxp/00-imx/imx8ulp/sdk/vs/evkmimx8ulp_power_mode_switch/app_srtm.c.obj
                0x000000000ffcc158                APP_SRTM_SetWakeupPin
 .text.SRTM_List_Init
                0x000000000ffcc1c0       0x3c CMakeFiles/power_mode_switch.elf.dir/nxp/00-imx/imx8ulp/sdk/vs/evkmimx8ulp_power_mode_switch/srtm/channels/srtm_rpmsg_endpoint.c.obj
 .text.SRTM_List_IsEmpty
                0x000000000ffcc1fc       0x40 CMakeFiles/power_mode_switch.elf.dir/nxp/00-imx/imx8ulp/sdk/vs/evkmimx8ulp_power_mode_switch/srtm/channels/srtm_rpmsg_endpoint.c.obj
 .text.SRTM_RPMsgEndpoint_RxHandler
                0x000000000ffcc23c       0xc4 CMakeFiles/power_mode_switch.elf.dir/nxp/00-imx/imx8ulp/sdk/vs/evkmimx8ulp_power_mode_switch/srtm/channels/srtm_rpmsg_endpoint.c.obj
 .text.SRTM_RPMsgEndpoint_Start
                0x000000000ffcc300       0x40 CMakeFiles/power_mode_switch.elf.dir/nxp/00-imx/imx8ulp/sdk/vs/evkmimx8ulp_power_mode_switch/srtm/channels/srtm_rpmsg_endpoint.c.obj
 .text.SRTM_RPMsgEndpoint_Stop
                0x000000000ffcc340       0x40 CMakeFiles/power_mode_switch.elf.dir/nxp/00-imx/imx8ulp/sdk/vs/evkmimx8ulp_power_mode_switch/srtm/channels/srtm_rpmsg_endpoint.c.obj
 .text.SRTM_RPMsgEndpoint_SendData
                0x000000000ffcc380       0xbc CMakeFiles/power_mode_switch.elf.dir/nxp/00-imx/imx8ulp/sdk/vs/evkmimx8ulp_power_mode_switch/srtm/channels/srtm_rpmsg_endpoint.c.obj
 .text.SRTM_RPMsgEndpoint_Create
                0x000000000ffcc43c      0x134 CMakeFiles/power_mode_switch.elf.dir/nxp/00-imx/imx8ulp/sdk/vs/evkmimx8ulp_power_mode_switch/srtm/channels/srtm_rpmsg_endpoint.c.obj
                0x000000000ffcc43c                SRTM_RPMsgEndpoint_Create
 .text.SRTM_RPMsgEndpoint_Destroy
                0x000000000ffcc570       0x80 CMakeFiles/power_mode_switch.elf.dir/nxp/00-imx/imx8ulp/sdk/vs/evkmimx8ulp_power_mode_switch/srtm/channels/srtm_rpmsg_endpoint.c.obj
                0x000000000ffcc570                SRTM_RPMsgEndpoint_Destroy
 .text.DisableGlobalIRQ
                0x000000000ffcc5f0       0x22 CMakeFiles/power_mode_switch.elf.dir/nxp/00-imx/imx8ulp/sdk/vs/evkmimx8ulp_power_mode_switch/srtm/services/srtm_audio_service.c.obj
 .text.EnableGlobalIRQ
                0x000000000ffcc612       0x20 CMakeFiles/power_mode_switch.elf.dir/nxp/00-imx/imx8ulp/sdk/vs/evkmimx8ulp_power_mode_switch/srtm/services/srtm_audio_service.c.obj
 *fill*         0x000000000ffcc632        0x2 
 .text.SRTM_List_Init
                0x000000000ffcc634       0x3c CMakeFiles/power_mode_switch.elf.dir/nxp/00-imx/imx8ulp/sdk/vs/evkmimx8ulp_power_mode_switch/srtm/services/srtm_audio_service.c.obj
 .text.SRTM_List_IsEmpty
                0x000000000ffcc670       0x40 CMakeFiles/power_mode_switch.elf.dir/nxp/00-imx/imx8ulp/sdk/vs/evkmimx8ulp_power_mode_switch/srtm/services/srtm_audio_service.c.obj
 .text.SRTM_List_AddTail
                0x000000000ffcc6b0       0x64 CMakeFiles/power_mode_switch.elf.dir/nxp/00-imx/imx8ulp/sdk/vs/evkmimx8ulp_power_mode_switch/srtm/services/srtm_audio_service.c.obj
 .text.SRTM_List_Remove
                0x000000000ffcc714       0x48 CMakeFiles/power_mode_switch.elf.dir/nxp/00-imx/imx8ulp/sdk/vs/evkmimx8ulp_power_mode_switch/srtm/services/srtm_audio_service.c.obj
 .text.SRTM_AudioService_RecycleMessage
                0x000000000ffcc75c       0x30 CMakeFiles/power_mode_switch.elf.dir/nxp/00-imx/imx8ulp/sdk/vs/evkmimx8ulp_power_mode_switch/srtm/services/srtm_audio_service.c.obj
 .text.SRTM_AudioService_HandlePeriodDone
                0x000000000ffcc78c       0xcc CMakeFiles/power_mode_switch.elf.dir/nxp/00-imx/imx8ulp/sdk/vs/evkmimx8ulp_power_mode_switch/srtm/services/srtm_audio_service.c.obj
 .text.SRTM_AudioService_HandleTxPeriodDone
                0x000000000ffcc858       0x20 CMakeFiles/power_mode_switch.elf.dir/nxp/00-imx/imx8ulp/sdk/vs/evkmimx8ulp_power_mode_switch/srtm/services/srtm_audio_service.c.obj
 .text.SRTM_AudioService_HandleRxPeriodDone
                0x000000000ffcc878       0x20 CMakeFiles/power_mode_switch.elf.dir/nxp/00-imx/imx8ulp/sdk/vs/evkmimx8ulp_power_mode_switch/srtm/services/srtm_audio_service.c.obj
 .text.SRTM_AudioService_PeriodDone
                0x000000000ffcc898       0xf0 CMakeFiles/power_mode_switch.elf.dir/nxp/00-imx/imx8ulp/sdk/vs/evkmimx8ulp_power_mode_switch/srtm/services/srtm_audio_service.c.obj
 .text.SRTM_AudioService_GetRespLen
                0x000000000ffcc988       0x18 CMakeFiles/power_mode_switch.elf.dir/nxp/00-imx/imx8ulp/sdk/vs/evkmimx8ulp_power_mode_switch/srtm/services/srtm_audio_service.c.obj
 .text.SRTM_AudioService_Request
                0x000000000ffcc9a0      0x98c CMakeFiles/power_mode_switch.elf.dir/nxp/00-imx/imx8ulp/sdk/vs/evkmimx8ulp_power_mode_switch/srtm/services/srtm_audio_service.c.obj
 .text.SRTM_AudioService_Notify
                0x000000000ffcd32c      0x13c CMakeFiles/power_mode_switch.elf.dir/nxp/00-imx/imx8ulp/sdk/vs/evkmimx8ulp_power_mode_switch/srtm/services/srtm_audio_service.c.obj
 .text.SRTM_AudioService_CreateIface
                0x000000000ffcd468       0xe4 CMakeFiles/power_mode_switch.elf.dir/nxp/00-imx/imx8ulp/sdk/vs/evkmimx8ulp_power_mode_switch/srtm/services/srtm_audio_service.c.obj
 .text.SRTM_AudioService_DestroyIface
                0x000000000ffcd54c       0x78 CMakeFiles/power_mode_switch.elf.dir/nxp/00-imx/imx8ulp/sdk/vs/evkmimx8ulp_power_mode_switch/srtm/services/srtm_audio_service.c.obj
 .text.SRTM_AudioService_FindInterface
                0x000000000ffcd5c4       0x4e CMakeFiles/power_mode_switch.elf.dir/nxp/00-imx/imx8ulp/sdk/vs/evkmimx8ulp_power_mode_switch/srtm/services/srtm_audio_service.c.obj
 .text.SRTM_AudioService_FindInterfaceByChannel
                0x000000000ffcd612       0x4c CMakeFiles/power_mode_switch.elf.dir/nxp/00-imx/imx8ulp/sdk/vs/evkmimx8ulp_power_mode_switch/srtm/services/srtm_audio_service.c.obj
 .text.SRTM_AudioService_FindInterfaceByAdapter
                0x000000000ffcd65e       0x4c CMakeFiles/power_mode_switch.elf.dir/nxp/00-imx/imx8ulp/sdk/vs/evkmimx8ulp_power_mode_switch/srtm/services/srtm_audio_service.c.obj
 *fill*         0x000000000ffcd6aa        0x2 
 .text.SRTM_AudioService_Create
                0x000000000ffcd6ac       0x9c CMakeFiles/power_mode_switch.elf.dir/nxp/00-imx/imx8ulp/sdk/vs/evkmimx8ulp_power_mode_switch/srtm/services/srtm_audio_service.c.obj
                0x000000000ffcd6ac                SRTM_AudioService_Create
 .text.SRTM_AudioService_Destroy
                0x000000000ffcd748       0x88 CMakeFiles/power_mode_switch.elf.dir/nxp/00-imx/imx8ulp/sdk/vs/evkmimx8ulp_power_mode_switch/srtm/services/srtm_audio_service.c.obj
                0x000000000ffcd748                SRTM_AudioService_Destroy
 .text.SRTM_AudioService_Reset
                0x000000000ffcd7d0       0xc4 CMakeFiles/power_mode_switch.elf.dir/nxp/00-imx/imx8ulp/sdk/vs/evkmimx8ulp_power_mode_switch/srtm/services/srtm_audio_service.c.obj
                0x000000000ffcd7d0                SRTM_AudioService_Reset
 .text.SRTM_AudioService_BindChannel
                0x000000000ffcd894       0x5c CMakeFiles/power_mode_switch.elf.dir/nxp/00-imx/imx8ulp/sdk/vs/evkmimx8ulp_power_mode_switch/srtm/services/srtm_audio_service.c.obj
                0x000000000ffcd894                SRTM_AudioService_BindChannel
 .text.DisableGlobalIRQ
                0x000000000ffcd8f0       0x22 CMakeFiles/power_mode_switch.elf.dir/nxp/00-imx/imx8ulp/sdk/vs/evkmimx8ulp_power_mode_switch/srtm/services/srtm_sai_edma_adapter.c.obj