/nxp/00-imx/imx8ulp/sdk/2.14.0/CMSIS/Core/Include/./core_cm33.h:2378:22:__NVIC_EnableIRQ	16	static
/nxp/00-imx/imx8ulp/sdk/2.14.0/devices/MIMX8UD7/drivers/fsl_clock.h:1537:20:CLOCK_EnableClock	16	static
/nxp/00-imx/imx8ulp/sdk/2.14.0/devices/MIMX8UD7/drivers/fsl_clock.h:1550:20:CLOCK_DisableClock	16	static
/nxp/00-imx/imx8ulp/sdk/2.14.0/devices/MIMX8UD7/drivers/fsl_common_arm.h:514:24:EnableIRQ	24	static
/nxp/00-imx/imx8ulp/sdk/2.14.0/devices/MIMX8UD7/drivers/fsl_sai.h:904:20:SAI_TxClearStatusFlags	16	static
/nxp/00-imx/imx8ulp/sdk/2.14.0/devices/MIMX8UD7/drivers/fsl_sai.h:929:20:SAI_RxClearStatusFlags	16	static
/nxp/00-imx/imx8ulp/sdk/2.14.0/devices/MIMX8UD7/drivers/fsl_sai.h:1054:20:SAI_TxSetFIFOErrorContinue	16	static
/nxp/00-imx/imx8ulp/sdk/2.14.0/devices/MIMX8UD7/drivers/fsl_sai.h:1075:20:SAI_RxSetFIFOErrorContinue	16	static
/nxp/00-imx/imx8ulp/sdk/2.14.0/devices/MIMX8UD7/drivers/fsl_sai.h:1107:20:SAI_TxEnableInterrupts	16	static
/nxp/00-imx/imx8ulp/sdk/2.14.0/devices/MIMX8UD7/drivers/fsl_sai.h:1124:20:SAI_RxEnableInterrupts	16	static
/nxp/00-imx/imx8ulp/sdk/2.14.0/devices/MIMX8UD7/drivers/fsl_sai.h:1141:20:SAI_TxDisableInterrupts	16	static
/nxp/00-imx/imx8ulp/sdk/2.14.0/devices/MIMX8UD7/drivers/fsl_sai.h:1158:20:SAI_RxDisableInterrupts	16	static
/nxp/00-imx/imx8ulp/sdk/2.14.0/devices/MIMX8UD7/drivers/fsl_sai.c:165:13:SAI_RxGetEnabledInterruptStatus	32	static
/nxp/00-imx/imx8ulp/sdk/2.14.0/devices/MIMX8UD7/drivers/fsl_sai.c:172:13:SAI_TxGetEnabledInterruptStatus	32	static
/nxp/00-imx/imx8ulp/sdk/2.14.0/devices/MIMX8UD7/drivers/fsl_sai.c:259:17:SAI_GetInstance	24	static
/nxp/00-imx/imx8ulp/sdk/2.14.0/devices/MIMX8UD7/drivers/fsl_sai.c:277:13:SAI_WriteNonBlocking	48	static
/nxp/00-imx/imx8ulp/sdk/2.14.0/devices/MIMX8UD7/drivers/fsl_sai.c:310:13:SAI_ReadNonBlocking	40	static
/nxp/00-imx/imx8ulp/sdk/2.14.0/devices/MIMX8UD7/drivers/fsl_sai.c:340:13:SAI_GetCommonConfig	24	static
/nxp/00-imx/imx8ulp/sdk/2.14.0/devices/MIMX8UD7/drivers/fsl_sai.c:404:6:SAI_TxInit	24	static
/nxp/00-imx/imx8ulp/sdk/2.14.0/devices/MIMX8UD7/drivers/fsl_sai.c:528:6:SAI_RxInit	24	static
/nxp/00-imx/imx8ulp/sdk/2.14.0/devices/MIMX8UD7/drivers/fsl_sai.c:643:6:SAI_Init	16	static
/nxp/00-imx/imx8ulp/sdk/2.14.0/devices/MIMX8UD7/drivers/fsl_sai.c:671:6:SAI_Deinit	16	static
/nxp/00-imx/imx8ulp/sdk/2.14.0/devices/MIMX8UD7/drivers/fsl_sai.c:697:6:SAI_TxGetDefaultConfig	16	static
/nxp/00-imx/imx8ulp/sdk/2.14.0/devices/MIMX8UD7/drivers/fsl_sai.c:731:6:SAI_RxGetDefaultConfig	16	static
/nxp/00-imx/imx8ulp/sdk/2.14.0/devices/MIMX8UD7/drivers/fsl_sai.c:755:6:SAI_TxReset	16	static
/nxp/00-imx/imx8ulp/sdk/2.14.0/devices/MIMX8UD7/drivers/fsl_sai.c:778:6:SAI_RxReset	16	static
/nxp/00-imx/imx8ulp/sdk/2.14.0/devices/MIMX8UD7/drivers/fsl_sai.c:800:6:SAI_TxEnable	16	static
/nxp/00-imx/imx8ulp/sdk/2.14.0/devices/MIMX8UD7/drivers/fsl_sai.c:830:6:SAI_RxEnable	16	static
/nxp/00-imx/imx8ulp/sdk/2.14.0/devices/MIMX8UD7/drivers/fsl_sai.c:865:6:SAI_TxSoftwareReset	16	static
/nxp/00-imx/imx8ulp/sdk/2.14.0/devices/MIMX8UD7/drivers/fsl_sai.c:884:6:SAI_RxSoftwareReset	16	static
/nxp/00-imx/imx8ulp/sdk/2.14.0/devices/MIMX8UD7/drivers/fsl_sai.c:899:6:SAI_TxSetChannelFIFOMask	16	static
/nxp/00-imx/imx8ulp/sdk/2.14.0/devices/MIMX8UD7/drivers/fsl_sai.c:912:6:SAI_RxSetChannelFIFOMask	16	static
/nxp/00-imx/imx8ulp/sdk/2.14.0/devices/MIMX8UD7/drivers/fsl_sai.c:924:6:SAI_TxSetDataOrder	24	static
/nxp/00-imx/imx8ulp/sdk/2.14.0/devices/MIMX8UD7/drivers/fsl_sai.c:938:6:SAI_RxSetDataOrder	24	static
/nxp/00-imx/imx8ulp/sdk/2.14.0/devices/MIMX8UD7/drivers/fsl_sai.c:952:6:SAI_TxSetBitClockPolarity	24	static
/nxp/00-imx/imx8ulp/sdk/2.14.0/devices/MIMX8UD7/drivers/fsl_sai.c:966:6:SAI_RxSetBitClockPolarity	24	static
/nxp/00-imx/imx8ulp/sdk/2.14.0/devices/MIMX8UD7/drivers/fsl_sai.c:980:6:SAI_TxSetFrameSyncPolarity	24	static
/nxp/00-imx/imx8ulp/sdk/2.14.0/devices/MIMX8UD7/drivers/fsl_sai.c:994:6:SAI_RxSetFrameSyncPolarity	24	static
/nxp/00-imx/imx8ulp/sdk/2.14.0/devices/MIMX8UD7/drivers/fsl_sai.c:1009:6:SAI_TxSetFIFOPacking	24	static
/nxp/00-imx/imx8ulp/sdk/2.14.0/devices/MIMX8UD7/drivers/fsl_sai.c:1024:6:SAI_RxSetFIFOPacking	24	static
/nxp/00-imx/imx8ulp/sdk/2.14.0/devices/MIMX8UD7/drivers/fsl_sai.c:1043:6:SAI_TxSetBitClockRate	40	static
/nxp/00-imx/imx8ulp/sdk/2.14.0/devices/MIMX8UD7/drivers/fsl_sai.c:1090:6:SAI_RxSetBitClockRate	40	static
/nxp/00-imx/imx8ulp/sdk/2.14.0/devices/MIMX8UD7/drivers/fsl_sai.c:1135:6:SAI_TxSetBitclockConfig	32	static
/nxp/00-imx/imx8ulp/sdk/2.14.0/devices/MIMX8UD7/drivers/fsl_sai.c:1163:6:SAI_RxSetBitclockConfig	32	static
/nxp/00-imx/imx8ulp/sdk/2.14.0/devices/MIMX8UD7/drivers/fsl_sai.c:1227:6:SAI_TxSetFifoConfig	24	static
/nxp/00-imx/imx8ulp/sdk/2.14.0/devices/MIMX8UD7/drivers/fsl_sai.c:1273:6:SAI_RxSetFifoConfig	24	static
/nxp/00-imx/imx8ulp/sdk/2.14.0/devices/MIMX8UD7/drivers/fsl_sai.c:1315:6:SAI_TxSetFrameSyncConfig	32	static
/nxp/00-imx/imx8ulp/sdk/2.14.0/devices/MIMX8UD7/drivers/fsl_sai.c:1344:6:SAI_RxSetFrameSyncConfig	32	static
/nxp/00-imx/imx8ulp/sdk/2.14.0/devices/MIMX8UD7/drivers/fsl_sai.c:1372:6:SAI_TxSetSerialDataConfig	24	static
/nxp/00-imx/imx8ulp/sdk/2.14.0/devices/MIMX8UD7/drivers/fsl_sai.c:1406:6:SAI_RxSetSerialDataConfig	24	static
/nxp/00-imx/imx8ulp/sdk/2.14.0/devices/MIMX8UD7/drivers/fsl_sai.c:1428:6:SAI_TxSetConfig	24	static
/nxp/00-imx/imx8ulp/sdk/2.14.0/devices/MIMX8UD7/drivers/fsl_sai.c:1530:6:SAI_TransferTxSetConfig	24	static
/nxp/00-imx/imx8ulp/sdk/2.14.0/devices/MIMX8UD7/drivers/fsl_sai.c:1562:6:SAI_RxSetConfig	24	static
/nxp/00-imx/imx8ulp/sdk/2.14.0/devices/MIMX8UD7/drivers/fsl_sai.c:1665:6:SAI_TransferRxSetConfig	24	static
/nxp/00-imx/imx8ulp/sdk/2.14.0/devices/MIMX8UD7/drivers/fsl_sai.c:1698:6:SAI_GetClassicI2SConfig	24	static
/nxp/00-imx/imx8ulp/sdk/2.14.0/devices/MIMX8UD7/drivers/fsl_sai.c:1714:6:SAI_GetLeftJustifiedConfig	24	static
/nxp/00-imx/imx8ulp/sdk/2.14.0/devices/MIMX8UD7/drivers/fsl_sai.c:1736:6:SAI_GetRightJustifiedConfig	24	static
/nxp/00-imx/imx8ulp/sdk/2.14.0/devices/MIMX8UD7/drivers/fsl_sai.c:1773:6:SAI_GetDSPConfig	16	static
/nxp/00-imx/imx8ulp/sdk/2.14.0/devices/MIMX8UD7/drivers/fsl_sai.c:1806:6:SAI_GetTDMConfig	24	static
/nxp/00-imx/imx8ulp/sdk/2.14.0/devices/MIMX8UD7/drivers/fsl_sai.c:1849:6:SAI_TxSetFormat	40	static
/nxp/00-imx/imx8ulp/sdk/2.14.0/devices/MIMX8UD7/drivers/fsl_sai.c:1992:6:SAI_RxSetFormat	40	static
/nxp/00-imx/imx8ulp/sdk/2.14.0/devices/MIMX8UD7/drivers/fsl_sai.c:2133:6:SAI_WriteBlocking	48	static
/nxp/00-imx/imx8ulp/sdk/2.14.0/devices/MIMX8UD7/drivers/fsl_sai.c:2171:6:SAI_WriteMultiChannelBlocking	64	static
/nxp/00-imx/imx8ulp/sdk/2.14.0/devices/MIMX8UD7/drivers/fsl_sai.c:2226:6:SAI_ReadMultiChannelBlocking	64	static
/nxp/00-imx/imx8ulp/sdk/2.14.0/devices/MIMX8UD7/drivers/fsl_sai.c:2273:6:SAI_ReadBlocking	48	static
/nxp/00-imx/imx8ulp/sdk/2.14.0/devices/MIMX8UD7/drivers/fsl_sai.c:2305:6:SAI_TransferTxCreateHandle	24	static
/nxp/00-imx/imx8ulp/sdk/2.14.0/devices/MIMX8UD7/drivers/fsl_sai.c:2336:6:SAI_TransferRxCreateHandle	24	static
/nxp/00-imx/imx8ulp/sdk/2.14.0/devices/MIMX8UD7/drivers/fsl_sai.c:2372:10:SAI_TransferTxSetFormat	24	static
/nxp/00-imx/imx8ulp/sdk/2.14.0/devices/MIMX8UD7/drivers/fsl_sai.c:2422:10:SAI_TransferRxSetFormat	24	static
/nxp/00-imx/imx8ulp/sdk/2.14.0/devices/MIMX8UD7/drivers/fsl_sai.c:2471:10:SAI_TransferSendNonBlocking	24	static
/nxp/00-imx/imx8ulp/sdk/2.14.0/devices/MIMX8UD7/drivers/fsl_sai.c:2520:10:SAI_TransferReceiveNonBlocking	24	static
/nxp/00-imx/imx8ulp/sdk/2.14.0/devices/MIMX8UD7/drivers/fsl_sai.c:2563:10:SAI_TransferGetSendCount	32	static
/nxp/00-imx/imx8ulp/sdk/2.14.0/devices/MIMX8UD7/drivers/fsl_sai.c:2591:10:SAI_TransferGetReceiveCount	32	static
/nxp/00-imx/imx8ulp/sdk/2.14.0/devices/MIMX8UD7/drivers/fsl_sai.c:2619:6:SAI_TransferAbortSend	16	static
/nxp/00-imx/imx8ulp/sdk/2.14.0/devices/MIMX8UD7/drivers/fsl_sai.c:2649:6:SAI_TransferAbortReceive	16	static
/nxp/00-imx/imx8ulp/sdk/2.14.0/devices/MIMX8UD7/drivers/fsl_sai.c:2679:6:SAI_TransferTerminateSend	16	static
/nxp/00-imx/imx8ulp/sdk/2.14.0/devices/MIMX8UD7/drivers/fsl_sai.c:2703:6:SAI_TransferTerminateReceive	16	static
/nxp/00-imx/imx8ulp/sdk/2.14.0/devices/MIMX8UD7/drivers/fsl_sai.c:2724:6:SAI_TransferTxHandleIRQ	56	static
/nxp/00-imx/imx8ulp/sdk/2.14.0/devices/MIMX8UD7/drivers/fsl_sai.c:2801:6:SAI_TransferRxHandleIRQ	56	static
/nxp/00-imx/imx8ulp/sdk/2.14.0/devices/MIMX8UD7/drivers/fsl_sai.c:3623:6:SAI0_DriverIRQHandler	8	static
/nxp/00-imx/imx8ulp/sdk/2.14.0/devices/MIMX8UD7/drivers/fsl_sai.c:3651:6:SAI1_DriverIRQHandler	8	static
/nxp/00-imx/imx8ulp/sdk/2.14.0/devices/MIMX8UD7/drivers/fsl_sai.c:3679:6:SAI2_DriverIRQHandler	8	static
/nxp/00-imx/imx8ulp/sdk/2.14.0/devices/MIMX8UD7/drivers/fsl_sai.c:3707:6:SAI3_DriverIRQHandler	8	static
/nxp/00-imx/imx8ulp/sdk/2.14.0/devices/MIMX8UD7/drivers/fsl_sai.c:3733:6:SAI3_TX_DriverIRQHandler	8	static
/nxp/00-imx/imx8ulp/sdk/2.14.0/devices/MIMX8UD7/drivers/fsl_sai.c:3741:6:SAI3_RX_DriverIRQHandler	8	static
/nxp/00-imx/imx8ulp/sdk/2.14.0/devices/MIMX8UD7/drivers/fsl_sai.c:3751:6:SAI4_DriverIRQHandler	8	static
/nxp/00-imx/imx8ulp/sdk/2.14.0/devices/MIMX8UD7/drivers/fsl_sai.c:3779:6:SAI5_DriverIRQHandler	8	static
/nxp/00-imx/imx8ulp/sdk/2.14.0/devices/MIMX8UD7/drivers/fsl_sai.c:3807:6:SAI6_DriverIRQHandler	8	static
