/nxp/00-imx/imx8ulp/sdk/2.14.0/CMSIS/Core/Include/./core_cm33.h:2378:22:__NVIC_EnableIRQ	16	static
/nxp/00-imx/imx8ulp/sdk/2.14.0/devices/MIMX8UD7/drivers/fsl_clock.h:1537:20:CLOCK_EnableClock	16	static
/nxp/00-imx/imx8ulp/sdk/2.14.0/devices/MIMX8UD7/drivers/fsl_common_arm.h:514:24:EnableIRQ	24	static
/nxp/00-imx/imx8ulp/sdk/2.14.0/devices/MIMX8UD7/drivers/fsl_flexspi.h:431:20:FLEXSPI_SoftwareReset	16	static
/nxp/00-imx/imx8ulp/sdk/2.14.0/devices/MIMX8UD7/drivers/fsl_flexspi.h:469:20:FLEXSPI_EnableInterrupts	16	static
/nxp/00-imx/imx8ulp/sdk/2.14.0/devices/MIMX8UD7/drivers/fsl_flexspi.h:480:20:FLEXSPI_DisableInterrupts	16	static
/nxp/00-imx/imx8ulp/sdk/2.14.0/devices/MIMX8UD7/drivers/fsl_flexspi.h:615:20:FLEXSPI_ClearInterruptStatusFlags	16	static
/nxp/00-imx/imx8ulp/sdk/2.14.0/devices/MIMX8UD7/drivers/fsl_flexspi.h:686:20:FLEXSPI_GetBusIdleStatus	16	static
/nxp/00-imx/imx8ulp/sdk/2.14.0/devices/MIMX8UD7/drivers/fsl_flexspi.c:118:13:FLEXSPI_Memset	32	static
/nxp/00-imx/imx8ulp/sdk/2.14.0/devices/MIMX8UD7/drivers/fsl_flexspi.c:130:10:FLEXSPI_GetInstance	24	static
/nxp/00-imx/imx8ulp/sdk/2.14.0/devices/MIMX8UD7/drivers/fsl_flexspi.c:148:17:FLEXSPI_CalculateDll	40	static
/nxp/00-imx/imx8ulp/sdk/2.14.0/devices/MIMX8UD7/drivers/fsl_flexspi.c:210:10:FLEXSPI_CheckAndClearError	24	static
/nxp/00-imx/imx8ulp/sdk/2.14.0/devices/MIMX8UD7/drivers/fsl_flexspi.c:252:6:FLEXSPI_Init	24	static
/nxp/00-imx/imx8ulp/sdk/2.14.0/devices/MIMX8UD7/drivers/fsl_flexspi.c:358:6:FLEXSPI_GetDefaultConfig	24	static
/nxp/00-imx/imx8ulp/sdk/2.14.0/devices/MIMX8UD7/drivers/fsl_flexspi.c:416:6:FLEXSPI_Deinit	16	static
/nxp/00-imx/imx8ulp/sdk/2.14.0/devices/MIMX8UD7/drivers/fsl_flexspi.c:429:6:FLEXSPI_UpdateDllValue	40	static
/nxp/00-imx/imx8ulp/sdk/2.14.0/devices/MIMX8UD7/drivers/fsl_flexspi.c:491:6:FLEXSPI_SetFlashConfig	32	static
/nxp/00-imx/imx8ulp/sdk/2.14.0/devices/MIMX8UD7/drivers/fsl_flexspi.c:584:6:FLEXSPI_UpdateLUT	32	static
/nxp/00-imx/imx8ulp/sdk/2.14.0/devices/MIMX8UD7/drivers/fsl_flexspi.c:620:6:FLEXSPI_UpdateRxSampleClock	24	static
/nxp/00-imx/imx8ulp/sdk/2.14.0/devices/MIMX8UD7/drivers/fsl_flexspi.c:649:10:FLEXSPI_WriteBlocking	48	static
/nxp/00-imx/imx8ulp/sdk/2.14.0/devices/MIMX8UD7/drivers/fsl_flexspi.c:728:10:FLEXSPI_ReadBlocking	48	static
/nxp/00-imx/imx8ulp/sdk/2.14.0/devices/MIMX8UD7/drivers/fsl_flexspi.c:833:10:FLEXSPI_TransferBlocking	24	static
/nxp/00-imx/imx8ulp/sdk/2.14.0/devices/MIMX8UD7/drivers/fsl_flexspi.c:901:6:FLEXSPI_TransferCreateHandle	32	static
/nxp/00-imx/imx8ulp/sdk/2.14.0/devices/MIMX8UD7/drivers/fsl_flexspi.c:942:10:FLEXSPI_TransferNonBlocking	32	static
/nxp/00-imx/imx8ulp/sdk/2.14.0/devices/MIMX8UD7/drivers/fsl_flexspi.c:1019:10:FLEXSPI_TransferGetCount	32	static
/nxp/00-imx/imx8ulp/sdk/2.14.0/devices/MIMX8UD7/drivers/fsl_flexspi.c:1046:6:FLEXSPI_TransferAbort	16	static
/nxp/00-imx/imx8ulp/sdk/2.14.0/devices/MIMX8UD7/drivers/fsl_flexspi.c:1060:6:FLEXSPI_TransferHandleIRQ	64	static
/nxp/00-imx/imx8ulp/sdk/2.14.0/devices/MIMX8UD7/drivers/fsl_flexspi.c:1219:6:FLEXSPI0_DriverIRQHandler	8	static
/nxp/00-imx/imx8ulp/sdk/2.14.0/devices/MIMX8UD7/drivers/fsl_flexspi.c:1227:6:FLEXSPI1_DriverIRQHandler	8	static
/nxp/00-imx/imx8ulp/sdk/2.14.0/devices/MIMX8UD7/drivers/fsl_flexspi.c:1235:6:FLEXSPI2_DriverIRQHandler	8	static
