/nxp/00-imx/imx8ulp/sdk/2.14.0/devices/MIMX8UD7/drivers/fsl_clock.c:220:17:CLOCK_GetPccInstance	24	static
/nxp/00-imx/imx8ulp/sdk/2.14.0/devices/MIMX8UD7/drivers/fsl_clock.c:253:17:CLOCK_GetMclkFreq	16	static
/nxp/00-imx/imx8ulp/sdk/2.14.0/devices/MIMX8UD7/drivers/fsl_clock.c:260:17:CLOCK_GetSaiRxBclkFreq	16	static
/nxp/00-imx/imx8ulp/sdk/2.14.0/devices/MIMX8UD7/drivers/fsl_clock.c:267:17:CLOCK_GetSaiTxBclkFreq	16	static
/nxp/00-imx/imx8ulp/sdk/2.14.0/devices/MIMX8UD7/drivers/fsl_clock.c:274:17:CLOCK_GetSpdifRxFreq	8	static
/nxp/00-imx/imx8ulp/sdk/2.14.0/devices/MIMX8UD7/drivers/fsl_clock.c:291:6:CLOCK_SetIpSrc	32	static
/nxp/00-imx/imx8ulp/sdk/2.14.0/devices/MIMX8UD7/drivers/fsl_clock.c:504:6:CLOCK_SetIpSrcDiv	40	static
/nxp/00-imx/imx8ulp/sdk/2.14.0/devices/MIMX8UD7/drivers/fsl_clock.c:531:10:CLOCK_GetLvdsClkFreq	8	static
/nxp/00-imx/imx8ulp/sdk/2.14.0/devices/MIMX8UD7/drivers/fsl_clock.c:542:10:CLOCK_GetCm33SlowClkFreq	8	static
/nxp/00-imx/imx8ulp/sdk/2.14.0/devices/MIMX8UD7/drivers/fsl_clock.c:552:10:CLOCK_GetCm33BusClkFreq	8	static
/nxp/00-imx/imx8ulp/sdk/2.14.0/devices/MIMX8UD7/drivers/fsl_clock.c:562:10:CLOCK_GetCm33CorePlatClkFreq	8	static
/nxp/00-imx/imx8ulp/sdk/2.14.0/devices/MIMX8UD7/drivers/fsl_clock.c:572:10:CLOCK_GetFusionDspSlowClkFreq	8	static
/nxp/00-imx/imx8ulp/sdk/2.14.0/devices/MIMX8UD7/drivers/fsl_clock.c:582:10:CLOCK_GetFusionDspBusClkFreq	8	static
/nxp/00-imx/imx8ulp/sdk/2.14.0/devices/MIMX8UD7/drivers/fsl_clock.c:592:10:CLOCK_GetFusionDspCorePlatClkFreq	8	static
/nxp/00-imx/imx8ulp/sdk/2.14.0/devices/MIMX8UD7/drivers/fsl_clock.c:604:10:CLOCK_GetXbarBusClkFreq	40	static
/nxp/00-imx/imx8ulp/sdk/2.14.0/devices/MIMX8UD7/drivers/fsl_clock.c:647:10:CLOCK_GetHifiDspSysClkFreq	32	static
/nxp/00-imx/imx8ulp/sdk/2.14.0/devices/MIMX8UD7/drivers/fsl_clock.c:698:10:CLOCK_GetLpavSysClkFreq	32	static
/nxp/00-imx/imx8ulp/sdk/2.14.0/devices/MIMX8UD7/drivers/fsl_clock.c:748:10:CLOCK_GetDdrClkFreq	24	static
/nxp/00-imx/imx8ulp/sdk/2.14.0/devices/MIMX8UD7/drivers/fsl_clock.c:788:10:CLOCK_GetFreq	24	static
/nxp/00-imx/imx8ulp/sdk/2.14.0/devices/MIMX8UD7/drivers/fsl_clock.c:1059:17:CLOCK_GetPcc0PlatFreq	24	static
/nxp/00-imx/imx8ulp/sdk/2.14.0/devices/MIMX8UD7/drivers/fsl_clock.c:1088:17:CLOCK_GetPcc0BusFreq	24	static
/nxp/00-imx/imx8ulp/sdk/2.14.0/devices/MIMX8UD7/drivers/fsl_clock.c:1123:17:CLOCK_GetPcc1PlatFreq	16	static
/nxp/00-imx/imx8ulp/sdk/2.14.0/devices/MIMX8UD7/drivers/fsl_clock.c:1128:17:CLOCK_GetPcc1BusFreq	24	static
/nxp/00-imx/imx8ulp/sdk/2.14.0/devices/MIMX8UD7/drivers/fsl_clock.c:1144:17:CLOCK_GetPcc2BusFreq	24	static
/nxp/00-imx/imx8ulp/sdk/2.14.0/devices/MIMX8UD7/drivers/fsl_clock.c:1179:17:CLOCK_GetPcc3BusFreq	24	static
/nxp/00-imx/imx8ulp/sdk/2.14.0/devices/MIMX8UD7/drivers/fsl_clock.c:1214:17:CLOCK_GetPcc4PlatFreq	24	static
/nxp/00-imx/imx8ulp/sdk/2.14.0/devices/MIMX8UD7/drivers/fsl_clock.c:1249:17:CLOCK_GetPcc4BusFreq	24	static
/nxp/00-imx/imx8ulp/sdk/2.14.0/devices/MIMX8UD7/drivers/fsl_clock.c:1281:17:CLOCK_GetPcc5PlatFreq	24	static
/nxp/00-imx/imx8ulp/sdk/2.14.0/devices/MIMX8UD7/drivers/fsl_clock.c:1316:17:CLOCK_GetPcc5BusFreq	24	static
/nxp/00-imx/imx8ulp/sdk/2.14.0/devices/MIMX8UD7/drivers/fsl_clock.c:1348:17:CLOCK_GetPccFreq	32	static
/nxp/00-imx/imx8ulp/sdk/2.14.0/devices/MIMX8UD7/drivers/fsl_clock.c:1498:10:CLOCK_GetIpFreq	32	static
/nxp/00-imx/imx8ulp/sdk/2.14.0/devices/MIMX8UD7/drivers/fsl_clock.c:1611:10:CLOCK_GetRtdSysClkFreq	32	static
/nxp/00-imx/imx8ulp/sdk/2.14.0/devices/MIMX8UD7/drivers/fsl_clock.c:1672:10:CLOCK_GetCm33SysClkFreq	16	static
/nxp/00-imx/imx8ulp/sdk/2.14.0/devices/MIMX8UD7/drivers/fsl_clock.c:1686:10:CLOCK_GetFusionDspSysClkFreq	16	static
/nxp/00-imx/imx8ulp/sdk/2.14.0/devices/MIMX8UD7/drivers/fsl_clock.c:1705:10:CLOCK_InitSysOsc	24	static
/nxp/00-imx/imx8ulp/sdk/2.14.0/devices/MIMX8UD7/drivers/fsl_clock.c:1748:10:CLOCK_DeinitSysOsc	16	static
/nxp/00-imx/imx8ulp/sdk/2.14.0/devices/MIMX8UD7/drivers/fsl_clock.c:1772:13:CLOCK_SetSysOscAsyncClkDiv	24	static
/nxp/00-imx/imx8ulp/sdk/2.14.0/devices/MIMX8UD7/drivers/fsl_clock.c:1807:6:CLOCK_SetRtdSysOscAsyncClkDiv	16	static
/nxp/00-imx/imx8ulp/sdk/2.14.0/devices/MIMX8UD7/drivers/fsl_clock.c:1821:6:CLOCK_SetAdSysOscAsyncClkDiv	16	static
/nxp/00-imx/imx8ulp/sdk/2.14.0/devices/MIMX8UD7/drivers/fsl_clock.c:1835:6:CLOCK_SetLpavSysOscAsyncClkDiv	16	static
/nxp/00-imx/imx8ulp/sdk/2.14.0/devices/MIMX8UD7/drivers/fsl_clock.c:1845:10:CLOCK_GetSysOscFreq	16	static
/nxp/00-imx/imx8ulp/sdk/2.14.0/devices/MIMX8UD7/drivers/fsl_clock.c:1863:17:CLOCK_GetSysOscAsyncFreq	32	static
/nxp/00-imx/imx8ulp/sdk/2.14.0/devices/MIMX8UD7/drivers/fsl_clock.c:1907:10:CLOCK_GetRtdSysOscAsyncFreq	16	static
/nxp/00-imx/imx8ulp/sdk/2.14.0/devices/MIMX8UD7/drivers/fsl_clock.c:1918:10:CLOCK_GetAdSysOscAsyncFreq	16	static
/nxp/00-imx/imx8ulp/sdk/2.14.0/devices/MIMX8UD7/drivers/fsl_clock.c:1929:10:CLOCK_GetLpavSysOscAsyncFreq	16	static
/nxp/00-imx/imx8ulp/sdk/2.14.0/devices/MIMX8UD7/drivers/fsl_clock.c:1948:10:CLOCK_InitFro	24	static
/nxp/00-imx/imx8ulp/sdk/2.14.0/devices/MIMX8UD7/drivers/fsl_clock.c:1985:10:CLOCK_DeinitFro	16	static
/nxp/00-imx/imx8ulp/sdk/2.14.0/devices/MIMX8UD7/drivers/fsl_clock.c:2009:13:CLOCK_SetFroAsyncClkDiv	24	static
/nxp/00-imx/imx8ulp/sdk/2.14.0/devices/MIMX8UD7/drivers/fsl_clock.c:2044:6:CLOCK_SetRtdFroAsyncClkDiv	16	static
/nxp/00-imx/imx8ulp/sdk/2.14.0/devices/MIMX8UD7/drivers/fsl_clock.c:2058:6:CLOCK_SetAdFroAsyncClkDiv	16	static
/nxp/00-imx/imx8ulp/sdk/2.14.0/devices/MIMX8UD7/drivers/fsl_clock.c:2072:6:CLOCK_SetLpavFroAsyncClkDiv	16	static
/nxp/00-imx/imx8ulp/sdk/2.14.0/devices/MIMX8UD7/drivers/fsl_clock.c:2080:6:CLOCK_EnableFroTuning	144	static
/nxp/00-imx/imx8ulp/sdk/2.14.0/devices/MIMX8UD7/drivers/fsl_clock.c:2128:10:CLOCK_GetFroFreq	16	static
/nxp/00-imx/imx8ulp/sdk/2.14.0/devices/MIMX8UD7/drivers/fsl_clock.c:2144:17:CLOCK_GetFroAsyncFreq	32	static
/nxp/00-imx/imx8ulp/sdk/2.14.0/devices/MIMX8UD7/drivers/fsl_clock.c:2187:10:CLOCK_GetRtdFroAsyncFreq	16	static
/nxp/00-imx/imx8ulp/sdk/2.14.0/devices/MIMX8UD7/drivers/fsl_clock.c:2198:10:CLOCK_GetAdFroAsyncFreq	16	static
/nxp/00-imx/imx8ulp/sdk/2.14.0/devices/MIMX8UD7/drivers/fsl_clock.c:2209:10:CLOCK_GetLpavFroAsyncFreq	16	static
/nxp/00-imx/imx8ulp/sdk/2.14.0/devices/MIMX8UD7/drivers/fsl_clock.c:2227:10:CLOCK_InitLposc	24	static
/nxp/00-imx/imx8ulp/sdk/2.14.0/devices/MIMX8UD7/drivers/fsl_clock.c:2263:10:CLOCK_DeinitLposc	16	static
/nxp/00-imx/imx8ulp/sdk/2.14.0/devices/MIMX8UD7/drivers/fsl_clock.c:2287:10:CLOCK_GetLpOscFreq	16	static
/nxp/00-imx/imx8ulp/sdk/2.14.0/devices/MIMX8UD7/drivers/fsl_clock.c:2308:10:CLOCK_GetRtcOscFreq	16	static
/nxp/00-imx/imx8ulp/sdk/2.14.0/devices/MIMX8UD7/drivers/fsl_clock.c:2334:6:CLOCK_SetRtcOscMonitorMode	24	static
/nxp/00-imx/imx8ulp/sdk/2.14.0/devices/MIMX8UD7/drivers/fsl_clock.c:2372:10:CLOCK_InitPll0	24	static
/nxp/00-imx/imx8ulp/sdk/2.14.0/devices/MIMX8UD7/drivers/fsl_clock.c:2420:10:CLOCK_DeinitPll0	16	static
/nxp/00-imx/imx8ulp/sdk/2.14.0/devices/MIMX8UD7/drivers/fsl_clock.c:2453:6:CLOCK_SetPll0AsyncClkDiv	24	static
/nxp/00-imx/imx8ulp/sdk/2.14.0/devices/MIMX8UD7/drivers/fsl_clock.c:2486:17:CLOCK_GetPll0CommonFreq	16	static
/nxp/00-imx/imx8ulp/sdk/2.14.0/devices/MIMX8UD7/drivers/fsl_clock.c:2512:10:CLOCK_GetPll0Freq	16	static
/nxp/00-imx/imx8ulp/sdk/2.14.0/devices/MIMX8UD7/drivers/fsl_clock.c:2534:10:CLOCK_GetPll0AsyncFreq	32	static
/nxp/00-imx/imx8ulp/sdk/2.14.0/devices/MIMX8UD7/drivers/fsl_clock.c:2578:10:CLOCK_GetPll0PfdFreq	56	static
/nxp/00-imx/imx8ulp/sdk/2.14.0/devices/MIMX8UD7/drivers/fsl_clock.c:2631:6:CLOCK_EnablePll0PfdClkout	16	static
/nxp/00-imx/imx8ulp/sdk/2.14.0/devices/MIMX8UD7/drivers/fsl_clock.c:2685:10:CLOCK_InitPll1	24	static
/nxp/00-imx/imx8ulp/sdk/2.14.0/devices/MIMX8UD7/drivers/fsl_clock.c:2736:10:CLOCK_DeinitPll1	16	static
/nxp/00-imx/imx8ulp/sdk/2.14.0/devices/MIMX8UD7/drivers/fsl_clock.c:2770:6:CLOCK_SetPll1AsyncClkDiv	24	static
/nxp/00-imx/imx8ulp/sdk/2.14.0/devices/MIMX8UD7/drivers/fsl_clock.c:2803:17:CLOCK_GetPll1CommonFreq	80	static
/nxp/00-imx/imx8ulp/sdk/2.14.0/devices/MIMX8UD7/drivers/fsl_clock.c:2833:10:CLOCK_GetPll1Freq	16	static
/nxp/00-imx/imx8ulp/sdk/2.14.0/devices/MIMX8UD7/drivers/fsl_clock.c:2855:10:CLOCK_GetPll1AsyncFreq	32	static
/nxp/00-imx/imx8ulp/sdk/2.14.0/devices/MIMX8UD7/drivers/fsl_clock.c:2899:10:CLOCK_GetPll1PfdFreq	56	static
/nxp/00-imx/imx8ulp/sdk/2.14.0/devices/MIMX8UD7/drivers/fsl_clock.c:2954:6:CLOCK_EnablePll1PfdClkout	16	static
/nxp/00-imx/imx8ulp/sdk/2.14.0/devices/MIMX8UD7/drivers/fsl_clock.c:2979:17:CLOCK_GetPll3CommonFreq	80	static
/nxp/00-imx/imx8ulp/sdk/2.14.0/devices/MIMX8UD7/drivers/fsl_clock.c:3009:10:CLOCK_GetPll3Freq	16	static
/nxp/00-imx/imx8ulp/sdk/2.14.0/devices/MIMX8UD7/drivers/fsl_clock.c:3031:10:CLOCK_GetPll3AsyncFreq	32	static
/nxp/00-imx/imx8ulp/sdk/2.14.0/devices/MIMX8UD7/drivers/fsl_clock.c:3099:10:CLOCK_GetPll3PfdFreq	56	static
/nxp/00-imx/imx8ulp/sdk/2.14.0/devices/MIMX8UD7/drivers/fsl_clock.c:3166:10:CLOCK_InitPll4	24	static
/nxp/00-imx/imx8ulp/sdk/2.14.0/devices/MIMX8UD7/drivers/fsl_clock.c:3229:10:CLOCK_DeinitPll4	16	static
/nxp/00-imx/imx8ulp/sdk/2.14.0/devices/MIMX8UD7/drivers/fsl_clock.c:3263:6:CLOCK_SetPll4AsyncClkDiv	24	static
/nxp/00-imx/imx8ulp/sdk/2.14.0/devices/MIMX8UD7/drivers/fsl_clock.c:3338:17:CLOCK_GetPll4CommonFreq	80	static
/nxp/00-imx/imx8ulp/sdk/2.14.0/devices/MIMX8UD7/drivers/fsl_clock.c:3368:10:CLOCK_GetPll4Freq	16	static
/nxp/00-imx/imx8ulp/sdk/2.14.0/devices/MIMX8UD7/drivers/fsl_clock.c:3390:10:CLOCK_GetPll4AsyncFreq	32	static
/nxp/00-imx/imx8ulp/sdk/2.14.0/devices/MIMX8UD7/drivers/fsl_clock.c:3458:10:CLOCK_GetPll4PfdFreq	56	static
/nxp/00-imx/imx8ulp/sdk/2.14.0/devices/MIMX8UD7/drivers/fsl_clock.c:3519:6:CLOCK_EnablePll4PfdClkout	16	static
/nxp/00-imx/imx8ulp/sdk/2.14.0/devices/MIMX8UD7/drivers/fsl_clock.c:3550:10:CLOCK_GetWdogClkFreq	24	static
/nxp/00-imx/imx8ulp/sdk/2.14.0/devices/MIMX8UD7/drivers/fsl_clock.c:3588:10:CLOCK_GetFlexspiClkFreq	24	static
/nxp/00-imx/imx8ulp/sdk/2.14.0/devices/MIMX8UD7/drivers/fsl_clock.c:3617:10:CLOCK_GetLpitClkFreq	16	static
/nxp/00-imx/imx8ulp/sdk/2.14.0/devices/MIMX8UD7/drivers/fsl_clock.c:3633:10:CLOCK_GetFlexioClkFreq	16	static
/nxp/00-imx/imx8ulp/sdk/2.14.0/devices/MIMX8UD7/drivers/fsl_clock.c:3650:10:CLOCK_GetI3cClkFreq	24	static
/nxp/00-imx/imx8ulp/sdk/2.14.0/devices/MIMX8UD7/drivers/fsl_clock.c:3680:10:CLOCK_GetLpspiClkFreq	24	static
/nxp/00-imx/imx8ulp/sdk/2.14.0/devices/MIMX8UD7/drivers/fsl_clock.c:3718:10:CLOCK_GetAdcClkFreq	24	static
/nxp/00-imx/imx8ulp/sdk/2.14.0/devices/MIMX8UD7/drivers/fsl_clock.c:3748:10:CLOCK_GetDacClkFreq	24	static
/nxp/00-imx/imx8ulp/sdk/2.14.0/devices/MIMX8UD7/drivers/fsl_clock.c:3777:10:CLOCK_GetTpiuClkFreq	16	static
/nxp/00-imx/imx8ulp/sdk/2.14.0/devices/MIMX8UD7/drivers/fsl_clock.c:3792:10:CLOCK_GetSwoClkFreq	16	static
/nxp/00-imx/imx8ulp/sdk/2.14.0/devices/MIMX8UD7/drivers/fsl_clock.c:3802:17:CLOCK_GetTpm2ClkFreq	24	static
/nxp/00-imx/imx8ulp/sdk/2.14.0/devices/MIMX8UD7/drivers/fsl_clock.c:3825:17:CLOCK_GetTpm3ClkFreq	24	static
/nxp/00-imx/imx8ulp/sdk/2.14.0/devices/MIMX8UD7/drivers/fsl_clock.c:3851:17:CLOCK_GetTpm67ClkFreq	24	static
/nxp/00-imx/imx8ulp/sdk/2.14.0/devices/MIMX8UD7/drivers/fsl_clock.c:3877:17:CLOCK_GetTpm8ClkFreq	24	static
/nxp/00-imx/imx8ulp/sdk/2.14.0/devices/MIMX8UD7/drivers/fsl_clock.c:3915:10:CLOCK_GetTpmClkFreq	32	static
/nxp/00-imx/imx8ulp/sdk/2.14.0/devices/MIMX8UD7/drivers/fsl_clock.c:3974:10:CLOCK_GetLpi2cClkFreq	24	static
/nxp/00-imx/imx8ulp/sdk/2.14.0/devices/MIMX8UD7/drivers/fsl_clock.c:4012:10:CLOCK_GetLpuartClkFreq	24	static
/nxp/00-imx/imx8ulp/sdk/2.14.0/devices/MIMX8UD7/drivers/fsl_clock.c:4049:10:CLOCK_GetFlexcanClkFreq	16	static
/nxp/00-imx/imx8ulp/sdk/2.14.0/devices/MIMX8UD7/drivers/fsl_clock.c:4060:10:CLOCK_GetCsiClkFreq	16	static
/nxp/00-imx/imx8ulp/sdk/2.14.0/devices/MIMX8UD7/drivers/fsl_clock.c:4071:10:CLOCK_GetDsiClkFreq	16	static
/nxp/00-imx/imx8ulp/sdk/2.14.0/devices/MIMX8UD7/drivers/fsl_clock.c:4082:10:CLOCK_GetEpdcClkFreq	16	static
/nxp/00-imx/imx8ulp/sdk/2.14.0/devices/MIMX8UD7/drivers/fsl_clock.c:4093:10:CLOCK_GetGpu2dClkFreq	16	static
/nxp/00-imx/imx8ulp/sdk/2.14.0/devices/MIMX8UD7/drivers/fsl_clock.c:4104:10:CLOCK_GetGpu3dClkFreq	16	static
/nxp/00-imx/imx8ulp/sdk/2.14.0/devices/MIMX8UD7/drivers/fsl_clock.c:4115:10:CLOCK_GetDcnanoClkFreq	16	static
/nxp/00-imx/imx8ulp/sdk/2.14.0/devices/MIMX8UD7/drivers/fsl_clock.c:4126:10:CLOCK_GetCsiUiClkFreq	16	static
/nxp/00-imx/imx8ulp/sdk/2.14.0/devices/MIMX8UD7/drivers/fsl_clock.c:4137:10:CLOCK_GetCsiEscClkFreq	16	static
/nxp/00-imx/imx8ulp/sdk/2.14.0/devices/MIMX8UD7/drivers/fsl_clock.c:4144:17:CLOCK_GetCm33SaiClkFreq	24	static
/nxp/00-imx/imx8ulp/sdk/2.14.0/devices/MIMX8UD7/drivers/fsl_clock.c:4172:17:CLOCK_GetFusionSaiClkFreq	24	static
/nxp/00-imx/imx8ulp/sdk/2.14.0/devices/MIMX8UD7/drivers/fsl_clock.c:4200:17:CLOCK_GetAdSaiClkFreq	24	static
/nxp/00-imx/imx8ulp/sdk/2.14.0/devices/MIMX8UD7/drivers/fsl_clock.c:4228:17:CLOCK_GetLpavSaiClkFreq	24	static
/nxp/00-imx/imx8ulp/sdk/2.14.0/devices/MIMX8UD7/drivers/fsl_clock.c:4266:10:CLOCK_GetRtdAudClkFreq	16	static
/nxp/00-imx/imx8ulp/sdk/2.14.0/devices/MIMX8UD7/drivers/fsl_clock.c:4315:10:CLOCK_GetAdAudClkFreq	16	static
/nxp/00-imx/imx8ulp/sdk/2.14.0/devices/MIMX8UD7/drivers/fsl_clock.c:4349:10:CLOCK_GetLpavAudClkFreq	16	static
/nxp/00-imx/imx8ulp/sdk/2.14.0/devices/MIMX8UD7/drivers/fsl_clock.c:4387:10:CLOCK_GetSaiFreq	24	static
/nxp/00-imx/imx8ulp/sdk/2.14.0/devices/MIMX8UD7/drivers/fsl_clock.c:4429:10:CLOCK_GetSpdifFreq	8	static
/nxp/00-imx/imx8ulp/sdk/2.14.0/devices/MIMX8UD7/drivers/fsl_clock.c:4440:10:CLOCK_GetMqsFreq	24	static
/nxp/00-imx/imx8ulp/sdk/2.14.0/devices/MIMX8UD7/drivers/fsl_clock.c:4466:10:CLOCK_GetMicfilFreq	16	static
/nxp/00-imx/imx8ulp/sdk/2.14.0/devices/MIMX8UD7/drivers/fsl_clock.c:4503:10:CLOCK_GetMrtFreq	8	static
