/nxp/00-imx/imx8ulp/sdk/2.14.0/middleware/multicore/rpmsg_lite/lib/include/rpmsg_default_config.h:175:20:RL_HANG	4	static
/nxp/00-imx/imx8ulp/sdk/2.14.0/middleware/multicore/rpmsg_lite/lib/rpmsg_lite/porting/environment/rpmsg_env_freertos.c:106:16:env_in_isr	8	static
/nxp/00-imx/imx8ulp/sdk/2.14.0/middleware/multicore/rpmsg_lite/lib/rpmsg_lite/porting/environment/rpmsg_env_freertos.c:122:10:env_wait_for_link_up	40	static
/nxp/00-imx/imx8ulp/sdk/2.14.0/middleware/multicore/rpmsg_lite/lib/rpmsg_lite/porting/environment/rpmsg_env_freertos.c:152:6:env_tx_callback	24	static
/nxp/00-imx/imx8ulp/sdk/2.14.0/middleware/multicore/rpmsg_lite/lib/rpmsg_lite/porting/environment/rpmsg_env_freertos.c:172:9:env_init	16	static
/nxp/00-imx/imx8ulp/sdk/2.14.0/middleware/multicore/rpmsg_lite/lib/rpmsg_lite/porting/environment/rpmsg_env_freertos.c:230:9:env_deinit	16	static
/nxp/00-imx/imx8ulp/sdk/2.14.0/middleware/multicore/rpmsg_lite/lib/rpmsg_lite/porting/environment/rpmsg_env_freertos.c:271:7:env_allocate_memory	16	static
/nxp/00-imx/imx8ulp/sdk/2.14.0/middleware/multicore/rpmsg_lite/lib/rpmsg_lite/porting/environment/rpmsg_env_freertos.c:281:6:env_free_memory	16	static
/nxp/00-imx/imx8ulp/sdk/2.14.0/middleware/multicore/rpmsg_lite/lib/rpmsg_lite/porting/environment/rpmsg_env_freertos.c:297:6:env_memset	24	static
/nxp/00-imx/imx8ulp/sdk/2.14.0/middleware/multicore/rpmsg_lite/lib/rpmsg_lite/porting/environment/rpmsg_env_freertos.c:310:6:env_memcpy	24	static
/nxp/00-imx/imx8ulp/sdk/2.14.0/middleware/multicore/rpmsg_lite/lib/rpmsg_lite/porting/environment/rpmsg_env_freertos.c:323:9:env_strcmp	16	static
/nxp/00-imx/imx8ulp/sdk/2.14.0/middleware/multicore/rpmsg_lite/lib/rpmsg_lite/porting/environment/rpmsg_env_freertos.c:336:6:env_strncpy	24	static
/nxp/00-imx/imx8ulp/sdk/2.14.0/middleware/multicore/rpmsg_lite/lib/rpmsg_lite/porting/environment/rpmsg_env_freertos.c:349:9:env_strncmp	24	static
/nxp/00-imx/imx8ulp/sdk/2.14.0/middleware/multicore/rpmsg_lite/lib/rpmsg_lite/porting/environment/rpmsg_env_freertos.c:359:6:env_mb	4	static
/nxp/00-imx/imx8ulp/sdk/2.14.0/middleware/multicore/rpmsg_lite/lib/rpmsg_lite/porting/environment/rpmsg_env_freertos.c:367:6:env_rmb	4	static
/nxp/00-imx/imx8ulp/sdk/2.14.0/middleware/multicore/rpmsg_lite/lib/rpmsg_lite/porting/environment/rpmsg_env_freertos.c:375:6:env_wmb	4	static
/nxp/00-imx/imx8ulp/sdk/2.14.0/middleware/multicore/rpmsg_lite/lib/rpmsg_lite/porting/environment/rpmsg_env_freertos.c:385:10:env_map_vatopa	16	static
/nxp/00-imx/imx8ulp/sdk/2.14.0/middleware/multicore/rpmsg_lite/lib/rpmsg_lite/porting/environment/rpmsg_env_freertos.c:395:7:env_map_patova	16	static
/nxp/00-imx/imx8ulp/sdk/2.14.0/middleware/multicore/rpmsg_lite/lib/rpmsg_lite/porting/environment/rpmsg_env_freertos.c:409:9:env_create_mutex	16	static
/nxp/00-imx/imx8ulp/sdk/2.14.0/middleware/multicore/rpmsg_lite/lib/rpmsg_lite/porting/environment/rpmsg_env_freertos.c:439:6:env_delete_mutex	16	static
/nxp/00-imx/imx8ulp/sdk/2.14.0/middleware/multicore/rpmsg_lite/lib/rpmsg_lite/porting/environment/rpmsg_env_freertos.c:450:6:env_lock_mutex	24	static
/nxp/00-imx/imx8ulp/sdk/2.14.0/middleware/multicore/rpmsg_lite/lib/rpmsg_lite/porting/environment/rpmsg_env_freertos.c:464:6:env_unlock_mutex	24	static
/nxp/00-imx/imx8ulp/sdk/2.14.0/middleware/multicore/rpmsg_lite/lib/rpmsg_lite/porting/environment/rpmsg_env_freertos.c:486:9:env_create_sync_lock	16	static
/nxp/00-imx/imx8ulp/sdk/2.14.0/middleware/multicore/rpmsg_lite/lib/rpmsg_lite/porting/environment/rpmsg_env_freertos.c:498:6:env_delete_sync_lock	16	static
/nxp/00-imx/imx8ulp/sdk/2.14.0/middleware/multicore/rpmsg_lite/lib/rpmsg_lite/porting/environment/rpmsg_env_freertos.c:512:6:env_acquire_sync_lock	24	static
/nxp/00-imx/imx8ulp/sdk/2.14.0/middleware/multicore/rpmsg_lite/lib/rpmsg_lite/porting/environment/rpmsg_env_freertos.c:532:6:env_release_sync_lock	24	static
/nxp/00-imx/imx8ulp/sdk/2.14.0/middleware/multicore/rpmsg_lite/lib/rpmsg_lite/porting/environment/rpmsg_env_freertos.c:552:6:env_sleep_msec	16	static
/nxp/00-imx/imx8ulp/sdk/2.14.0/middleware/multicore/rpmsg_lite/lib/rpmsg_lite/porting/environment/rpmsg_env_freertos.c:565:6:env_register_isr	16	static
/nxp/00-imx/imx8ulp/sdk/2.14.0/middleware/multicore/rpmsg_lite/lib/rpmsg_lite/porting/environment/rpmsg_env_freertos.c:581:6:env_unregister_isr	16	static
/nxp/00-imx/imx8ulp/sdk/2.14.0/middleware/multicore/rpmsg_lite/lib/rpmsg_lite/porting/environment/rpmsg_env_freertos.c:598:6:env_enable_interrupt	16	static
/nxp/00-imx/imx8ulp/sdk/2.14.0/middleware/multicore/rpmsg_lite/lib/rpmsg_lite/porting/environment/rpmsg_env_freertos.c:611:6:env_disable_interrupt	16	static
/nxp/00-imx/imx8ulp/sdk/2.14.0/middleware/multicore/rpmsg_lite/lib/rpmsg_lite/porting/environment/rpmsg_env_freertos.c:627:6:env_map_memory	24	static
/nxp/00-imx/imx8ulp/sdk/2.14.0/middleware/multicore/rpmsg_lite/lib/rpmsg_lite/porting/environment/rpmsg_env_freertos.c:639:6:env_disable_cache	8	static
/nxp/00-imx/imx8ulp/sdk/2.14.0/middleware/multicore/rpmsg_lite/lib/rpmsg_lite/porting/environment/rpmsg_env_freertos.c:653:10:env_get_timestamp	16	static
/nxp/00-imx/imx8ulp/sdk/2.14.0/middleware/multicore/rpmsg_lite/lib/rpmsg_lite/porting/environment/rpmsg_env_freertos.c:668:6:env_isr	24	static
/nxp/00-imx/imx8ulp/sdk/2.14.0/middleware/multicore/rpmsg_lite/lib/rpmsg_lite/porting/environment/rpmsg_env_freertos.c:702:9:env_create_queue	24	static
/nxp/00-imx/imx8ulp/sdk/2.14.0/middleware/multicore/rpmsg_lite/lib/rpmsg_lite/porting/environment/rpmsg_env_freertos.c:724:6:env_delete_queue	16	static
/nxp/00-imx/imx8ulp/sdk/2.14.0/middleware/multicore/rpmsg_lite/lib/rpmsg_lite/porting/environment/rpmsg_env_freertos.c:741:9:env_put_queue	32	static
/nxp/00-imx/imx8ulp/sdk/2.14.0/middleware/multicore/rpmsg_lite/lib/rpmsg_lite/porting/environment/rpmsg_env_freertos.c:775:9:env_get_queue	32	static
/nxp/00-imx/imx8ulp/sdk/2.14.0/middleware/multicore/rpmsg_lite/lib/rpmsg_lite/porting/environment/rpmsg_env_freertos.c:807:9:env_get_current_queue_size	16	static
